Archive member included because of file (symbol)

c:/altera/13.0sp1/nios2eds/bin/gnu/h-i686-mingw32/bin/../lib/gcc/nios2-elf/4.1.2\libgcc.a(_fixunsdfsi.o)
                              obj/default/dm9000a.o (__fixunsdfsi)
c:/altera/13.0sp1/nios2eds/bin/gnu/h-i686-mingw32/bin/../lib/gcc/nios2-elf/4.1.2\libgcc.a(_si_to_sf.o)
                              obj/default/iniche_init.o (__floatsisf)
c:/altera/13.0sp1/nios2eds/bin/gnu/h-i686-mingw32/bin/../lib/gcc/nios2-elf/4.1.2\libgcc.a(_sf_to_si.o)
                              obj/default/iniche_init.o (__fixsfsi)
c:/altera/13.0sp1/nios2eds/bin/gnu/h-i686-mingw32/bin/../lib/gcc/nios2-elf/4.1.2\libgcc.a(_usi_to_sf.o)
                              obj/default/iniche_init.o (__floatunsisf)
c:/altera/13.0sp1/nios2eds/bin/gnu/h-i686-mingw32/bin/../lib/gcc/nios2-elf/4.1.2\libgcc.a(_addsub_df.o)
                              c:/altera/13.0sp1/nios2eds/bin/gnu/h-i686-mingw32/bin/../lib/gcc/nios2-elf/4.1.2\libgcc.a(_fixunsdfsi.o) (__subdf3)
c:/altera/13.0sp1/nios2eds/bin/gnu/h-i686-mingw32/bin/../lib/gcc/nios2-elf/4.1.2\libgcc.a(_mul_df.o)
                              obj/default/dm9000a.o (__muldf3)
c:/altera/13.0sp1/nios2eds/bin/gnu/h-i686-mingw32/bin/../lib/gcc/nios2-elf/4.1.2\libgcc.a(_ge_df.o)
                              c:/altera/13.0sp1/nios2eds/bin/gnu/h-i686-mingw32/bin/../lib/gcc/nios2-elf/4.1.2\libgcc.a(_fixunsdfsi.o) (__gedf2)
c:/altera/13.0sp1/nios2eds/bin/gnu/h-i686-mingw32/bin/../lib/gcc/nios2-elf/4.1.2\libgcc.a(_df_to_si.o)
                              c:/altera/13.0sp1/nios2eds/bin/gnu/h-i686-mingw32/bin/../lib/gcc/nios2-elf/4.1.2\libgcc.a(_fixunsdfsi.o) (__fixdfsi)
c:/altera/13.0sp1/nios2eds/bin/gnu/h-i686-mingw32/bin/../lib/gcc/nios2-elf/4.1.2\libgcc.a(_thenan_df.o)
                              c:/altera/13.0sp1/nios2eds/bin/gnu/h-i686-mingw32/bin/../lib/gcc/nios2-elf/4.1.2\libgcc.a(_addsub_df.o) (__thenan_df)
c:/altera/13.0sp1/nios2eds/bin/gnu/h-i686-mingw32/bin/../lib/gcc/nios2-elf/4.1.2\libgcc.a(_usi_to_df.o)
                              obj/default/dm9000a.o (__floatunsidf)
c:/altera/13.0sp1/nios2eds/bin/gnu/h-i686-mingw32/bin/../lib/gcc/nios2-elf/4.1.2\libgcc.a(_muldi3.o)
                              c:/altera/13.0sp1/nios2eds/bin/gnu/h-i686-mingw32/bin/../lib/gcc/nios2-elf/4.1.2\libgcc.a(_mul_df.o) (__muldi3)
c:/altera/13.0sp1/nios2eds/bin/gnu/h-i686-mingw32/bin/../lib/gcc/nios2-elf/4.1.2\libgcc.a(_clzsi2.o)
                              c:/altera/13.0sp1/nios2eds/bin/gnu/h-i686-mingw32/bin/../lib/gcc/nios2-elf/4.1.2\libgcc.a(_si_to_sf.o) (__clzsi2)
c:/altera/13.0sp1/nios2eds/bin/gnu/h-i686-mingw32/bin/../lib/gcc/nios2-elf/4.1.2\libgcc.a(_pack_sf.o)
                              c:/altera/13.0sp1/nios2eds/bin/gnu/h-i686-mingw32/bin/../lib/gcc/nios2-elf/4.1.2\libgcc.a(_si_to_sf.o) (__pack_f)
c:/altera/13.0sp1/nios2eds/bin/gnu/h-i686-mingw32/bin/../lib/gcc/nios2-elf/4.1.2\libgcc.a(_unpack_sf.o)
                              c:/altera/13.0sp1/nios2eds/bin/gnu/h-i686-mingw32/bin/../lib/gcc/nios2-elf/4.1.2\libgcc.a(_sf_to_si.o) (__unpack_f)
c:/altera/13.0sp1/nios2eds/bin/gnu/h-i686-mingw32/bin/../lib/gcc/nios2-elf/4.1.2\libgcc.a(_pack_df.o)
                              c:/altera/13.0sp1/nios2eds/bin/gnu/h-i686-mingw32/bin/../lib/gcc/nios2-elf/4.1.2\libgcc.a(_addsub_df.o) (__pack_d)
c:/altera/13.0sp1/nios2eds/bin/gnu/h-i686-mingw32/bin/../lib/gcc/nios2-elf/4.1.2\libgcc.a(_unpack_df.o)
                              c:/altera/13.0sp1/nios2eds/bin/gnu/h-i686-mingw32/bin/../lib/gcc/nios2-elf/4.1.2\libgcc.a(_addsub_df.o) (__unpack_d)
c:/altera/13.0sp1/nios2eds/bin/gnu/h-i686-mingw32/bin/../lib/gcc/nios2-elf/4.1.2\libgcc.a(_fpcmp_parts_df.o)
                              c:/altera/13.0sp1/nios2eds/bin/gnu/h-i686-mingw32/bin/../lib/gcc/nios2-elf/4.1.2\libgcc.a(_ge_df.o) (__fpcmp_parts_d)
c:/altera/13.0sp1/nios2eds/bin/gnu/h-i686-mingw32/bin/../lib/gcc/nios2-elf/4.1.2\libgcc.a(_clz.o)
                              c:/altera/13.0sp1/nios2eds/bin/gnu/h-i686-mingw32/bin/../lib/gcc/nios2-elf/4.1.2\libgcc.a(_clzsi2.o) (__clz_tab)
c:/altera/13.0sp1/nios2eds/bin/gnu/h-i686-mingw32/bin/../lib/gcc/nios2-elf/4.1.2/../../../../nios2-elf/lib\libc.a(lib_a-ctype_.o)
                              obj/default/network_utilities.o (__ctype_ptr)
c:/altera/13.0sp1/nios2eds/bin/gnu/h-i686-mingw32/bin/../lib/gcc/nios2-elf/4.1.2/../../../../nios2-elf/lib\libc.a(lib_a-exit.o)
                              obj/default/iniche_init.o (exit)
c:/altera/13.0sp1/nios2eds/bin/gnu/h-i686-mingw32/bin/../lib/gcc/nios2-elf/4.1.2/../../../../nios2-elf/lib\libc.a(lib_a-fprintf.o)
                              obj/default/alt_error_handler.o (fprintf)
c:/altera/13.0sp1/nios2eds/bin/gnu/h-i686-mingw32/bin/../lib/gcc/nios2-elf/4.1.2/../../../../nios2-elf/lib\libc.a(lib_a-fwrite.o)
                              obj/default/alt_error_handler.o (fwrite)
[...]
Memory Configuration

Name             Origin             Length             Attributes
sdram_0_BEFORE_EXCEPTION 0x00800000         0x00000020
sdram_0          0x00800020         0x007fffe0
reset            0x01400000         0x00000020
cfi_flash_0      0x01400020         0x003fffe0
sram_0           0x01a00000         0x00080000
epcs_controller  0x01a81800         0x00000800
*default*        0x00000000         0xffffffff

Linker script and memory map

LOAD ../server1_bsp//obj/HAL/src/crt0.o
LOAD obj/default/LCD.o
LOAD obj/default/SSS_DE2_115.o
LOAD obj/default/alt_error_handler.o
LOAD obj/default/dm9000a.o
LOAD obj/default/iniche_init.o
LOAD obj/default/led.o
LOAD obj/default/network_utilities.o
LOAD obj/default/simple_socket_server.o
LOAD obj/default/tse_my_system.o
LOAD c:/altera/13.0sp1/nios2eds/bin/gnu/h-i686-mingw32/bin/../lib/gcc/nios2-elf/4.1.2/../../../../nios2-elf/lib\libstdc++.a
LOAD c:/altera/13.0sp1/nios2eds/bin/gnu/h-i686-mingw32/bin/../lib/gcc/nios2-elf/4.1.2/../../../../nios2-elf/lib\libm.a
LOAD c:/altera/13.0sp1/nios2eds/bin/gnu/h-i686-mingw32/bin/../lib/gcc/nios2-elf/4.1.2\libgcc.a
START GROUP
LOAD c:/altera/13.0sp1/nios2eds/bin/gnu/h-i686-mingw32/bin/../lib/gcc/nios2-elf/4.1.2/../../../../nios2-elf/lib\libc.a
LOAD c:/altera/13.0sp1/nios2eds/bin/gnu/h-i686-mingw32/bin/../lib/gcc/nios2-elf/4.1.2\libgcc.a
LOAD ../server1_bsp/\libucosii_bsp.a
END GROUP
LOAD c:/altera/13.0sp1/nios2eds/bin/gnu/h-i686-mingw32/bin/../lib/gcc/nios2-elf/4.1.2\libgcc.a
                0x00800000                __alt_mem_sdram_0 = 0x800000
                0x01400000                __alt_mem_cfi_flash_0 = 0x1400000
                0x01a00000                __alt_mem_sram_0 = 0x1a00000
                0x01a81800                __alt_mem_epcs_controller = 0x1a81800

.entry          0x01400000        0x0
 *(.entry)
 .entry         0x01400000        0x0 ../server1_bsp//obj/HAL/src/crt0.o
                0x01400000                __reset

.exceptions     0x00800020      0x19c
                0x00800020                PROVIDE (__ram_exceptions_start, ABSOLUTE (.))
                0x00800020                . = ALIGN (0x20)
 *(.irq)
 *(.exceptions.entry.label)
 .exceptions.entry.label
                0x00800020        0x0 ../server1_bsp/\libucosii_bsp.a(alt_irq_entry.o)
                0x00800020                alt_irq_entry
 .exceptions.entry.label
                0x00800020        0x0 ../server1_bsp/\libucosii_bsp.a(alt_exception_entry.o)
                0x00800020                alt_exception
 *(.exceptions.entry.user)
 *(.exceptions.entry)
 .exceptions.entry
                0x00800020       0x54 ../server1_bsp/\libucosii_bsp.a(alt_exception_entry.o)
 *(.exceptions.irqtest.user)
 *(.exceptions.irqtest)
 .exceptions.irqtest
                0x00800074       0x10 ../server1_bsp/\libucosii_bsp.a(alt_irq_entry.o)
 *(.exceptions.irqhandler.user)
 *(.exceptions.irqhandler)
 .exceptions.irqhandler
                0x00800084        0x4 ../server1_bsp/\libucosii_bsp.a(alt_irq_entry.o)
 *(.exceptions.irqreturn.user)
 *(.exceptions.irqreturn)
 .exceptions.irqreturn
                0x00800088        0x4 ../server1_bsp/\libucosii_bsp.a(alt_irq_entry.o)
 *(.exceptions.notirq.label)
 .exceptions.notirq.label
                0x0080008c        0x0 ../server1_bsp/\libucosii_bsp.a(alt_irq_entry.o)
 *(.exceptions.notirq.user)
 *(.exceptions.notirq)
 .exceptions.notirq
                0x0080008c        0x8 ../server1_bsp/\libucosii_bsp.a(alt_exception_entry.o)
 *(.exceptions.soft.user)
 *(.exceptions.soft)
 *(.exceptions.unknown.user)
 *(.exceptions.unknown)
 .exceptions.unknown
                0x00800094        0x4 ../server1_bsp/\libucosii_bsp.a(alt_exception_entry.o)
 *(.exceptions.exit.label)
 .exceptions.exit.label
                0x00800098        0x0 ../server1_bsp/\libucosii_bsp.a(alt_irq_entry.o)
 .exceptions.exit.label
                0x00800098        0x0 ../server1_bsp/\libucosii_bsp.a(alt_exception_entry.o)
 *(.exceptions.exit.user)
 *(.exceptions.exit)
 .exceptions.exit
                0x00800098       0x54 ../server1_bsp/\libucosii_bsp.a(alt_exception_entry.o)
 *(.exceptions)
 .exceptions    0x008000ec       0xd0 ../server1_bsp/\libucosii_bsp.a(alt_irq_handler.o)
                0x008000ec                alt_irq_handler
                0x008001bc                PROVIDE (__ram_exceptions_end, ABSOLUTE (.))
                0x00800020                PROVIDE (__flash_exceptions_start, LOADADDR (.exceptions))

.text           0x008001bc    0x473f0
                0x008001bc                PROVIDE (stext, ABSOLUTE (.))
 *(.interp)
 *(.hash)
 *(.dynsym)
 *(.dynstr)
 *(.gnu.version)
 *(.gnu.version_d)
 *(.gnu.version_r)
 *(.rel.init)
 *(.rela.init)
 *(.rel.text .rel.text.* .rel.gnu.linkonce.t.*)
 *(.rela.text .rela.text.* .rela.gnu.linkonce.t.*)
 *(.rel.fini)
 *(.rela.fini)
 *(.rel.rodata .rel.rodata.* .rel.gnu.linkonce.r.*)
 *(.rela.rodata .rela.rodata.* .rela.gnu.linkonce.r.*)
 *(.rel.data .rel.data.* .rel.gnu.linkonce.d.*)
 *(.rela.data .rela.data.* .rela.gnu.linkonce.d.*)
 *(.rel.tdata .rel.tdata.* .rel.gnu.linkonce.td.*)
 *(.rela.tdata .rela.tdata.* .rela.gnu.linkonce.td.*)
 *(.rel.tbss .rel.tbss.* .rel.gnu.linkonce.tb.*)
 *(.rela.tbss .rela.tbss.* .rela.gnu.linkonce.tb.*)
 *(.rel.ctors)
 *(.rela.ctors)
 *(.rel.dtors)
 *(.rela.dtors)
 *(.rel.got)
 *(.rela.got)
 *(.rel.sdata .rel.sdata.* .rel.gnu.linkonce.s.*)
 *(.rela.sdata .rela.sdata.* .rela.gnu.linkonce.s.*)
 *(.rel.sbss .rel.sbss.* .rel.gnu.linkonce.sb.*)
 *(.rela.sbss .rela.sbss.* .rela.gnu.linkonce.sb.*)
 *(.rel.sdata2 .rel.sdata2.* .rel.gnu.linkonce.s2.*)
 *(.rela.sdata2 .rela.sdata2.* .rela.gnu.linkonce.s2.*)
 *(.rel.sbss2 .rel.sbss2.* .rel.gnu.linkonce.sb2.*)
 *(.rela.sbss2 .rela.sbss2.* .rela.gnu.linkonce.sb2.*)
 *(.rel.bss .rel.bss.* .rel.gnu.linkonce.b.*)
 *(.rela.bss .rela.bss.* .rela.gnu.linkonce.b.*)
 *(.rel.plt)
 *(.rela.plt)
 *(.rel.dyn)
 *(.init)
 *(.plt)
 *(.text .stub .text.* .gnu.linkonce.t.*)
 .text          0x008001bc       0x48 ../server1_bsp//obj/HAL/src/crt0.o
                0x008001bc                _start
 .text          0x00800204      0x31c obj/default/LCD.o
                0x00800204                LCD_Init
                0x008002a0                LCD_Show_Text
                0x00800328                LCD_Line2
                0x00800364                LCD_Line1
                0x008003a0                LCD_Clear
                0x008003dc                LCD_Test
 .text          0x00800520      0x2ec obj/default/SSS_DE2_115.o
                0x00800520                get_DE2_115_mac_addr
                0x008006c8                FindLastFlashSectorOffset
 .text          0x0080080c      0xba8 obj/default/alt_error_handler.o
                0x0080080c                alt_uCOSIIErrorHandler
                0x00800e30                alt_NetworkErrorHandler
                0x008010c8                alt_SSSErrorHandler
 .text          0x008013b4      0xe48 obj/default/dm9000a.o
                0x008013b4                dm9000a_iow
                0x00801408                dm9000a_ior
                0x00801454                phy_write
                0x008014f0                dm9000a_reset
                0x008016b4                TransmitPacket
                0x008017d0                prep_dm9000a
                0x008019ec                dm9000a_init
                0x00801e3c                dm9Ka_isr_wrap
                0x00801e7c                dm9ka_init
                0x00801f74                dm9ka_close
                0x00802084                dm9ka_stats
                0x008020e0                dm9ka_pkt_send
 .text          0x008021fc      0x78c obj/default/iniche_init.o
                0x008021fc                print_float
                0x0080228c                print_float32
                0x00802318                print_half
                0x008023a0                as_uint
                0x008023c8                as_float
                0x008023f0                half_to_float
                0x008024e0                float_to_half
                0x008025f8                SSSInitialTask
                0x0080288c                main
 .text          0x00802988      0x324 obj/default/led.o
                0x00802988                led_bit_toggle
                0x00802a54                LED7SegLightshowTask
                0x00802ac8                LEDManagementTask
 .text          0x00802cac      0x70c obj/default/network_utilities.o
                0x00802cac                get_mac_addr
                0x00802d04                get_ip_addr
                0x00802d60                get_serial_number
                0x00802f3c                generate_and_store_mac_addr
                0x008030e8                generate_mac_addr
                0x00803224                get_board_mac_addr
 .text          0x008033b8      0x968 obj/default/simple_socket_server.o
                0x008033b8                SSSCreateOSDataStructs
                0x00803460                SSSCreateTasks
                0x00803524                sss_reset_connection
                0x00803594                sss_send_menu
                0x00803724                sss_handle_accept
                0x008037e4                sss_exec_command
                0x00803988                sss_handle_receive
                0x00803b74                SSSSimpleSocketServerTask
 .text          0x00803d20        0x0 obj/default/tse_my_system.o
 .text          0x00803d20       0xa4 c:/altera/13.0sp1/nios2eds/bin/gnu/h-i686-mingw32/bin/../lib/gcc/nios2-elf/4.1.2\libgcc.a(_fixunsdfsi.o)
                0x00803d20                __fixunsdfsi
 .text          0x00803dc4       0x98 c:/altera/13.0sp1/nios2eds/bin/gnu/h-i686-mingw32/bin/../lib/gcc/nios2-elf/4.1.2\libgcc.a(_si_to_sf.o)
                0x00803dc4                __floatsisf
 .text          0x00803e5c       0x94 c:/altera/13.0sp1/nios2eds/bin/gnu/h-i686-mingw32/bin/../lib/gcc/nios2-elf/4.1.2\libgcc.a(_sf_to_si.o)
                0x00803e5c                __fixsfsi
 .text          0x00803ef0       0xc0 c:/altera/13.0sp1/nios2eds/bin/gnu/h-i686-mingw32/bin/../lib/gcc/nios2-elf/4.1.2\libgcc.a(_usi_to_sf.o)
                0x00803ef0                __floatunsisf
 .text          0x00803fb0      0x504 c:/altera/13.0sp1/nios2eds/bin/gnu/h-i686-mingw32/bin/../lib/gcc/nios2-elf/4.1.2\libgcc.a(_addsub_df.o)
                0x008043c0                __subdf3
                0x00804440                __adddf3
 .text          0x008044b4      0x3c4 c:/altera/13.0sp1/nios2eds/bin/gnu/h-i686-mingw32/bin/../lib/gcc/nios2-elf/4.1.2\libgcc.a(_mul_df.o)
                0x008044b4                __muldf3
 .text          0x00804878       0x88 c:/altera/13.0sp1/nios2eds/bin/gnu/h-i686-mingw32/bin/../lib/gcc/nios2-elf/4.1.2\libgcc.a(_ge_df.o)
                0x00804878                __gedf2
 .text          0x00804900       0xd8 c:/altera/13.0sp1/nios2eds/bin/gnu/h-i686-mingw32/bin/../lib/gcc/nios2-elf/4.1.2\libgcc.a(_df_to_si.o)
                0x00804900                __fixdfsi
 .text          0x008049d8        0x0 c:/altera/13.0sp1/nios2eds/bin/gnu/h-i686-mingw32/bin/../lib/gcc/nios2-elf/4.1.2\libgcc.a(_thenan_df.o)
 .text          0x008049d8      0x194 c:/altera/13.0sp1/nios2eds/bin/gnu/h-i686-mingw32/bin/../lib/gcc/nios2-elf/4.1.2\libgcc.a(_usi_to_df.o)
                0x008049d8                __floatunsidf
 .text          0x00804b6c       0x98 c:/altera/13.0sp1/nios2eds/bin/gnu/h-i686-mingw32/bin/../lib/gcc/nios2-elf/4.1.2\libgcc.a(_muldi3.o)
                0x00804b6c                __muldi3
 .text          0x00804c04       0x80 c:/altera/13.0sp1/nios2eds/bin/gnu/h-i686-mingw32/bin/../lib/gcc/nios2-elf/4.1.2\libgcc.a(_clzsi2.o)
                0x00804c04                __clzsi2
 .text          0x00804c84      0x160 c:/altera/13.0sp1/nios2eds/bin/gnu/h-i686-mingw32/bin/../lib/gcc/nios2-elf/4.1.2\libgcc.a(_pack_sf.o)
                0x00804c84                __pack_f
 .text          0x00804de4       0xc8 c:/altera/13.0sp1/nios2eds/bin/gnu/h-i686-mingw32/bin/../lib/gcc/nios2-elf/4.1.2\libgcc.a(_unpack_sf.o)
                0x00804de4                __unpack_f
 .text          0x00804eac      0x314 c:/altera/13.0sp1/nios2eds/bin/gnu/h-i686-mingw32/bin/../lib/gcc/nios2-elf/4.1.2\libgcc.a(_pack_df.o)
                0x00804eac                __pack_d
 .text          0x008051c0      0x138 c:/altera/13.0sp1/nios2eds/bin/gnu/h-i686-mingw32/bin/../lib/gcc/nios2-elf/4.1.2\libgcc.a(_unpack_df.o)
                0x008051c0                __unpack_d
 .text          0x008052f8       0xc8 c:/altera/13.0sp1/nios2eds/bin/gnu/h-i686-mingw32/bin/../lib/gcc/nios2-elf/4.1.2\libgcc.a(_fpcmp_parts_df.o)
                0x008052f8                __fpcmp_parts_d
 .text          0x008053c0        0x0 c:/altera/13.0sp1/nios2eds/bin/gnu/h-i686-mingw32/bin/../lib/gcc/nios2-elf/4.1.2\libgcc.a(_clz.o)
 .text          0x008053c0        0x0 c:/altera/13.0sp1/nios2eds/bin/gnu/h-i686-mingw32/bin/../lib/gcc/nios2-elf/4.1.2/../../../../nios2-elf/lib\libc.a(lib_a-ctype_.o)
 .text          0x008053c0       0x38 c:/altera/13.0sp1/nios2eds/bin/gnu/h-i686-mingw32/bin/../lib/gcc/nios2-elf/4.1.2/../../../../nios2-elf/lib\libc.a(lib_a-exit.o)
                0x008053c0                exit
 .text          0x008053f8       0x60 c:/altera/13.0sp1/nios2eds/bin/gnu/h-i686-mingw32/bin/../lib/gcc/nios2-elf/4.1.2/../../../../nios2-elf/lib\libc.a(lib_a-fprintf.o)
                0x008053f8                fprintf
                0x00805424                _fprintf_r
 .text          0x00805458       0xdc c:/altera/13.0sp1/nios2eds/bin/gnu/h-i686-mingw32/bin/../lib/gcc/nios2-elf/4.1.2/../../../../nios2-elf/lib\libc.a(lib_a-fwrite.o)
                0x00805458                _fwrite_r
                0x008054f4                fwrite
 .text          0x00805534      0x128 c:/altera/13.0sp1/nios2eds/bin/gnu/h-i686-mingw32/bin/../lib/gcc/nios2-elf/4.1.2/../../../../nios2-elf/lib\libc.a(lib_a-getc.o)
                0x00805534                getc
                0x008055cc                _getc_r
 .text          0x0080565c        0x0 c:/altera/13.0sp1/nios2eds/bin/gnu/h-i686-mingw32/bin/../lib/gcc/nios2-elf/4.1.2/../../../../nios2-elf/lib\libc.a(lib_a-impure.o)
 .text          0x0080565c       0xa0 c:/altera/13.0sp1/nios2eds/bin/gnu/h-i686-mingw32/bin/../lib/gcc/nios2-elf/4.1.2/../../../../nios2-elf/lib\libc.a(lib_a-memcpy.o)
                0x0080565c                memcpy
 .text          0x008056fc       0xe0 c:/altera/13.0sp1/nios2eds/bin/gnu/h-i686-mingw32/bin/../lib/gcc/nios2-elf/4.1.2/../../../../nios2-elf/lib\libc.a(lib_a-memmove.o)
                0x008056fc                memmove
 .text          0x008057dc       0x98 c:/altera/13.0sp1/nios2eds/bin/gnu/h-i686-mingw32/bin/../lib/gcc/nios2-elf/4.1.2/../../../../nios2-elf/lib\libc.a(lib_a-memset.o)
                0x008057dc                memset
 .text          0x00805874       0x80 c:/altera/13.0sp1/nios2eds/bin/gnu/h-i686-mingw32/bin/../lib/gcc/nios2-elf/4.1.2/../../../../nios2-elf/lib\libc.a(lib_a-perror.o)
                0x00805874                _perror_r
                0x008058e0                perror
 .text          0x008058f4       0x78 c:/altera/13.0sp1/nios2eds/bin/gnu/h-i686-mingw32/bin/../lib/gcc/nios2-elf/4.1.2/../../../../nios2-elf/lib\libc.a(lib_a-printf.o)
                0x008058f4                printf
                0x00805938                _printf_r
 .text          0x0080596c      0x1ec c:/altera/13.0sp1/nios2eds/bin/gnu/h-i686-mingw32/bin/../lib/gcc/nios2-elf/4.1.2/../../../../nios2-elf/lib\libc.a(lib_a-putc.o)
                0x0080596c                putc
                0x00805a70                _putc_r
 .text          0x00805b58       0x24 c:/altera/13.0sp1/nios2eds/bin/gnu/h-i686-mingw32/bin/../lib/gcc/nios2-elf/4.1.2/../../../../nios2-elf/lib\libc.a(lib_a-putchar.o)
                0x00805b58                putchar
                0x00805b74                _putchar_r
 .text          0x00805b7c       0xb4 c:/altera/13.0sp1/nios2eds/bin/gnu/h-i686-mingw32/bin/../lib/gcc/nios2-elf/4.1.2/../../../../nios2-elf/lib\libc.a(lib_a-puts.o)
                0x00805b7c                _puts_r
                0x00805c1c                puts
 .text          0x00805c30       0x60 c:/altera/13.0sp1/nios2eds/bin/gnu/h-i686-mingw32/bin/../lib/gcc/nios2-elf/4.1.2/../../../../nios2-elf/lib\libc.a(lib_a-rget.o)
                0x00805c30                __srget_r
                0x00805c7c                __srget
 .text          0x00805c90       0xd4 c:/altera/13.0sp1/nios2eds/bin/gnu/h-i686-mingw32/bin/../lib/gcc/nios2-elf/4.1.2/../../../../nios2-elf/lib\libc.a(lib_a-sprintf.o)
                0x00805c90                sprintf
                0x00805d04                _sprintf_r
 .text          0x00805d64       0xe0 c:/altera/13.0sp1/nios2eds/bin/gnu/h-i686-mingw32/bin/../lib/gcc/nios2-elf/4.1.2/../../../../nios2-elf/lib\libc.a(lib_a-strchr.o)
                0x00805d64                strchr
 .text          0x00805e44      0x674 c:/altera/13.0sp1/nios2eds/bin/gnu/h-i686-mingw32/bin/../lib/gcc/nios2-elf/4.1.2/../../../../nios2-elf/lib\libc.a(lib_a-strerror.o)
                0x00805e44                strerror
 .text          0x008064b8       0x74 c:/altera/13.0sp1/nios2eds/bin/gnu/h-i686-mingw32/bin/../lib/gcc/nios2-elf/4.1.2/../../../../nios2-elf/lib\libc.a(lib_a-strlen.o)
                0x008064b8                strlen
 .text          0x0080652c        0x8 c:/altera/13.0sp1/nios2eds/bin/gnu/h-i686-mingw32/bin/../lib/gcc/nios2-elf/4.1.2/../../../../nios2-elf/lib\libc.a(lib_a-u_strerr.o)
                0x0080652c                _user_strerror
 .text          0x00806534     0x1f28 c:/altera/13.0sp1/nios2eds/bin/gnu/h-i686-mingw32/bin/../lib/gcc/nios2-elf/4.1.2/../../../../nios2-elf/lib\libc.a(lib_a-vfprintf.o)
                0x0080658c                ___vfprintf_internal_r
                0x00808438                __vfprintf_internal
 .text          0x0080845c      0x14c c:/altera/13.0sp1/nios2eds/bin/gnu/h-i686-mingw32/bin/../lib/gcc/nios2-elf/4.1.2/../../../../nios2-elf/lib\libc.a(lib_a-wbuf.o)
                0x0080845c                __swbuf_r
                0x0080858c                __swbuf
 .text          0x008085a8      0x13c c:/altera/13.0sp1/nios2eds/bin/gnu/h-i686-mingw32/bin/../lib/gcc/nios2-elf/4.1.2/../../../../nios2-elf/lib\libc.a(lib_a-wsetup.o)
                0x008085a8                __swsetup_r
 .text          0x008086e4      0x1b4 c:/altera/13.0sp1/nios2eds/bin/gnu/h-i686-mingw32/bin/../lib/gcc/nios2-elf/4.1.2/../../../../nios2-elf/lib\libc.a(lib_a-__call_atexit.o)
                0x008086e8                __call_exitprocs
 .text          0x00808898     0x17cc c:/altera/13.0sp1/nios2eds/bin/gnu/h-i686-mingw32/bin/../lib/gcc/nios2-elf/4.1.2/../../../../nios2-elf/lib\libc.a(lib_a-dtoa.o)
                0x00808ab0                _dtoa_r
 .text          0x0080a064      0x230 c:/altera/13.0sp1/nios2eds/bin/gnu/h-i686-mingw32/bin/../lib/gcc/nios2-elf/4.1.2/../../../../nios2-elf/lib\libc.a(lib_a-fflush.o)
                0x0080a064                _fflush_r
                0x0080a260                fflush
 .text          0x0080a294      0x2c0 c:/altera/13.0sp1/nios2eds/bin/gnu/h-i686-mingw32/bin/../lib/gcc/nios2-elf/4.1.2/../../../../nios2-elf/lib\libc.a(lib_a-findfp.o)
                0x0080a2ec                __sfp_lock_acquire
                0x0080a2f0                __sfp_lock_release
                0x0080a2f4                __sinit_lock_acquire
                0x0080a2f8                __sinit_lock_release
                0x0080a2fc                __sinit
                0x0080a3b0                __fp_unlock_all
                0x0080a3c8                __fp_lock_all
                0x0080a3e0                _cleanup_r
                0x0080a3ec                _cleanup
                0x0080a3fc                __sfmoreglue
                0x0080a464                __sfp
 .text          0x0080a554       0xbc c:/altera/13.0sp1/nios2eds/bin/gnu/h-i686-mingw32/bin/../lib/gcc/nios2-elf/4.1.2/../../../../nios2-elf/lib\libc.a(lib_a-fputc.o)
                0x0080a554                fputc
                0x0080a5b8                _fputc_r
 .text          0x0080a610       0x90 c:/altera/13.0sp1/nios2eds/bin/gnu/h-i686-mingw32/bin/../lib/gcc/nios2-elf/4.1.2/../../../../nios2-elf/lib\libc.a(lib_a-fputs.o)
                0x0080a610                _fputs_r
                0x0080a684                fputs
 .text          0x0080a6a0      0x440 c:/altera/13.0sp1/nios2eds/bin/gnu/h-i686-mingw32/bin/../lib/gcc/nios2-elf/4.1.2/../../../../nios2-elf/lib\libc.a(lib_a-freer.o)
                0x0080a6a0                _malloc_trim_r
                0x0080a7cc                _free_r
 .text          0x0080aae0      0x49c c:/altera/13.0sp1/nios2eds/bin/gnu/h-i686-mingw32/bin/../lib/gcc/nios2-elf/4.1.2/../../../../nios2-elf/lib\libc.a(lib_a-fvwrite.o)
                0x0080aae0                __sfvwrite_r
 .text          0x0080af7c      0x180 c:/altera/13.0sp1/nios2eds/bin/gnu/h-i686-mingw32/bin/../lib/gcc/nios2-elf/4.1.2/../../../../nios2-elf/lib\libc.a(lib_a-fwalk.o)
                0x0080af7c                _fwalk_reent
                0x0080b044                _fwalk
 .text          0x0080b0fc       0xc4 c:/altera/13.0sp1/nios2eds/bin/gnu/h-i686-mingw32/bin/../lib/gcc/nios2-elf/4.1.2/../../../../nios2-elf/lib\libc.a(lib_a-locale.o)
                0x0080b0fc                __locale_charset
                0x0080b104                _localeconv_r
                0x0080b110                localeconv
                0x0080b120                _setlocale_r
                0x0080b1a4                setlocale
 .text          0x0080b1c0      0x194 c:/altera/13.0sp1/nios2eds/bin/gnu/h-i686-mingw32/bin/../lib/gcc/nios2-elf/4.1.2/../../../../nios2-elf/lib\libc.a(lib_a-makebuf.o)
                0x0080b1c0                __smakebuf_r
 .text          0x0080b354      0x740 c:/altera/13.0sp1/nios2eds/bin/gnu/h-i686-mingw32/bin/../lib/gcc/nios2-elf/4.1.2/../../../../nios2-elf/lib\libc.a(lib_a-mallocr.o)
                0x0080b354                _malloc_r
 .text          0x0080ba94       0xe4 c:/altera/13.0sp1/nios2eds/bin/gnu/h-i686-mingw32/bin/../lib/gcc/nios2-elf/4.1.2/../../../../nios2-elf/lib\libc.a(lib_a-memchr.o)
                0x0080ba94                memchr
 .text          0x0080bb78      0xff4 c:/altera/13.0sp1/nios2eds/bin/gnu/h-i686-mingw32/bin/../lib/gcc/nios2-elf/4.1.2/../../../../nios2-elf/lib\libc.a(lib_a-mprec.o)
                0x0080bb78                _Bfree
                0x0080bba0                __hi0bits
                0x0080bc10                __lo0bits
                0x0080bcd4                __mcmp
                0x0080bd34                __ulp
                0x0080bdb4                __b2d
                0x0080bed4                __ratio
                0x0080bf84                _mprec_log10
                0x0080c018                __copybits
                0x0080c070                __any_on
                0x0080c0f8                _Balloc
                0x0080c1b4                __d2b
                0x0080c330                __mdiff
                0x0080c4bc                __lshift
                0x0080c608                __multiply
                0x0080c7f0                __i2b
                0x0080c82c                __multadd
                0x0080c92c                __pow5mult
                0x0080ca4c                __s2b
 .text          0x0080cb6c      0x5f4 c:/altera/13.0sp1/nios2eds/bin/gnu/h-i686-mingw32/bin/../lib/gcc/nios2-elf/4.1.2/../../../../nios2-elf/lib\libc.a(lib_a-reallocr.o)
                0x0080cb6c                _realloc_r
 .text          0x0080d160      0x1e0 c:/altera/13.0sp1/nios2eds/bin/gnu/h-i686-mingw32/bin/../lib/gcc/nios2-elf/4.1.2/../../../../nios2-elf/lib\libc.a(lib_a-refill.o)
                0x0080d160                __srefill_r
 .text          0x0080d340       0x40 c:/altera/13.0sp1/nios2eds/bin/gnu/h-i686-mingw32/bin/../lib/gcc/nios2-elf/4.1.2/../../../../nios2-elf/lib\libc.a(lib_a-s_isinfd.o)
                0x0080d340                __isinfd
 .text          0x0080d380       0x30 c:/altera/13.0sp1/nios2eds/bin/gnu/h-i686-mingw32/bin/../lib/gcc/nios2-elf/4.1.2/../../../../nios2-elf/lib\libc.a(lib_a-s_isnand.o)
                0x0080d380                __isnand
 .text          0x0080d3b0       0x70 c:/altera/13.0sp1/nios2eds/bin/gnu/h-i686-mingw32/bin/../lib/gcc/nios2-elf/4.1.2/../../../../nios2-elf/lib\libc.a(lib_a-sbrkr.o)
                0x0080d3b0                _sbrk_r
 .text          0x0080d420      0x14c c:/altera/13.0sp1/nios2eds/bin/gnu/h-i686-mingw32/bin/../lib/gcc/nios2-elf/4.1.2/../../../../nios2-elf/lib\libc.a(lib_a-stdio.o)
                0x0080d420                __sclose
                0x0080d428                __sseek
                0x0080d490                __swrite
                0x0080d50c                __sread
 .text          0x0080d56c       0xbc c:/altera/13.0sp1/nios2eds/bin/gnu/h-i686-mingw32/bin/../lib/gcc/nios2-elf/4.1.2/../../../../nios2-elf/lib\libc.a(lib_a-strcmp.o)
                0x0080d56c                strcmp
 .text          0x0080d628       0x78 c:/altera/13.0sp1/nios2eds/bin/gnu/h-i686-mingw32/bin/../lib/gcc/nios2-elf/4.1.2/../../../../nios2-elf/lib\libc.a(lib_a-writer.o)
                0x0080d628                _write_r
 .text          0x0080d6a0       0xb4 c:/altera/13.0sp1/nios2eds/bin/gnu/h-i686-mingw32/bin/../lib/gcc/nios2-elf/4.1.2/../../../../nios2-elf/lib\libc.a(lib_a-callocr.o)
                0x0080d6a0                _calloc_r
 .text          0x0080d754       0x70 c:/altera/13.0sp1/nios2eds/bin/gnu/h-i686-mingw32/bin/../lib/gcc/nios2-elf/4.1.2/../../../../nios2-elf/lib\libc.a(lib_a-closer.o)
                0x0080d754                _close_r
 .text          0x0080d7c4      0x124 c:/altera/13.0sp1/nios2eds/bin/gnu/h-i686-mingw32/bin/../lib/gcc/nios2-elf/4.1.2/../../../../nios2-elf/lib\libc.a(lib_a-fclose.o)
                0x0080d7c4                _fclose_r
                0x0080d8d4                fclose
 .text          0x0080d8e8       0x74 c:/altera/13.0sp1/nios2eds/bin/gnu/h-i686-mingw32/bin/../lib/gcc/nios2-elf/4.1.2/../../../../nios2-elf/lib\libc.a(lib_a-fstatr.o)
                0x0080d8e8                _fstat_r
 .text          0x0080d95c        0x0 c:/altera/13.0sp1/nios2eds/bin/gnu/h-i686-mingw32/bin/../lib/gcc/nios2-elf/4.1.2/../../../../nios2-elf/lib\libc.a(lib_a-int_errno.o)
 .text          0x0080d95c       0x70 c:/altera/13.0sp1/nios2eds/bin/gnu/h-i686-mingw32/bin/../lib/gcc/nios2-elf/4.1.2/../../../../nios2-elf/lib\libc.a(lib_a-isattyr.o)
                0x0080d95c                _isatty_r
 .text          0x0080d9cc       0x78 c:/altera/13.0sp1/nios2eds/bin/gnu/h-i686-mingw32/bin/../lib/gcc/nios2-elf/4.1.2/../../../../nios2-elf/lib\libc.a(lib_a-lseekr.o)
                0x0080d9cc                _lseek_r
 .text          0x0080da44       0x78 c:/altera/13.0sp1/nios2eds/bin/gnu/h-i686-mingw32/bin/../lib/gcc/nios2-elf/4.1.2/../../../../nios2-elf/lib\libc.a(lib_a-readr.o)
                0x0080da44                _read_r
 .text          0x0080dabc      0x5dc c:/altera/13.0sp1/nios2eds/bin/gnu/h-i686-mingw32/bin/../lib/gcc/nios2-elf/4.1.2\libgcc.a(_udivdi3.o)
                0x0080dabc                __udivdi3
 .text          0x0080e098      0x5b0 c:/altera/13.0sp1/nios2eds/bin/gnu/h-i686-mingw32/bin/../lib/gcc/nios2-elf/4.1.2\libgcc.a(_umoddi3.o)
                0x0080e098                __umoddi3
 .text          0x0080e648      0x258 c:/altera/13.0sp1/nios2eds/bin/gnu/h-i686-mingw32/bin/../lib/gcc/nios2-elf/4.1.2\libgcc.a(_div_df.o)
                0x0080e648                __divdf3
 .text          0x0080e8a0       0x88 c:/altera/13.0sp1/nios2eds/bin/gnu/h-i686-mingw32/bin/../lib/gcc/nios2-elf/4.1.2\libgcc.a(_eq_df.o)
                0x0080e8a0                __eqdf2
 .text          0x0080e928       0x88 c:/altera/13.0sp1/nios2eds/bin/gnu/h-i686-mingw32/bin/../lib/gcc/nios2-elf/4.1.2\libgcc.a(_ne_df.o)
                0x0080e928                __nedf2
 .text          0x0080e9b0       0x88 c:/altera/13.0sp1/nios2eds/bin/gnu/h-i686-mingw32/bin/../lib/gcc/nios2-elf/4.1.2\libgcc.a(_gt_df.o)
                0x0080e9b0                __gtdf2
 .text          0x0080ea38       0x88 c:/altera/13.0sp1/nios2eds/bin/gnu/h-i686-mingw32/bin/../lib/gcc/nios2-elf/4.1.2\libgcc.a(_lt_df.o)
                0x0080ea38                __ltdf2
 .text          0x0080eac0       0xf8 c:/altera/13.0sp1/nios2eds/bin/gnu/h-i686-mingw32/bin/../lib/gcc/nios2-elf/4.1.2\libgcc.a(_si_to_df.o)
                0x0080eac0                __floatsidf
 .text          0x0080ebb8      0x14c c:/altera/13.0sp1/nios2eds/bin/gnu/h-i686-mingw32/bin/../lib/gcc/nios2-elf/4.1.2\libgcc.a(lib2-divmod.o)
                0x0080ec34                __divsi3
                0x0080ec94                __modsi3
                0x0080ecf4                __udivsi3
                0x0080ecfc                __umodsi3
 .text          0x0080ed04       0x6c ../server1_bsp/\libucosii_bsp.a(alt_exit.o)
                0x0080ed44                _exit
 .text          0x0080ed70       0xd0 ../server1_bsp/\libucosii_bsp.a(alt_flash_dev.o)
                0x0080ed70                alt_flash_open_dev
                0x0080edec                alt_flash_close_dev
 .text          0x0080ee40      0x134 ../server1_bsp/\libucosii_bsp.a(alt_fstat.o)
                0x0080ee40                fstat
 .text          0x0080ef74      0x1c0 ../server1_bsp/\libucosii_bsp.a(alt_irq_register.o)
                0x0080ef74                alt_irq_register
 .text          0x0080f134        0x0 ../server1_bsp/\libucosii_bsp.a(alt_irq_vars.o)
 .text          0x0080f134      0x120 ../server1_bsp/\libucosii_bsp.a(alt_isatty.o)
                0x0080f134                isatty
 .text          0x0080f254      0x150 ../server1_bsp/\libucosii_bsp.a(alt_lseek.o)
                0x0080f254                lseek
 .text          0x0080f3a4       0xc8 ../server1_bsp/\libucosii_bsp.a(alt_main.o)
                0x0080f3a4                alt_main
 .text          0x0080f46c       0xbc ../server1_bsp/\libucosii_bsp.a(alt_sbrk.o)
                0x0080f46c                sbrk
 .text          0x0080f528      0x118 ../server1_bsp/\libucosii_bsp.a(alt_usleep.o)
                0x0080f528                usleep
 .text          0x0080f640      0x108 ../server1_bsp/\libucosii_bsp.a(alt_env_lock.o)
                0x0080f640                __env_lock
                0x0080f6ec                __env_unlock
 .text          0x0080f748      0x1d8 ../server1_bsp/\libucosii_bsp.a(alt_malloc_lock.o)
                0x0080f748                __malloc_lock
                0x0080f850                __malloc_unlock
 .text          0x0080f920     0x2128 ../server1_bsp/\libucosii_bsp.a(os_core.o)
                0x0080f920                OSEventNameGet
                0x0080fa50                OSEventNameSet
                0x0080fb94                OSEventPendMulti
                0x00810248                OSInit
                0x0081029c                OSIntEnter
                0x00810318                OSIntExit
                0x00810418                OSSchedLock
                0x008104a4                OSSchedUnlock
                0x00810588                OSStart
                0x008105f8                OSStatInit
                0x008106a4                OSTimeTick
                0x008108e4                OSVersion
                0x00810904                OS_Dummy
                0x00810920                OS_EventTaskRdy
                0x00810ab4                OS_EventTaskWait
                0x00810bc4                OS_EventTaskWaitMulti
                0x00810d18                OS_EventTaskRemove
                0x00810dd0                OS_EventTaskRemoveMulti
                0x00810ed4                OS_EventWaitListInit
                0x008112a0                OS_MemClr
                0x008112f4                OS_MemCopy
                0x00811360                OS_Sched
                0x008114a4                OS_StrCopy
                0x00811524                OS_StrLen
                0x0081157c                OS_TaskIdle
                0x008115d8                OS_TaskStat
                0x008116a0                OS_TaskStatStkChk
                0x00811768                OS_TCBInit
 .text          0x00811a48      0x18c ../server1_bsp/\libucosii_bsp.a(os_dbg.o)
                0x00811a48                OSDebugInit
 .text          0x00811bd4     0x193c ../server1_bsp/\libucosii_bsp.a(os_flag.o)
                0x00811bd4                OSFlagAccept
                0x00811f08                OSFlagCreate
                0x00812044                OSFlagDel
                0x008122ec                OSFlagNameGet
                0x00812430                OSFlagNameSet
                0x00812584                OSFlagPend
                0x00812bc8                OSFlagPendGetFlagsRdy
                0x00812c30                OSFlagPost
                0x00812fd8                OSFlagQuery
                0x00813270                OS_FlagInit
                0x00813464                OS_FlagUnlink
 .text          0x00813510      0x808 ../server1_bsp/\libucosii_bsp.a(os_mem.o)
                0x00813510                OSMemCreate
                0x0081372c                OSMemGet
                0x00813830                OSMemNameGet
                0x0081393c                OSMemNameSet
                0x00813a5c                OSMemPut
                0x00813b4c                OSMemQuery
                0x00813c48                OS_MemInit
 .text          0x00813d18     0x1334 ../server1_bsp/\libucosii_bsp.a(os_q.o)
                0x00813d18                OSQAccept
                0x00813e6c                OSQCreate
                0x00814080                OSQDel
                0x00814380                OSQFlush
                0x00814448                OSQPend
                0x00814768                OSQPendAbort
                0x008148e4                OSQPost
                0x00814a64                OSQPostFront
                0x00814bec                OSQPostOpt
                0x00814e20                OSQQuery
                0x00814fa0                OS_QInit
 .text          0x0081504c      0xbc8 ../server1_bsp/\libucosii_bsp.a(os_sem.o)
                0x0081504c                OSSemAccept
                0x0081510c                OSSemCreate
                0x00815220                OSSemDel
                0x008154c0                OSSemPend
                0x0081573c                OSSemPendAbort
                0x008158b8                OSSemPost
                0x008159e0                OSSemQuery
                0x00815b10                OSSemSet
 .text          0x00815c14     0x1a40 ../server1_bsp/\libucosii_bsp.a(os_task.o)
                0x00815c14                OSTaskChangePrio
                0x00816188                OSTaskCreate
                0x0081635c                OSTaskCreateExt
                0x0081655c                OSTaskDel
                0x00816968                OSTaskDelReq
                0x00816ad8                OSTaskNameGet
                0x00816c90                OSTaskNameSet
                0x00816e54                OSTaskResume
                0x0081706c                OSTaskStkChk
                0x00817268                OSTaskSuspend
                0x00817494                OSTaskQuery
                0x008175d8                OS_TaskStkClr
 .text          0x00817654      0x670 ../server1_bsp/\libucosii_bsp.a(os_time.o)
                0x00817654                OSTimeDly
                0x008177a0                OSTimeDlyHMSM
                0x008179ec                OSTimeDlyResume
                0x00817bfc                OSTimeGet
                0x00817c60                OSTimeSet
 .text          0x00817cc4      0x118 ../server1_bsp/\libucosii_bsp.a(alt_sys_init.o)
                0x00817cc4                alt_irq_init
                0x00817cf8                alt_sys_init
 .text          0x00817ddc      0x8c8 ../server1_bsp/\libucosii_bsp.a(altera_avalon_cfi_flash.o)
                0x00817ddc                alt_flash_cfi_init
                0x00817eb0                alt_flash_cfi_write
                0x00818170                alt_flash_cfi_get_info
                0x00818200                alt_flash_cfi_read
                0x00818268                alt_write_value_to_flash
                0x008183cc                alt_flash_program_block
 .text          0x008186a4     0x14a8 ../server1_bsp/\libucosii_bsp.a(altera_avalon_cfi_flash_table.o)
                0x008186a4                alt_read_query_entry_8bit
                0x008186e4                alt_read_query_entry_16bit
                0x00818728                alt_read_query_entry_32bit
                0x00818770                alt_write_flash_command_8bit_device_8bit_mode
                0x008187ac                alt_write_flash_command_16bit_device_8bit_mode
                0x00818828                alt_write_flash_command_32bit_device_8bit_mode
                0x00818870                alt_write_flash_command_16bit_device_16bit_mode
                0x008188b4                alt_write_flash_command_32bit_device_16bit_mode
                0x008188fc                alt_write_flash_command_32bit_device_32bit_mode
                0x00818944                alt_write_native_8bit
                0x00818978                alt_write_native_16bit
                0x008189ac                alt_write_native_32bit
                0x008189dc                alt_set_flash_width_func
                0x00818bbc                alt_set_flash_algorithm_func
                0x00818ce4                alt_read_cfi_table
                0x008192c4                alt_read_cfi_width
                0x00819a70                alt_check_primary_table
 .text          0x00819b4c      0x9e4 ../server1_bsp/\libucosii_bsp.a(altera_avalon_epcs_flash_controller.o)
                0x00819b4c                alt_epcs_flash_init
                0x00819f68                alt_epcs_flash_write
                0x0081a1e8                alt_epcs_flash_get_info
                0x0081a278                alt_epcs_flash_erase_block
                0x0081a37c                alt_epcs_flash_write_block
                0x0081a498                alt_epcs_flash_read
 .text          0x0081a530      0x148 ../server1_bsp/\libucosii_bsp.a(altera_avalon_jtag_uart_fd.o)
                0x0081a530                altera_avalon_jtag_uart_read_fd
                0x0081a588                altera_avalon_jtag_uart_write_fd
                0x0081a5e0                altera_avalon_jtag_uart_close_fd
                0x0081a628                altera_avalon_jtag_uart_ioctl_fd
 .text          0x0081a678      0x584 ../server1_bsp/\libucosii_bsp.a(altera_avalon_jtag_uart_init.o)
                0x0081a678                altera_avalon_jtag_uart_init
                0x0081ab88                altera_avalon_jtag_uart_close
 .text          0x0081abfc       0xf4 ../server1_bsp/\libucosii_bsp.a(altera_avalon_jtag_uart_ioctl.o)
                0x0081abfc                altera_avalon_jtag_uart_ioctl
 .text          0x0081acf0      0x2c0 ../server1_bsp/\libucosii_bsp.a(altera_avalon_jtag_uart_read.o)
                0x0081acf0                altera_avalon_jtag_uart_read
 .text          0x0081afb0      0x2dc ../server1_bsp/\libucosii_bsp.a(altera_avalon_jtag_uart_write.o)
                0x0081afb0                altera_avalon_jtag_uart_write
 .text          0x0081b28c      0xf3c ../server1_bsp/\libucosii_bsp.a(altera_avalon_lcd_16207.o)
                0x0081ba60                altera_avalon_lcd_16207_write
                0x0081c064                altera_avalon_lcd_16207_init
 .text          0x0081c1c8       0x58 ../server1_bsp/\libucosii_bsp.a(altera_avalon_lcd_16207_fd.o)
                0x0081c1c8                altera_avalon_lcd_16207_write_fd
 .text          0x0081c220      0x100 ../server1_bsp/\libucosii_bsp.a(altera_avalon_timer_sc.o)
                0x0081c290                alt_avalon_timer_sc_init
 .text          0x0081c320       0xf8 ../server1_bsp/\libucosii_bsp.a(altera_avalon_uart_fd.o)
                0x0081c320                altera_avalon_uart_read_fd
                0x0081c378                altera_avalon_uart_write_fd
                0x0081c3d0                altera_avalon_uart_close_fd
 .text          0x0081c418      0x57c ../server1_bsp/\libucosii_bsp.a(altera_avalon_uart_init.o)
                0x0081c418                altera_avalon_uart_init
                0x0081c934                altera_avalon_uart_close
 .text          0x0081c994      0x310 ../server1_bsp/\libucosii_bsp.a(altera_avalon_uart_read.o)
                0x0081c994                altera_avalon_uart_read
 .text          0x0081cca4      0x2a8 ../server1_bsp/\libucosii_bsp.a(altera_avalon_uart_write.o)
                0x0081cca4                altera_avalon_uart_write
 .text          0x0081cf4c      0x6d4 ../server1_bsp/\libucosii_bsp.a(epcs_commands.o)
                0x0081cf4c                epcs_read_status_register
                0x0081cfac                epcs_sector_erase
                0x0081d114                epcs_read_buffer
                0x0081d260                epcs_write_enable
                0x0081d2b0                epcs_write_status_register
                0x0081d314                epcs_write_buffer
                0x0081d484                epcs_read_electronic_signature
                0x0081d4f0                epcs_read_device_id
                0x0081d570                epcs_enter_4_bytes_mode
                0x0081d5c8                epcs_exit_4_bytes_mode
 .text          0x0081d620       0x54 ../server1_bsp/\libucosii_bsp.a(alt_iniche_close.o)
                0x0081d620                close
 .text          0x0081d674      0x144 ../server1_bsp/\libucosii_bsp.a(alt_iniche_dev.o)
                0x0081d674                iniche_devices_init
 .text          0x0081d7b8       0x78 ../server1_bsp/\libucosii_bsp.a(alt_iniche_read.o)
                0x0081d7b8                read
 .text          0x0081d830       0x70 ../server1_bsp/\libucosii_bsp.a(alt_iniche_write.o)
                0x0081d830                write
 .text          0x0081d8a0      0xedc ../server1_bsp/\libucosii_bsp.a(ipnet.o)
                0x0081d8a0                Netinit
                0x0081deec                fixup_subnet_mask
                0x0081e04c                netclose
                0x0081e134                pktdemux
                0x0081e508                c_older
                0x0081e5d8                ip2mac
 .text          0x0081e77c      0x4b0 ../server1_bsp/\libucosii_bsp.a(ipstart.o)
                0x0081e77c                ip_startup
                0x0081ea60                exit_hook
                0x0081eacc                ip_exit
                0x0081eb9c                if_netnumber
 .text          0x0081ec2c     0x10e8 ../server1_bsp/\libucosii_bsp.a(igmp_cmn.o)
                0x0081ec2c                igmp_init
                0x0081ed1c                igmp_input
                0x0081ee14                igmp_fasttimo
                0x0081f048                igmp_send
                0x0081f2f0                igmp_joingroup
                0x0081f55c                igmp_leavegroup
                0x0081f5d8                igmp_validate
                0x0081f934                igmp_print_stats
 .text          0x0081fd14      0xbc8 ../server1_bsp/\libucosii_bsp.a(bsdsock.o)
                0x0081fd14                bsd_accept
                0x0081fe4c                bsd_getpeername
                0x0081ff78                bsd_getsockname
                0x008200a4                bsd_i_sockoptlen
                0x0082025c                bsd_getsockopt
                0x0082037c                bsd_ioctl
                0x00820480                bsd_inet_ntoa
                0x008204b0                bsd_recvfrom
                0x00820610                bsd_select
                0x008207f0                bsd_setsockopt
 .text          0x008208dc      0x118 ../server1_bsp/\libucosii_bsp.a(cksum.o)
                0x008208dc                ccksum
                0x0082098c                cksum
 .text          0x008209f4      0xa9c ../server1_bsp/\libucosii_bsp.a(in_utils.o)
                0x008209f4                do_trap
                0x00820a20                nextarg
                0x00820a9c                hexdump
                0x00820be4                print_ipad
                0x00820c58                print_uptime
                0x00820d84                panic
                0x00820dc8                print_eth
                0x00820f2c                uslash
                0x00820fac                ns_printf
                0x00821130                std_out
                0x00821174                con_page
                0x00821264                parse_args
 .text          0x00821490      0x1c8 ../server1_bsp/\libucosii_bsp.a(netmain.o)
                0x00821490                netmain
                0x00821584                tk_netmain
                0x0082160c                tk_nettick
 .text          0x00821658      0x810 ../server1_bsp/\libucosii_bsp.a(parseip.o)
                0x00821658                parse_ipad
                0x00821974                inet_addr
                0x008219dc                hextoa
                0x00821a4c                inet_pton
                0x00821af8                inet_ntop
                0x00821b84                print46_addr
                0x00821be4                inet46_addr
                0x00821ca8                inet_setport
                0x00821d1c                convert_ip
 .text          0x00821e68      0x5e8 ../server1_bsp/\libucosii_bsp.a(tk_crnos.o)
                0x00821e68                TK_OSTimeDly
                0x00821e94                TK_OSTaskResume
                0x00821f04                tcp_sleep
                0x008220a4                tcp_wakeup
                0x008221a8                TK_OSTaskQuery
                0x0082221c                tk_yield
                0x00822248                tk_stats
 .text          0x00822450     0x3294 ../server1_bsp/\libucosii_bsp.a(dhcpclnt.o)
                0x00822450                dhc_get_srv_ipaddr
                0x008224e0                dhc_init
                0x0082259c                dhc_set_callback
                0x008225e0                dhc_upcall
                0x00822e10                dhc_buildheader
                0x0082302c                dhc_discover
                0x00823544                dhc_rx_offer
                0x00823648                dhc_request
                0x00824184                dhc_setip
                0x00824404                dhc_resetip
                0x008244e8                dhc_decline
                0x008246cc                dhc_extract_opts
                0x00824988                dhc_second
                0x00825278                dhc_halt
                0x00825300                dhc_reclaim
                0x008254d0                dhc_state_init
                0x00825530                dhc_alldone
                0x008255c0                dhc_ifacedone
                0x00825634                dhc_set_state
 .text          0x008256e4       0xcc ../server1_bsp/\libucosii_bsp.a(dhcputil.o)
                0x008256e4                find_opt
 .text          0x008257b0      0x79c ../server1_bsp/\libucosii_bsp.a(pktalloc.o)
                0x008257b0                pk_init
                0x00825a40                pk_alloc
                0x00825b1c                pk_validate
                0x00825dd4                pk_free
                0x00825e80                pk_get_max_intrsafe_buf_len
                0x00825ea0                dump_buf_estats
 .text          0x00825f4c      0x288 ../server1_bsp/\libucosii_bsp.a(q.o)
                0x00825f4c                getq
                0x00826014                putq
                0x008260c4                qdel
 .text          0x008261d4      0x31c ../server1_bsp/\libucosii_bsp.a(udp_open.o)
                0x008261d4                udp_open
                0x0082640c                udp_close
 .text          0x008264f0      0x194 ../server1_bsp/\libucosii_bsp.a(asm_cksum.o)
                0x008264f0                asm_cksum
 .text          0x00826684      0x2e4 ../server1_bsp/\libucosii_bsp.a(brdutils.o)
                0x00826684                dtrap
                0x008266b4                kbhit
                0x00826760                getch
                0x008267c0                clock_init
                0x008267fc                clock_c
                0x00826818                cticks_hook
                0x008268c8                irq_Mask
                0x00826924                irq_Unmask
 .text          0x00826968      0x488 ../server1_bsp/\libucosii_bsp.a(osportco.o)
                0x00826968                LOCK_NET_RESOURCE
                0x00826a28                UNLOCK_NET_RESOURCE
                0x00826ab0                TK_NEWTASK
                0x00826cc4                wait_app_sem
                0x00826d78                post_app_sem
 .text          0x00826df0      0x568 ../server1_bsp/\libucosii_bsp.a(targnios.o)
                0x00826df0                alt_iniche_init
                0x0082700c                pre_task_setup
                0x00827080                post_task_setup
                0x008270a0                prep_armintcp
                0x008270d8                calloc2
                0x0082710c                npalloc
                0x00827200                npfree
                0x008272b8                ncpalloc
                0x0082730c                ncpfree
 .text          0x00827358     0x19b8 ../server1_bsp/\libucosii_bsp.a(nptcp.o)
                0x00827358                pffindtype
                0x008273f8                pffindproto
                0x008274c8                m_getnbuf
                0x00827670                m_free
                0x008277a4                m_freem
                0x008277e8                m_copy
                0x00827b0c                m_adj
                0x00827cdc                mbuf_len
                0x00827d34                dtom
                0x00827ddc                remque
                0x00827e4c                insque
                0x00827ec8                nptcp_init
                0x00827fec                tcp_rcv
                0x008281d8                ip_output
                0x008287d0                in_broadcast
                0x00828810                np_stripoptions
                0x008288f8                so_icmpdu
                0x00828c50                tcp_tick
 .text          0x00828d10      0xa2c ../server1_bsp/\libucosii_bsp.a(rawsock.o)
                0x00828d10                rawip_lookup
                0x00828d80                rawip_soinput
                0x00828f54                rawip_usrreq
 .text          0x0082973c     0x17fc ../server1_bsp/\libucosii_bsp.a(sockcall.o)
                0x0082973c                DOMAIN_CHECK
                0x00829788                t_socket
                0x00829818                t_bind
                0x00829994                t_listen
                0x00829a78                t_accept
                0x00829d10                t_connect
                0x00829fb8                t_getpeername
                0x00829ffc                t_getsockname
                0x0082a23c                t_setsockopt
                0x0082a418                t_getsockopt
                0x0082a5bc                t_recv
                0x0082a6ac                t_recvfrom
                0x0082a7fc                t_sendto
                0x0082aa28                t_send
                0x0082ac50                t_shutdown
                0x0082ad34                t_socketclose
                0x0082ae9c                t_errno
 .text          0x0082af38     0x23ec ../server1_bsp/\libucosii_bsp.a(socket.o)
                0x0082af38                socreate
                0x0082b104                sobind
                0x0082b160                solisten
                0x0082b250                sofree
                0x0082b380                soclose
                0x0082b6ec                soabort
                0x0082b73c                soaccept
                0x0082b7d8                soconnect
                0x0082b8ac                sodisconnect
                0x0082b94c                sosend
                0x0082bf54                soreceive
                0x0082c738                soshutdown
                0x0082c7e0                sorflush
                0x0082c8e0                sosetopt
                0x0082cda0                sogetopt
                0x0082d2e0                sohasoutofband
 .text          0x0082d324     0x1318 ../server1_bsp/\libucosii_bsp.a(socket2.o)
                0x0082d324                soisconnecting
                0x0082d390                soisconnected
                0x0082d48c                soisdisconnecting
                0x0082d518                soisdisconnected
                0x0082d5d4                sonewconn
                0x0082d7f0                soqinsque
                0x0082d89c                soqremque
                0x0082d9bc                socantsendmore
                0x0082da0c                socantrcvmore
                0x0082da5c                sbselqueue
                0x0082da94                sbwait
                0x0082dafc                sbwakeup
                0x0082db98                soreserve
                0x0082dc18                sbreserve
                0x0082dc78                sbrelease
                0x0082dcc0                sbappend
                0x0082dd68                sbappendrecord
                0x0082de48                sbappendaddr
                0x0082e050                sbcompress
                0x0082e238                sbflush
                0x0082e2c8                sbdrop
                0x0082e498                sbdropend
                0x0082e5a8                sbdroprecord
 .text          0x0082e63c      0x914 ../server1_bsp/\libucosii_bsp.a(soselect.o)
                0x0082e63c                t_select
                0x0082e85c                sock_selscan
                0x0082e9b4                sock_select
                0x0082ebc8                in_pcbnotify
                0x0082ec94                tcp_notify
                0x0082ecfc                ifd_clr
                0x0082edec                ifd_set
                0x0082ee60                ifd_isset
                0x0082eee0                ifd_get
 .text          0x0082ef50     0x3020 ../server1_bsp/\libucosii_bsp.a(tcp_in.o)
                0x0082ef50                tcp_reass
                0x0082f358                tcp_input
                0x008318ac                tcp_dooptions
                0x00831a3c                tcp_pulloutofband
                0x00831b68                tcp_xmit_timer
                0x00831e0c                ip4_tcpmss
                0x00831e54                tcp_mss
 .text          0x00831f70     0x1360 ../server1_bsp/\libucosii_bsp.a(tcp_out.o)
                0x00831f70                tcp_output
                0x008330ec                tcp_setpersist
 .text          0x008332d0      0x9e8 ../server1_bsp/\libucosii_bsp.a(tcp_subr.o)
                0x008332d0                tcp_init
                0x00833328                tcp_template
                0x00833440                tcp_respond
                0x008338c8                tcp_newtcpcb
                0x008339e0                tcp_drop
                0x00833a8c                tcp_close
                0x00833b74                tcp_quench
                0x00833bc0                tcp_putseq
                0x00833c40                tcp_getseq
 .text          0x00833cb8      0x798 ../server1_bsp/\libucosii_bsp.a(tcp_timr.o)
                0x00833cb8                tcp_slowtimo
                0x00833f58                tcp_canceltimers
                0x00833fb4                tcp_timers
 .text          0x00834450      0x9ec ../server1_bsp/\libucosii_bsp.a(tcp_usr.o)
                0x00834450                tcp_usrreq
                0x00834b54                tcp_attach
                0x00834c88                tcp_disconnect
                0x00834d5c                tcp_usrclosed
 .text          0x00834e3c       0x4c ../server1_bsp/\libucosii_bsp.a(tcpport.o)
                0x00834e3c                tcpinit
 .text          0x00834e88      0xd20 ../server1_bsp/\libucosii_bsp.a(udpsock.o)
                0x00834e88                udp_lookup
                0x00834ef8                udp_soinput
                0x008350b0                udp_usrreq
                0x00835334                udp4_sockbind
                0x00835670                udp4_socksend
                0x00835a4c                udp4_sockaddr
 .text          0x00835ba8      0x154 ../server1_bsp/\libucosii_bsp.a(alt_alarm_start.o)
                0x00835ba8                alt_alarm_start
 .text          0x00835cfc      0x14c ../server1_bsp/\libucosii_bsp.a(alt_busy_sleep.o)
                0x00835cfc                alt_busy_sleep
 .text          0x00835e48      0x15c ../server1_bsp/\libucosii_bsp.a(alt_close.o)
                0x00835e48                alt_close
 .text          0x00835fa4       0x78 ../server1_bsp/\libucosii_bsp.a(alt_dcache_flush.o)
                0x00835fa4                alt_dcache_flush
 .text          0x0083601c       0x2c ../server1_bsp/\libucosii_bsp.a(alt_dev.o)
 .text          0x00836048      0x114 ../server1_bsp/\libucosii_bsp.a(alt_dev_llist_insert.o)
                0x00836048                alt_dev_llist_insert
 .text          0x0083615c       0x64 ../server1_bsp/\libucosii_bsp.a(alt_do_ctors.o)
                0x0083615c                _do_ctors
 .text          0x008361c0       0x64 ../server1_bsp/\libucosii_bsp.a(alt_do_dtors.o)
                0x008361c0                _do_dtors
 .text          0x00836224        0x0 ../server1_bsp/\libucosii_bsp.a(alt_errno.o)
 .text          0x00836224       0x94 ../server1_bsp/\libucosii_bsp.a(alt_find_dev.o)
                0x00836224                alt_find_dev
 .text          0x008362b8      0x1d4 ../server1_bsp/\libucosii_bsp.a(alt_iic.o)
                0x008362b8                alt_ic_isr_register
                0x00836308                alt_ic_irq_enable
                0x008363a4                alt_ic_irq_disable
                0x00836444                alt_ic_irq_enabled
 .text          0x0083648c       0xf8 ../server1_bsp/\libucosii_bsp.a(alt_iic_isr_register.o)
                0x0083648c                alt_iic_isr_register
 .text          0x00836584      0x13c ../server1_bsp/\libucosii_bsp.a(alt_io_redirect.o)
                0x00836648                alt_io_redirect
 .text          0x008366c0        0x0 ../server1_bsp/\libucosii_bsp.a(alt_irq_entry.o)
 .text          0x008366c0        0x0 ../server1_bsp/\libucosii_bsp.a(alt_irq_handler.o)
 .text          0x008366c0      0x2c4 ../server1_bsp/\libucosii_bsp.a(alt_open.o)
                0x0083679c                open
 .text          0x00836984      0x180 ../server1_bsp/\libucosii_bsp.a(alt_read.o)
                0x00836984                alt_read
 .text          0x00836b04       0x60 ../server1_bsp/\libucosii_bsp.a(alt_release_fd.o)
                0x00836b04                alt_release_fd
 .text          0x00836b64       0x38 ../server1_bsp/\libucosii_bsp.a(alt_remap_cached.o)
                0x00836b64                alt_remap_cached
 .text          0x00836b9c       0x40 ../server1_bsp/\libucosii_bsp.a(alt_remap_uncached.o)
                0x00836b9c                alt_remap_uncached
 .text          0x00836bdc      0x1a8 ../server1_bsp/\libucosii_bsp.a(alt_tick.o)
                0x00836bdc                alt_alarm_stop
                0x00836c74                alt_tick
 .text          0x00836d84      0x180 ../server1_bsp/\libucosii_bsp.a(alt_write.o)
                0x00836d84                alt_write
 .text          0x00836f04       0x20 ../server1_bsp/\libucosii_bsp.a(altera_nios2_qsys_irq.o)
                0x00836f04                altera_nios2_qsys_irq_init
 .text          0x00836f24       0xd0 ../server1_bsp/\libucosii_bsp.a(os_cpu_a.o)
                0x00836f24                OSCtxSw
                0x00836f24                OSIntCtxSw
                0x00836fb0                OSStartHighRdy
                0x00836fd0                OSStartTsk
 .text          0x00836ff4      0x424 ../server1_bsp/\libucosii_bsp.a(os_cpu_c.o)
                0x00836ff4                OSTaskStkInit
                0x00837304                OSTaskCreateHook
                0x00837324                OSTaskDelHook
                0x00837344                OSTaskSwHook
                0x00837360                OSTaskStatHook
                0x0083737c                OSTimeTickHook
                0x008373a4                OSInitHookBegin
                0x008373c0                OSInitHookEnd
                0x008373dc                OSTaskIdleHook
                0x008373f8                OSTCBInitHook
 .text          0x00837418      0x460 ../server1_bsp/\libucosii_bsp.a(altera_avalon_cfi_flash_amd.o)
                0x00837418                alt_program_amd
                0x00837480                alt_erase_block_amd
 .text          0x00837878      0x460 ../server1_bsp/\libucosii_bsp.a(altera_avalon_cfi_flash_intel.o)
                0x00837878                alt_program_intel
                0x008378fc                alt_erase_block_intel
 .text          0x00837cd8      0x238 ../server1_bsp/\libucosii_bsp.a(altera_avalon_spi.o)
                0x00837cd8                alt_avalon_spi_command
 .text          0x00837f10      0x444 ../server1_bsp/\libucosii_bsp.a(allports.o)
                0x00837f10                netmain_init
                0x0083800c                icmp_port_du
                0x00838094                station_state
                0x008381f8                sysuptime
                0x0083828c                packet_check
                0x008382d8                mcastlist
                0x008382fc                prep_modules
 .text          0x00838354      0x580 ../server1_bsp/\libucosii_bsp.a(timeouts.o)
                0x00838354                inet_timer
                0x00838654                in_timerset
                0x0083882c                in_timerkill
 .text          0x008388d4       0xa4 ../server1_bsp/\libucosii_bsp.a(tk_misc.o)
                0x008388d4                create_apptasks
                0x008388f8                task_stats
 .text          0x00838978       0xb0 ../server1_bsp/\libucosii_bsp.a(alt_iniche_fcntl.o)
                0x00838978                fcntl
 .text          0x00838a28     0x15b0 ../server1_bsp/\libucosii_bsp.a(et_arp.o)
                0x00838a28                etainit
                0x00838a7c                et_send
                0x00838bf8                arp_free_pending
                0x00838c80                arp_send_pending
                0x00838cf4                send_arp
                0x0083918c                find_oldest_arp
                0x00839388                make_arp_entry
                0x0083949c                arpReply
                0x00839730                arprcv
                0x00839990                send_via_arp
                0x00839b60                cb_arpent_tmo
                0x00839d0c                grat_arp
 .text          0x00839fd8      0x298 ../server1_bsp/\libucosii_bsp.a(iface.o)
                0x00839fd8                if_getbynum
                0x0083a05c                isbcast
                0x0083a13c                reg_type
                0x0083a1d8                if_killsocks
 .text          0x0083a270     0x22a4 ../server1_bsp/\libucosii_bsp.a(ip.o)
                0x0083a270                ip_init
                0x0083a36c                ip_bldhead
                0x0083a510                ip_write_internal
                0x0083ac90                ip_write
                0x0083aed8                ip_write2
                0x0083b288                ip_raw_write
                0x0083b360                ip_fragment_lc
                0x0083b7e8                ip_fragment
                0x0083be0c                ip_mymach
                0x0083beb8                ip_dump
                0x0083c170                iproute
                0x0083c3dc                ip_copypkt
 .text          0x0083c514     0x1e08 ../server1_bsp/\libucosii_bsp.a(ip_reasm.o)
                0x0083c514                ip_reasm_match_frag_with_ire
                0x0083c5e4                ip_reasm_determine_type_of_frag
                0x0083c6d0                ip_reasm_check_mem_useage
                0x0083c768                ip_reasm_incr_mem_useage
                0x0083c810                ip_reasm_decr_mem_useage
                0x0083c8b0                ip_reasm_process_first_fragment
                0x0083cb90                ip_reassm
                0x0083cc30                ip_reasm_compute_overlap
                0x0083d1c0                ip_reasm_process_subsequent_fragments
                0x0083d754                ip_reasm_find_ire
                0x0083d7b8                ip_reasm_copy_queued_fragments_into_reassy_buffer
                0x0083db14                ip_reasm_process_timer_tick
                0x0083dc34                ip_reasm_delete_ire
                0x0083ddfc                ip_reasm_mark_compact_rfq
                0x0083df44                ipr_stats
                0x0083e2c8                ip_reasm_send_icmp_timex
 .text          0x0083e31c      0xe3c ../server1_bsp/\libucosii_bsp.a(ipdemux.o)
                0x0083e31c                ip_rcv
                0x0083e71c                ip_rcv_phase2
                0x0083ed28                ip_demux
 .text          0x0083f158      0x2f0 ../server1_bsp/\libucosii_bsp.a(ipmc.o)
                0x0083f158                in_addmulti
                0x0083f2c0                in_delmulti
                0x0083f3d8                lookup_mcast
 .text          0x0083f448       0xe4 ../server1_bsp/\libucosii_bsp.a(ipport.o)
                0x0083f448                prep_ifaces
                0x0083f4dc                netexit
                0x0083f504                evtmap_setup
 .text          0x0083f52c      0x550 ../server1_bsp/\libucosii_bsp.a(ipraw.o)
                0x0083f52c                ip_raw_open
                0x0083f61c                ip_raw_close
                0x0083f6dc                ip_raw_input
                0x0083f914                ip_raw_alloc
                0x0083f9e0                ip_raw_free
                0x0083fa20                ip_raw_maxalloc
 .text          0x0083fa7c      0x6f0 ../server1_bsp/\libucosii_bsp.a(iproute.o)
                0x0083fa7c                rt_lookup
                0x0083fc00                add_route
                0x00840028                del_route
 .text          0x0084016c      0xe3c ../server1_bsp/\libucosii_bsp.a(udp.o)
                0x0084016c                udpdemux
                0x008409c4                udp_send
                0x00840c7c                udpswap
                0x00840dac                udp_socket
                0x00840e7c                udp_alloc
                0x00840f3c                udp_maxalloc
                0x00840f68                udp_free
 .text          0x00840fa8      0x2e8 ../server1_bsp/\libucosii_bsp.a(igmp.o)
                0x00840fa8                igmpv1_input
 .text          0x00841290      0x7c0 ../server1_bsp/\libucosii_bsp.a(igmp2.o)
                0x00841290                igmpv2_input
                0x008413f0                igmpv2_process_report
                0x0084153c                igmpv2_process_query
                0x00841788                igmpv2_chk_set_timer
                0x008418e0                igmpv2_chk4_rtr_alert_opt
 .text          0x00841a50      0x8fc ../server1_bsp/\libucosii_bsp.a(ipopt.o)
                0x00841a50                IPADDR_TO_NETP
                0x00841b98                ip_setmoptions
                0x00842188                ip_getmoptions
                0x008422c8                ip_freemoptions
 .text          0x0084234c      0x6e8 ../server1_bsp/\libucosii_bsp.a(u_mctest.o)
                0x0084234c                u_mctest_init
                0x0084237c                u_mctest_run
 .text          0x00842a34      0x3d0 ../server1_bsp/\libucosii_bsp.a(dhcsetup.o)
                0x00842a34                dhc_setup
                0x00842d00                dhc_main_ipset
 .text          0x00842e04      0x40c ../server1_bsp/\libucosii_bsp.a(memdev.o)
                0x00842e04                init_memdev
                0x00842e7c                md_fopen
                0x00842ea4                md_fclose
                0x00842ec4                md_fread
                0x00843044                md_fwrite
                0x008430c4                md_fseek
                0x008430f0                md_ftell
                0x00843114                md_fgetc
                0x008431ec                md_unlink
 .text          0x00843210      0x1cc ../server1_bsp/\libucosii_bsp.a(tcpcksum.o)
                0x00843210                tcp_cksum
 .text          0x008433dc      0x900 ../server1_bsp/\libucosii_bsp.a(in_pcb.o)
                0x008433dc                in_pcballoc
                0x00843470                in_pcbdetach
                0x008434c4                in_pcbbind
                0x00843718                in_pcbconnect
                0x00843928                in_pcbdisconnect
                0x00843988                in_setsockaddr
                0x00843a04                in_setpeeraddr
                0x00843a80                in_pcblookup
 .text          0x00843cdc     0x1a74 ../server1_bsp/\libucosii_bsp.a(vfsfiles.o)
                0x00843cdc                set_vfopen_error
                0x00843d04                get_vfopen_error
                0x00843d24                vf_alloc_and_link_vop
                0x00843da0                vf_alloc_buffer
                0x00843e78                vf_free_buffer
                0x00843ec8                vfopen_locked
                0x00844230                vfopen
                0x00844280                vfclose_locked
                0x00844428                vfclose
                0x00844468                vfflush
                0x008444b0                vfgets
                0x00844594                vfeof
                0x008445ec                vunlink_flag_open_files
                0x00844648                vunlink
                0x00844868                vfread
                0x00844a14                vfwrite_locked
                0x00844dfc                vfwrite
                0x00844e5c                vfseek
                0x00844fd8                vftell
                0x0084510c                vgetc_locked
                0x0084522c                vgetc
                0x00845274                vfslookup_locked
                0x008453ac                vfslookup
                0x008453f4                strippath
                0x008455dc                isvfile_locked
                0x00845640                isvfile
                0x00845688                vferror
                0x008456f4                vclearerr
 .text          0x00845750       0x24 ../server1_bsp/\libucosii_bsp.a(vfsport.o)
                0x00845750                prep_vfs
 .text          0x00845774        0x0 ../server1_bsp/\libucosii_bsp.a(alt_exception_entry.o)
 .text          0x00845774      0x1b4 ../server1_bsp/\libucosii_bsp.a(alt_fcntl.o)
                0x00845774                alt_fcntl
 .text          0x00845928      0x120 ../server1_bsp/\libucosii_bsp.a(alt_find_file.o)
                0x00845928                alt_find_file
 .text          0x00845a48       0xf4 ../server1_bsp/\libucosii_bsp.a(alt_get_fd.o)
                0x00845a48                alt_get_fd
 .text          0x00845b3c     0x130c ../server1_bsp/\libucosii_bsp.a(icmp.o)
                0x00845b3c                icmprcv
                0x00846770                icmp_destun
                0x00846ac0                icmp_timex
                0x00846df4                icmp_du
 .text          0x00846e48       0x14 c:/altera/13.0sp1/nios2eds/bin/gnu/h-i686-mingw32/bin/../lib/gcc/nios2-elf/4.1.2/../../../../nios2-elf/lib\libc.a(lib_a-atexit.o)
                0x00846e48                atexit
 .text          0x00846e5c       0x18 c:/altera/13.0sp1/nios2eds/bin/gnu/h-i686-mingw32/bin/../lib/gcc/nios2-elf/4.1.2/../../../../nios2-elf/lib\libc.a(lib_a-atoi.o)
                0x00846e5c                _atoi_r
                0x00846e68                atoi
 .text          0x00846e74       0x1c c:/altera/13.0sp1/nios2eds/bin/gnu/h-i686-mingw32/bin/../lib/gcc/nios2-elf/4.1.2/../../../../nios2-elf/lib\libc.a(lib_a-calloc.o)
                0x00846e74                calloc
 .text          0x00846e90       0x28 c:/altera/13.0sp1/nios2eds/bin/gnu/h-i686-mingw32/bin/../lib/gcc/nios2-elf/4.1.2/../../../../nios2-elf/lib\libc.a(lib_a-malloc.o)
                0x00846e90                free
                0x00846ea4                malloc
 .text          0x00846eb8       0x74 c:/altera/13.0sp1/nios2eds/bin/gnu/h-i686-mingw32/bin/../lib/gcc/nios2-elf/4.1.2/../../../../nios2-elf/lib\libc.a(lib_a-memcmp.o)
                0x00846eb8                memcmp
 .text          0x00846f2c       0x8c c:/altera/13.0sp1/nios2eds/bin/gnu/h-i686-mingw32/bin/../lib/gcc/nios2-elf/4.1.2/../../../../nios2-elf/lib\libc.a(lib_a-strcpy.o)
                0x00846f2c                strcpy
 .text          0x00846fb8       0xf0 c:/altera/13.0sp1/nios2eds/bin/gnu/h-i686-mingw32/bin/../lib/gcc/nios2-elf/4.1.2/../../../../nios2-elf/lib\libc.a(lib_a-strncmp.o)
                0x00846fb8                strncmp
 .text          0x008470a8       0xbc c:/altera/13.0sp1/nios2eds/bin/gnu/h-i686-mingw32/bin/../lib/gcc/nios2-elf/4.1.2/../../../../nios2-elf/lib\libc.a(lib_a-strncpy.o)
                0x008470a8                strncpy
 .text          0x00847164      0x268 c:/altera/13.0sp1/nios2eds/bin/gnu/h-i686-mingw32/bin/../lib/gcc/nios2-elf/4.1.2/../../../../nios2-elf/lib\libc.a(lib_a-strtol.o)
                0x00847164                _strtol_r
                0x008473a8                strtol
 .text          0x008473cc       0x34 c:/altera/13.0sp1/nios2eds/bin/gnu/h-i686-mingw32/bin/../lib/gcc/nios2-elf/4.1.2/../../../../nios2-elf/lib\libc.a(lib_a-vprintf.o)
                0x008473cc                _vprintf_r
                0x008473e0                vprintf
 .text          0x00847400       0x74 c:/altera/13.0sp1/nios2eds/bin/gnu/h-i686-mingw32/bin/../lib/gcc/nios2-elf/4.1.2/../../../../nios2-elf/lib\libc.a(lib_a-vsprintf.o)
                0x00847400                _vsprintf_r
                0x00847450                vsprintf
 .text          0x00847474      0x134 c:/altera/13.0sp1/nios2eds/bin/gnu/h-i686-mingw32/bin/../lib/gcc/nios2-elf/4.1.2/../../../../nios2-elf/lib\libc.a(lib_a-__atexit.o)
                0x00847474                __register_exitproc
 *(.gnu.warning.*)
 *(.fini)
                0x008475a8                PROVIDE (__etext, ABSOLUTE (.))
                0x008475a8                PROVIDE (_etext, ABSOLUTE (.))
                0x008475a8                PROVIDE (etext, ABSOLUTE (.))
 *(.eh_frame_hdr)
                0x008475a8                . = ALIGN (0x4)
                0x008475a8                PROVIDE (__preinit_array_start, ABSOLUTE (.))
 *(.preinit_array)
                0x008475a8                PROVIDE (__preinit_array_end, ABSOLUTE (.))
                0x008475a8                PROVIDE (__init_array_start, ABSOLUTE (.))
 *(.init_array)
                0x008475a8                PROVIDE (__init_array_end, ABSOLUTE (.))
                0x008475a8                PROVIDE (__fini_array_start, ABSOLUTE (.))
 *(.fini_array)
                0x008475a8                PROVIDE (__fini_array_end, ABSOLUTE (.))
 *(.eh_frame)
 *(.gcc_except_table)
 *(.dynamic)
                0x008475a8                PROVIDE (__CTOR_LIST__, ABSOLUTE (.))
 *(.ctors)
 *(SORT(.ctors.*))
 .ctors.65535   0x008475a8        0x4 c:/altera/13.0sp1/nios2eds/bin/gnu/h-i686-mingw32/bin/../lib/gcc/nios2-elf/4.1.2/../../../../nios2-elf/lib\libc.a(lib_a-__call_atexit.o)
                0x008475ac                PROVIDE (__CTOR_END__, ABSOLUTE (.))
                0x008475ac                PROVIDE (__DTOR_LIST__, ABSOLUTE (.))
 *(.dtors)
 *(SORT(.dtors.*))
                0x008475ac                PROVIDE (__DTOR_END__, ABSOLUTE (.))
 *(.jcr)
                0x008475ac                . = ALIGN (0x4)

.rodata         0x008475ac     0x41c8
                0x008475ac                PROVIDE (__ram_rodata_start, ABSOLUTE (.))
                0x008475ac                . = ALIGN (0x4)
 *(.rodata .rodata.* .gnu.linkonce.r.*)
 .rodata        0x008475ac       0x60 obj/default/LCD.o
 .rodata        0x0084760c       0xa8 obj/default/SSS_DE2_115.o
 .rodata        0x008476b4      0xba4 obj/default/alt_error_handler.o
 .rodata        0x00848258       0x64 obj/default/dm9000a.o
 .rodata        0x008482bc       0xb8 obj/default/iniche_init.o
 .rodata        0x00848374      0x234 obj/default/network_utilities.o
 .rodata        0x008485a8      0x2d4 obj/default/simple_socket_server.o
 .rodata        0x0084887c       0x14 c:/altera/13.0sp1/nios2eds/bin/gnu/h-i686-mingw32/bin/../lib/gcc/nios2-elf/4.1.2\libgcc.a(_thenan_df.o)
                0x0084887c                __thenan_df
 .rodata        0x00848890      0x100 c:/altera/13.0sp1/nios2eds/bin/gnu/h-i686-mingw32/bin/../lib/gcc/nios2-elf/4.1.2\libgcc.a(_clz.o)
                0x00848890                __clz_tab
 .rodata        0x00848990      0x281 c:/altera/13.0sp1/nios2eds/bin/gnu/h-i686-mingw32/bin/../lib/gcc/nios2-elf/4.1.2/../../../../nios2-elf/lib\libc.a(lib_a-ctype_.o)
                0x00848990                _ctype_
 *fill*         0x00848c11        0x3 00
 .rodata.str1.4
                0x00848c14        0x2 c:/altera/13.0sp1/nios2eds/bin/gnu/h-i686-mingw32/bin/../lib/gcc/nios2-elf/4.1.2/../../../../nios2-elf/lib\libc.a(lib_a-impure.o)
                                  0x4 (size before relaxing)
 *fill*         0x00848c16        0x2 00
 .rodata.str1.4
                0x00848c18        0x3 c:/altera/13.0sp1/nios2eds/bin/gnu/h-i686-mingw32/bin/../lib/gcc/nios2-elf/4.1.2/../../../../nios2-elf/lib\libc.a(lib_a-perror.o)
                                  0x4 (size before relaxing)
 *fill*         0x00848c1b        0x1 00
 .rodata.str1.4
                0x00848c1c        0x2 c:/altera/13.0sp1/nios2eds/bin/gnu/h-i686-mingw32/bin/../lib/gcc/nios2-elf/4.1.2/../../../../nios2-elf/lib\libc.a(lib_a-puts.o)
                                  0x4 (size before relaxing)
 *fill*         0x00848c1e        0x2 00
 .rodata.str1.4
                0x00848c20      0x7a2 c:/altera/13.0sp1/nios2eds/bin/gnu/h-i686-mingw32/bin/../lib/gcc/nios2-elf/4.1.2/../../../../nios2-elf/lib\libc.a(lib_a-strerror.o)
                                0x7a8 (size before relaxing)
 *fill*         0x008493c2        0x2 00
 .rodata.str1.4
                0x008493c4       0x5e c:/altera/13.0sp1/nios2eds/bin/gnu/h-i686-mingw32/bin/../lib/gcc/nios2-elf/4.1.2/../../../../nios2-elf/lib\libc.a(lib_a-vfprintf.o)
                                 0x60 (size before relaxing)
 .rodata        0x00849422       0x20 c:/altera/13.0sp1/nios2eds/bin/gnu/h-i686-mingw32/bin/../lib/gcc/nios2-elf/4.1.2/../../../../nios2-elf/lib\libc.a(lib_a-vfprintf.o)
 *fill*         0x00849442        0x2 00
 .rodata.str1.4
                0x00849444       0x10 c:/altera/13.0sp1/nios2eds/bin/gnu/h-i686-mingw32/bin/../lib/gcc/nios2-elf/4.1.2/../../../../nios2-elf/lib\libc.a(lib_a-dtoa.o)
                                 0x14 (size before relaxing)
 .rodata.str1.4
                0x00849454       0x10 c:/altera/13.0sp1/nios2eds/bin/gnu/h-i686-mingw32/bin/../lib/gcc/nios2-elf/4.1.2/../../../../nios2-elf/lib\libc.a(lib_a-locale.o)
                                 0x18 (size before relaxing)
 .rodata        0x00849464       0x30 c:/altera/13.0sp1/nios2eds/bin/gnu/h-i686-mingw32/bin/../lib/gcc/nios2-elf/4.1.2/../../../../nios2-elf/lib\libc.a(lib_a-locale.o)
 .rodata        0x00849494      0x124 c:/altera/13.0sp1/nios2eds/bin/gnu/h-i686-mingw32/bin/../lib/gcc/nios2-elf/4.1.2/../../../../nios2-elf/lib\libc.a(lib_a-mprec.o)
                0x00849494                __mprec_tens
                0x0084955c                __mprec_bigtens
                0x00849584                __mprec_tinytens
 .rodata        0x008495b8       0x14 ../server1_bsp/\libucosii_bsp.a(alt_main.o)
 .rodata        0x008495cc      0x120 ../server1_bsp/\libucosii_bsp.a(os_core.o)
                0x008495cc                OSUnMapTbl
 .rodata        0x008496ec       0x60 ../server1_bsp/\libucosii_bsp.a(alt_sys_init.o)
 .rodata        0x0084974c       0xd8 ../server1_bsp/\libucosii_bsp.a(ipnet.o)
 .rodata        0x00849824       0xec ../server1_bsp/\libucosii_bsp.a(ipstart.o)
 .rodata        0x00849910      0x54c ../server1_bsp/\libucosii_bsp.a(igmp_cmn.o)
 .rodata        0x00849e5c       0xb8 ../server1_bsp/\libucosii_bsp.a(in_utils.o)
 .rodata        0x00849f14       0x34 ../server1_bsp/\libucosii_bsp.a(netmain.o)
 .rodata        0x00849f48       0x94 ../server1_bsp/\libucosii_bsp.a(parseip.o)
 .rodata        0x00849fdc      0x1a8 ../server1_bsp/\libucosii_bsp.a(tk_crnos.o)
 .rodata        0x0084a184        0x8 ../server1_bsp/\libucosii_bsp.a(dhcpclnt.o)
 .rodata        0x0084a18c      0x118 ../server1_bsp/\libucosii_bsp.a(pktalloc.o)
 .rodata        0x0084a2a4       0x84 ../server1_bsp/\libucosii_bsp.a(udp_open.o)
 .rodata        0x0084a328       0x2c ../server1_bsp/\libucosii_bsp.a(brdutils.o)
 .rodata        0x0084a354      0x26c ../server1_bsp/\libucosii_bsp.a(osportco.o)
 .rodata        0x0084a5c0       0xa0 ../server1_bsp/\libucosii_bsp.a(targnios.o)
 .rodata        0x0084a660       0x90 ../server1_bsp/\libucosii_bsp.a(nptcp.o)
 .rodata        0x0084a6f0        0x8 ../server1_bsp/\libucosii_bsp.a(sockcall.o)
 .rodata        0x0084a6f8       0x50 ../server1_bsp/\libucosii_bsp.a(socket.o)
 .rodata        0x0084a748       0x40 ../server1_bsp/\libucosii_bsp.a(socket2.o)
 .rodata        0x0084a788       0x20 ../server1_bsp/\libucosii_bsp.a(tcp_in.o)
 .rodata        0x0084a7a8       0x40 ../server1_bsp/\libucosii_bsp.a(tcp_out.o)
 .rodata        0x0084a7e8       0x24 ../server1_bsp/\libucosii_bsp.a(tcp_subr.o)
 .rodata        0x0084a80c       0x2c ../server1_bsp/\libucosii_bsp.a(tcp_usr.o)
 .rodata        0x0084a838        0xc ../server1_bsp/\libucosii_bsp.a(alt_dev.o)
 .rodata        0x0084a844        0x4 ../server1_bsp/\libucosii_bsp.a(os_cpu_c.o)
 .rodata        0x0084a848      0x1d4 ../server1_bsp/\libucosii_bsp.a(allports.o)
 .rodata        0x0084aa1c       0x34 ../server1_bsp/\libucosii_bsp.a(tk_misc.o)
 .rodata        0x0084aa50       0x44 ../server1_bsp/\libucosii_bsp.a(et_arp.o)
 .rodata        0x0084aa94      0x1dc ../server1_bsp/\libucosii_bsp.a(ip.o)
 .rodata        0x0084ac70      0x158 ../server1_bsp/\libucosii_bsp.a(ip_reasm.o)
 .rodata        0x0084adc8      0x120 ../server1_bsp/\libucosii_bsp.a(ipdemux.o)
 .rodata        0x0084aee8       0x34 ../server1_bsp/\libucosii_bsp.a(ipport.o)
 .rodata        0x0084af1c       0x24 ../server1_bsp/\libucosii_bsp.a(ipraw.o)
 .rodata        0x0084af40       0x38 ../server1_bsp/\libucosii_bsp.a(iproute.o)
 .rodata        0x0084af78       0xe8 ../server1_bsp/\libucosii_bsp.a(udp.o)
 .rodata        0x0084b060      0x2d0 ../server1_bsp/\libucosii_bsp.a(u_mctest.o)
 .rodata        0x0084b330       0xf8 ../server1_bsp/\libucosii_bsp.a(dhcsetup.o)
 .rodata        0x0084b428       0x34 ../server1_bsp/\libucosii_bsp.a(vfsfiles.o)
 .rodata        0x0084b45c      0x318 ../server1_bsp/\libucosii_bsp.a(icmp.o)
 *(.rodata1)
                0x0084b774                . = ALIGN (0x4)
                0x0084b774                PROVIDE (__ram_rodata_end, ABSOLUTE (.))
                0x008475ac                PROVIDE (__flash_rodata_start, LOADADDR (.rodata))

.rwdata         0x0084b774     0x213c
                0x0084b774                PROVIDE (__ram_rwdata_start, ABSOLUTE (.))
                0x0084b774                . = ALIGN (0x4)
 *(.got.plt)
 *(.got)
 *(.data1)
 *(.data .data.* .gnu.linkonce.d.*)
 .data          0x0084b774        0x0 ../server1_bsp//obj/HAL/src/crt0.o
 .data          0x0084b774        0x0 obj/default/LCD.o
 .data          0x0084b774        0x0 obj/default/SSS_DE2_115.o
 .data          0x0084b774        0x0 obj/default/alt_error_handler.o
 .data          0x0084b774        0x0 obj/default/dm9000a.o
 .data          0x0084b774       0x18 obj/default/iniche_init.o
                0x0084b774                ssstask
 .data          0x0084b78c        0x0 obj/default/led.o
 .data          0x0084b78c        0x0 obj/default/network_utilities.o
 .data          0x0084b78c        0x0 obj/default/simple_socket_server.o
 .data          0x0084b78c        0x0 obj/default/tse_my_system.o
 .data          0x0084b78c        0x0 c:/altera/13.0sp1/nios2eds/bin/gnu/h-i686-mingw32/bin/../lib/gcc/nios2-elf/4.1.2\libgcc.a(_fixunsdfsi.o)
 .data          0x0084b78c        0x0 c:/altera/13.0sp1/nios2eds/bin/gnu/h-i686-mingw32/bin/../lib/gcc/nios2-elf/4.1.2\libgcc.a(_si_to_sf.o)
 .data          0x0084b78c        0x0 c:/altera/13.0sp1/nios2eds/bin/gnu/h-i686-mingw32/bin/../lib/gcc/nios2-elf/4.1.2\libgcc.a(_sf_to_si.o)
 .data          0x0084b78c        0x0 c:/altera/13.0sp1/nios2eds/bin/gnu/h-i686-mingw32/bin/../lib/gcc/nios2-elf/4.1.2\libgcc.a(_usi_to_sf.o)
 .data          0x0084b78c        0x0 c:/altera/13.0sp1/nios2eds/bin/gnu/h-i686-mingw32/bin/../lib/gcc/nios2-elf/4.1.2\libgcc.a(_addsub_df.o)
 .data          0x0084b78c        0x0 c:/altera/13.0sp1/nios2eds/bin/gnu/h-i686-mingw32/bin/../lib/gcc/nios2-elf/4.1.2\libgcc.a(_mul_df.o)
 .data          0x0084b78c        0x0 c:/altera/13.0sp1/nios2eds/bin/gnu/h-i686-mingw32/bin/../lib/gcc/nios2-elf/4.1.2\libgcc.a(_ge_df.o)
 .data          0x0084b78c        0x0 c:/altera/13.0sp1/nios2eds/bin/gnu/h-i686-mingw32/bin/../lib/gcc/nios2-elf/4.1.2\libgcc.a(_df_to_si.o)
 .data          0x0084b78c        0x0 c:/altera/13.0sp1/nios2eds/bin/gnu/h-i686-mingw32/bin/../lib/gcc/nios2-elf/4.1.2\libgcc.a(_thenan_df.o)
 .data          0x0084b78c        0x0 c:/altera/13.0sp1/nios2eds/bin/gnu/h-i686-mingw32/bin/../lib/gcc/nios2-elf/4.1.2\libgcc.a(_usi_to_df.o)
 .data          0x0084b78c        0x0 c:/altera/13.0sp1/nios2eds/bin/gnu/h-i686-mingw32/bin/../lib/gcc/nios2-elf/4.1.2\libgcc.a(_muldi3.o)
 .data          0x0084b78c        0x0 c:/altera/13.0sp1/nios2eds/bin/gnu/h-i686-mingw32/bin/../lib/gcc/nios2-elf/4.1.2\libgcc.a(_clzsi2.o)
 .data          0x0084b78c        0x0 c:/altera/13.0sp1/nios2eds/bin/gnu/h-i686-mingw32/bin/../lib/gcc/nios2-elf/4.1.2\libgcc.a(_pack_sf.o)
 .data          0x0084b78c        0x0 c:/altera/13.0sp1/nios2eds/bin/gnu/h-i686-mingw32/bin/../lib/gcc/nios2-elf/4.1.2\libgcc.a(_unpack_sf.o)
 .data          0x0084b78c        0x0 c:/altera/13.0sp1/nios2eds/bin/gnu/h-i686-mingw32/bin/../lib/gcc/nios2-elf/4.1.2\libgcc.a(_pack_df.o)
 .data          0x0084b78c        0x0 c:/altera/13.0sp1/nios2eds/bin/gnu/h-i686-mingw32/bin/../lib/gcc/nios2-elf/4.1.2\libgcc.a(_unpack_df.o)
 .data          0x0084b78c        0x0 c:/altera/13.0sp1/nios2eds/bin/gnu/h-i686-mingw32/bin/../lib/gcc/nios2-elf/4.1.2\libgcc.a(_fpcmp_parts_df.o)
 .data          0x0084b78c        0x0 c:/altera/13.0sp1/nios2eds/bin/gnu/h-i686-mingw32/bin/../lib/gcc/nios2-elf/4.1.2\libgcc.a(_clz.o)
 .data          0x0084b78c        0x0 c:/altera/13.0sp1/nios2eds/bin/gnu/h-i686-mingw32/bin/../lib/gcc/nios2-elf/4.1.2/../../../../nios2-elf/lib\libc.a(lib_a-ctype_.o)
 .data          0x0084b78c        0x0 c:/altera/13.0sp1/nios2eds/bin/gnu/h-i686-mingw32/bin/../lib/gcc/nios2-elf/4.1.2/../../../../nios2-elf/lib\libc.a(lib_a-exit.o)
 .data          0x0084b78c        0x0 c:/altera/13.0sp1/nios2eds/bin/gnu/h-i686-mingw32/bin/../lib/gcc/nios2-elf/4.1.2/../../../../nios2-elf/lib\libc.a(lib_a-fprintf.o)
 .data          0x0084b78c        0x0 c:/altera/13.0sp1/nios2eds/bin/gnu/h-i686-mingw32/bin/../lib/gcc/nios2-elf/4.1.2/../../../../nios2-elf/lib\libc.a(lib_a-fwrite.o)
 .data          0x0084b78c        0x0 c:/altera/13.0sp1/nios2eds/bin/gnu/h-i686-mingw32/bin/../lib/gcc/nios2-elf/4.1.2/../../../../nios2-elf/lib\libc.a(lib_a-getc.o)
 .data          0x0084b78c      0x400 c:/altera/13.0sp1/nios2eds/bin/gnu/h-i686-mingw32/bin/../lib/gcc/nios2-elf/4.1.2/../../../../nios2-elf/lib\libc.a(lib_a-impure.o)
 .data          0x0084bb8c        0x0 c:/altera/13.0sp1/nios2eds/bin/gnu/h-i686-mingw32/bin/../lib/gcc/nios2-elf/4.1.2/../../../../nios2-elf/lib\libc.a(lib_a-memcpy.o)
 .data          0x0084bb8c        0x0 c:/altera/13.0sp1/nios2eds/bin/gnu/h-i686-mingw32/bin/../lib/gcc/nios2-elf/4.1.2/../../../../nios2-elf/lib\libc.a(lib_a-memmove.o)
 .data          0x0084bb8c        0x0 c:/altera/13.0sp1/nios2eds/bin/gnu/h-i686-mingw32/bin/../lib/gcc/nios2-elf/4.1.2/../../../../nios2-elf/lib\libc.a(lib_a-memset.o)
 .data          0x0084bb8c        0x0 c:/altera/13.0sp1/nios2eds/bin/gnu/h-i686-mingw32/bin/../lib/gcc/nios2-elf/4.1.2/../../../../nios2-elf/lib\libc.a(lib_a-perror.o)
 .data          0x0084bb8c        0x0 c:/altera/13.0sp1/nios2eds/bin/gnu/h-i686-mingw32/bin/../lib/gcc/nios2-elf/4.1.2/../../../../nios2-elf/lib\libc.a(lib_a-printf.o)
 .data          0x0084bb8c        0x0 c:/altera/13.0sp1/nios2eds/bin/gnu/h-i686-mingw32/bin/../lib/gcc/nios2-elf/4.1.2/../../../../nios2-elf/lib\libc.a(lib_a-putc.o)
 .data          0x0084bb8c        0x0 c:/altera/13.0sp1/nios2eds/bin/gnu/h-i686-mingw32/bin/../lib/gcc/nios2-elf/4.1.2/../../../../nios2-elf/lib\libc.a(lib_a-putchar.o)
 .data          0x0084bb8c        0x0 c:/altera/13.0sp1/nios2eds/bin/gnu/h-i686-mingw32/bin/../lib/gcc/nios2-elf/4.1.2/../../../../nios2-elf/lib\libc.a(lib_a-puts.o)
 .data          0x0084bb8c        0x0 c:/altera/13.0sp1/nios2eds/bin/gnu/h-i686-mingw32/bin/../lib/gcc/nios2-elf/4.1.2/../../../../nios2-elf/lib\libc.a(lib_a-rget.o)
 .data          0x0084bb8c        0x0 c:/altera/13.0sp1/nios2eds/bin/gnu/h-i686-mingw32/bin/../lib/gcc/nios2-elf/4.1.2/../../../../nios2-elf/lib\libc.a(lib_a-sprintf.o)
 .data          0x0084bb8c        0x0 c:/altera/13.0sp1/nios2eds/bin/gnu/h-i686-mingw32/bin/../lib/gcc/nios2-elf/4.1.2/../../../../nios2-elf/lib\libc.a(lib_a-strchr.o)
 .data          0x0084bb8c        0x0 c:/altera/13.0sp1/nios2eds/bin/gnu/h-i686-mingw32/bin/../lib/gcc/nios2-elf/4.1.2/../../../../nios2-elf/lib\libc.a(lib_a-strerror.o)
 .data          0x0084bb8c        0x0 c:/altera/13.0sp1/nios2eds/bin/gnu/h-i686-mingw32/bin/../lib/gcc/nios2-elf/4.1.2/../../../../nios2-elf/lib\libc.a(lib_a-strlen.o)
 .data          0x0084bb8c        0x0 c:/altera/13.0sp1/nios2eds/bin/gnu/h-i686-mingw32/bin/../lib/gcc/nios2-elf/4.1.2/../../../../nios2-elf/lib\libc.a(lib_a-u_strerr.o)
 .data          0x0084bb8c        0x0 c:/altera/13.0sp1/nios2eds/bin/gnu/h-i686-mingw32/bin/../lib/gcc/nios2-elf/4.1.2/../../../../nios2-elf/lib\libc.a(lib_a-vfprintf.o)
 .data          0x0084bb8c        0x0 c:/altera/13.0sp1/nios2eds/bin/gnu/h-i686-mingw32/bin/../lib/gcc/nios2-elf/4.1.2/../../../../nios2-elf/lib\libc.a(lib_a-wbuf.o)
 .data          0x0084bb8c        0x0 c:/altera/13.0sp1/nios2eds/bin/gnu/h-i686-mingw32/bin/../lib/gcc/nios2-elf/4.1.2/../../../../nios2-elf/lib\libc.a(lib_a-wsetup.o)
 .data          0x0084bb8c        0x0 c:/altera/13.0sp1/nios2eds/bin/gnu/h-i686-mingw32/bin/../lib/gcc/nios2-elf/4.1.2/../../../../nios2-elf/lib\libc.a(lib_a-__call_atexit.o)
 .data          0x0084bb8c        0x0 c:/altera/13.0sp1/nios2eds/bin/gnu/h-i686-mingw32/bin/../lib/gcc/nios2-elf/4.1.2/../../../../nios2-elf/lib\libc.a(lib_a-dtoa.o)
 .data          0x0084bb8c        0x0 c:/altera/13.0sp1/nios2eds/bin/gnu/h-i686-mingw32/bin/../lib/gcc/nios2-elf/4.1.2/../../../../nios2-elf/lib\libc.a(lib_a-fflush.o)
 .data          0x0084bb8c        0x0 c:/altera/13.0sp1/nios2eds/bin/gnu/h-i686-mingw32/bin/../lib/gcc/nios2-elf/4.1.2/../../../../nios2-elf/lib\libc.a(lib_a-findfp.o)
 .data          0x0084bb8c        0x0 c:/altera/13.0sp1/nios2eds/bin/gnu/h-i686-mingw32/bin/../lib/gcc/nios2-elf/4.1.2/../../../../nios2-elf/lib\libc.a(lib_a-fputc.o)
 .data          0x0084bb8c        0x0 c:/altera/13.0sp1/nios2eds/bin/gnu/h-i686-mingw32/bin/../lib/gcc/nios2-elf/4.1.2/../../../../nios2-elf/lib\libc.a(lib_a-fputs.o)
 .data          0x0084bb8c        0x0 c:/altera/13.0sp1/nios2eds/bin/gnu/h-i686-mingw32/bin/../lib/gcc/nios2-elf/4.1.2/../../../../nios2-elf/lib\libc.a(lib_a-freer.o)
 .data          0x0084bb8c        0x0 c:/altera/13.0sp1/nios2eds/bin/gnu/h-i686-mingw32/bin/../lib/gcc/nios2-elf/4.1.2/../../../../nios2-elf/lib\libc.a(lib_a-fvwrite.o)
 .data          0x0084bb8c        0x0 c:/altera/13.0sp1/nios2eds/bin/gnu/h-i686-mingw32/bin/../lib/gcc/nios2-elf/4.1.2/../../../../nios2-elf/lib\libc.a(lib_a-fwalk.o)