Archive member included because of file (symbol)

c:/altera/13.0sp1/nios2eds/bin/gnu/h-i686-mingw32/bin/../lib/gcc/nios2-elf/4.1.2\libgcc.a(_fixunsdfsi.o)
                              obj/default/dm9000a.o (__fixunsdfsi)
c:/altera/13.0sp1/nios2eds/bin/gnu/h-i686-mingw32/bin/../lib/gcc/nios2-elf/4.1.2\libgcc.a(_si_to_sf.o)
                              obj/default/iniche_init.o (__floatsisf)
c:/altera/13.0sp1/nios2eds/bin/gnu/h-i686-mingw32/bin/../lib/gcc/nios2-elf/4.1.2\libgcc.a(_sf_to_si.o)
                              obj/default/iniche_init.o (__fixsfsi)
c:/altera/13.0sp1/nios2eds/bin/gnu/h-i686-mingw32/bin/../lib/gcc/nios2-elf/4.1.2\libgcc.a(_usi_to_sf.o)
                              obj/default/iniche_init.o (__floatunsisf)
c:/altera/13.0sp1/nios2eds/bin/gnu/h-i686-mingw32/bin/../lib/gcc/nios2-elf/4.1.2\libgcc.a(_addsub_df.o)
                              c:/altera/13.0sp1/nios2eds/bin/gnu/h-i686-mingw32/bin/../lib/gcc/nios2-elf/4.1.2\libgcc.a(_fixunsdfsi.o) (__subdf3)
c:/altera/13.0sp1/nios2eds/bin/gnu/h-i686-mingw32/bin/../lib/gcc/nios2-elf/4.1.2\libgcc.a(_mul_df.o)
                              obj/default/dm9000a.o (__muldf3)
c:/altera/13.0sp1/nios2eds/bin/gnu/h-i686-mingw32/bin/../lib/gcc/nios2-elf/4.1.2\libgcc.a(_ge_df.o)
                              c:/altera/13.0sp1/nios2eds/bin/gnu/h-i686-mingw32/bin/../lib/gcc/nios2-elf/4.1.2\libgcc.a(_fixunsdfsi.o) (__gedf2)
c:/altera/13.0sp1/nios2eds/bin/gnu/h-i686-mingw32/bin/../lib/gcc/nios2-elf/4.1.2\libgcc.a(_df_to_si.o)
                              c:/altera/13.0sp1/nios2eds/bin/gnu/h-i686-mingw32/bin/../lib/gcc/nios2-elf/4.1.2\libgcc.a(_fixunsdfsi.o) (__fixdfsi)
c:/altera/13.0sp1/nios2eds/bin/gnu/h-i686-mingw32/bin/../lib/gcc/nios2-elf/4.1.2\libgcc.a(_thenan_df.o)
                              c:/altera/13.0sp1/nios2eds/bin/gnu/h-i686-mingw32/bin/../lib/gcc/nios2-elf/4.1.2\libgcc.a(_addsub_df.o) (__thenan_df)
c:/altera/13.0sp1/nios2eds/bin/gnu/h-i686-mingw32/bin/../lib/gcc/nios2-elf/4.1.2\libgcc.a(_usi_to_df.o)
                              obj/default/dm9000a.o (__floatunsidf)
c:/altera/13.0sp1/nios2eds/bin/gnu/h-i686-mingw32/bin/../lib/gcc/nios2-elf/4.1.2\libgcc.a(_muldi3.o)
                              c:/altera/13.0sp1/nios2eds/bin/gnu/h-i686-mingw32/bin/../lib/gcc/nios2-elf/4.1.2\libgcc.a(_mul_df.o) (__muldi3)
c:/altera/13.0sp1/nios2eds/bin/gnu/h-i686-mingw32/bin/../lib/gcc/nios2-elf/4.1.2\libgcc.a(_clzsi2.o)
                              c:/altera/13.0sp1/nios2eds/bin/gnu/h-i686-mingw32/bin/../lib/gcc/nios2-elf/4.1.2\libgcc.a(_si_to_sf.o) (__clzsi2)
c:/altera/13.0sp1/nios2eds/bin/gnu/h-i686-mingw32/bin/../lib/gcc/nios2-elf/4.1.2\libgcc.a(_pack_sf.o)
                              c:/altera/13.0sp1/nios2eds/bin/gnu/h-i686-mingw32/bin/../lib/gcc/nios2-elf/4.1.2\libgcc.a(_si_to_sf.o) (__pack_f)
c:/altera/13.0sp1/nios2eds/bin/gnu/h-i686-mingw32/bin/../lib/gcc/nios2-elf/4.1.2\libgcc.a(_unpack_sf.o)
                              c:/altera/13.0sp1/nios2eds/bin/gnu/h-i686-mingw32/bin/../lib/gcc/nios2-elf/4.1.2\libgcc.a(_sf_to_si.o) (__unpack_f)
c:/altera/13.0sp1/nios2eds/bin/gnu/h-i686-mingw32/bin/../lib/gcc/nios2-elf/4.1.2\libgcc.a(_pack_df.o)
                              c:/altera/13.0sp1/nios2eds/bin/gnu/h-i686-mingw32/bin/../lib/gcc/nios2-elf/4.1.2\libgcc.a(_addsub_df.o) (__pack_d)
c:/altera/13.0sp1/nios2eds/bin/gnu/h-i686-mingw32/bin/../lib/gcc/nios2-elf/4.1.2\libgcc.a(_unpack_df.o)
                              c:/altera/13.0sp1/nios2eds/bin/gnu/h-i686-mingw32/bin/../lib/gcc/nios2-elf/4.1.2\libgcc.a(_addsub_df.o) (__unpack_d)
c:/altera/13.0sp1/nios2eds/bin/gnu/h-i686-mingw32/bin/../lib/gcc/nios2-elf/4.1.2\libgcc.a(_fpcmp_parts_df.o)
                              c:/altera/13.0sp1/nios2eds/bin/gnu/h-i686-mingw32/bin/../lib/gcc/nios2-elf/4.1.2\libgcc.a(_ge_df.o) (__fpcmp_parts_d)
c:/altera/13.0sp1/nios2eds/bin/gnu/h-i686-mingw32/bin/../lib/gcc/nios2-elf/4.1.2\libgcc.a(_clz.o)
                              c:/altera/13.0sp1/nios2eds/bin/gnu/h-i686-mingw32/bin/../lib/gcc/nios2-elf/4.1.2\libgcc.a(_clzsi2.o) (__clz_tab)
c:/altera/13.0sp1/nios2eds/bin/gnu/h-i686-mingw32/bin/../lib/gcc/nios2-elf/4.1.2/../../../../nios2-elf/lib\libc.a(lib_a-ctype_.o)
                              obj/default/network_utilities.o (__ctype_ptr)
c:/altera/13.0sp1/nios2eds/bin/gnu/h-i686-mingw32/bin/../lib/gcc/nios2-elf/4.1.2/../../../../nios2-elf/lib\libc.a(lib_a-exit.o)
                              obj/default/iniche_init.o (exit)
c:/altera/13.0sp1/nios2eds/bin/gnu/h-i686-mingw32/bin/../lib/gcc/nios2-elf/4.1.2/../../../../nios2-elf/lib\libc.a(lib_a-fprintf.o)
                              obj/default/alt_error_handler.o (fprintf)
c:/altera/13.0sp1/nios2eds/bin/gnu/h-i686-mingw32/bin/../lib/gcc/nios2-elf/4.1.2/../../../../nios2-elf/lib\libc.a(lib_a-fwrite.o)
                              obj/default/alt_error_handler.o (fwrite)
[...]
Memory Configuration

Name             Origin             Length             Attributes
sdram_0_BEFORE_EXCEPTION 0x00800000         0x00000020
sdram_0          0x00800020         0x007fffe0
reset            0x01400000         0x00000020
cfi_flash_0      0x01400020         0x003fffe0
sram_0           0x01a00000         0x00080000
epcs_controller  0x01a81800         0x00000800
*default*        0x00000000         0xffffffff

Linker script and memory map

LOAD ../server1_bsp//obj/HAL/src/crt0.o
LOAD obj/default/LCD.o
LOAD obj/default/SSS_DE2_115.o
LOAD obj/default/alt_error_handler.o
LOAD obj/default/dm9000a.o
LOAD obj/default/iniche_init.o
LOAD obj/default/led.o
LOAD obj/default/network_utilities.o
LOAD obj/default/simple_socket_server.o
LOAD obj/default/tse_my_system.o
LOAD c:/altera/13.0sp1/nios2eds/bin/gnu/h-i686-mingw32/bin/../lib/gcc/nios2-elf/4.1.2/../../../../nios2-elf/lib\libstdc++.a
LOAD c:/altera/13.0sp1/nios2eds/bin/gnu/h-i686-mingw32/bin/../lib/gcc/nios2-elf/4.1.2/../../../../nios2-elf/lib\libm.a
LOAD c:/altera/13.0sp1/nios2eds/bin/gnu/h-i686-mingw32/bin/../lib/gcc/nios2-elf/4.1.2\libgcc.a
START GROUP
LOAD c:/altera/13.0sp1/nios2eds/bin/gnu/h-i686-mingw32/bin/../lib/gcc/nios2-elf/4.1.2/../../../../nios2-elf/lib\libc.a
LOAD c:/altera/13.0sp1/nios2eds/bin/gnu/h-i686-mingw32/bin/../lib/gcc/nios2-elf/4.1.2\libgcc.a
LOAD ../server1_bsp/\libucosii_bsp.a
END GROUP
LOAD c:/altera/13.0sp1/nios2eds/bin/gnu/h-i686-mingw32/bin/../lib/gcc/nios2-elf/4.1.2\libgcc.a
                0x00800000                __alt_mem_sdram_0 = 0x800000
                0x01400000                __alt_mem_cfi_flash_0 = 0x1400000
                0x01a00000                __alt_mem_sram_0 = 0x1a00000
                0x01a81800                __alt_mem_epcs_controller = 0x1a81800

.entry          0x01400000        0x0
 *(.entry)
 .entry         0x01400000        0x0 ../server1_bsp//obj/HAL/src/crt0.o
                0x01400000                __reset

.exceptions     0x00800020      0x19c
                0x00800020                PROVIDE (__ram_exceptions_start, ABSOLUTE (.))
                0x00800020                . = ALIGN (0x20)
 *(.irq)
 *(.exceptions.entry.label)
 .exceptions.entry.label
                0x00800020        0x0 ../server1_bsp/\libucosii_bsp.a(alt_irq_entry.o)
                0x00800020                alt_irq_entry
 .exceptions.entry.label
                0x00800020        0x0 ../server1_bsp/\libucosii_bsp.a(alt_exception_entry.o)
                0x00800020                alt_exception
 *(.exceptions.entry.user)
 *(.exceptions.entry)
 .exceptions.entry
                0x00800020       0x54 ../server1_bsp/\libucosii_bsp.a(alt_exception_entry.o)
 *(.exceptions.irqtest.user)
 *(.exceptions.irqtest)
 .exceptions.irqtest
                0x00800074       0x10 ../server1_bsp/\libucosii_bsp.a(alt_irq_entry.o)
 *(.exceptions.irqhandler.user)
 *(.exceptions.irqhandler)
 .exceptions.irqhandler
                0x00800084        0x4 ../server1_bsp/\libucosii_bsp.a(alt_irq_entry.o)
 *(.exceptions.irqreturn.user)
 *(.exceptions.irqreturn)
 .exceptions.irqreturn
                0x00800088        0x4 ../server1_bsp/\libucosii_bsp.a(alt_irq_entry.o)
 *(.exceptions.notirq.label)
 .exceptions.notirq.label
                0x0080008c        0x0 ../server1_bsp/\libucosii_bsp.a(alt_irq_entry.o)
 *(.exceptions.notirq.user)
 *(.exceptions.notirq)
 .exceptions.notirq
                0x0080008c        0x8 ../server1_bsp/\libucosii_bsp.a(alt_exception_entry.o)
 *(.exceptions.soft.user)
 *(.exceptions.soft)
 *(.exceptions.unknown.user)
 *(.exceptions.unknown)
 .exceptions.unknown
                0x00800094        0x4 ../server1_bsp/\libucosii_bsp.a(alt_exception_entry.o)
 *(.exceptions.exit.label)
 .exceptions.exit.label
                0x00800098        0x0 ../server1_bsp/\libucosii_bsp.a(alt_irq_entry.o)
 .exceptions.exit.label
                0x00800098        0x0 ../server1_bsp/\libucosii_bsp.a(alt_exception_entry.o)
 *(.exceptions.exit.user)
 *(.exceptions.exit)
 .exceptions.exit
                0x00800098       0x54 ../server1_bsp/\libucosii_bsp.a(alt_exception_entry.o)
 *(.exceptions)
 .exceptions    0x008000ec       0xd0 ../server1_bsp/\libucosii_bsp.a(alt_irq_handler.o)
                0x008000ec                alt_irq_handler
                0x008001bc                PROVIDE (__ram_exceptions_end, ABSOLUTE (.))
                0x00800020                PROVIDE (__flash_exceptions_start, LOADADDR (.exceptions))

.text           0x008001bc    0x473e4
                0x008001bc                PROVIDE (stext, ABSOLUTE (.))
 *(.interp)
 *(.hash)
 *(.dynsym)
 *(.dynstr)
 *(.gnu.version)
 *(.gnu.version_d)
 *(.gnu.version_r)
 *(.rel.init)
 *(.rela.init)
 *(.rel.text .rel.text.* .rel.gnu.linkonce.t.*)
 *(.rela.text .rela.text.* .rela.gnu.linkonce.t.*)
 *(.rel.fini)
 *(.rela.fini)
 *(.rel.rodata .rel.rodata.* .rel.gnu.linkonce.r.*)
 *(.rela.rodata .rela.rodata.* .rela.gnu.linkonce.r.*)
 *(.rel.data .rel.data.* .rel.gnu.linkonce.d.*)
 *(.rela.data .rela.data.* .rela.gnu.linkonce.d.*)
 *(.rel.tdata .rel.tdata.* .rel.gnu.linkonce.td.*)
 *(.rela.tdata .rela.tdata.* .rela.gnu.linkonce.td.*)
 *(.rel.tbss .rel.tbss.* .rel.gnu.linkonce.tb.*)
 *(.rela.tbss .rela.tbss.* .rela.gnu.linkonce.tb.*)
 *(.rel.ctors)
 *(.rela.ctors)
 *(.rel.dtors)
 *(.rela.dtors)
 *(.rel.got)
 *(.rela.got)
 *(.rel.sdata .rel.sdata.* .rel.gnu.linkonce.s.*)
 *(.rela.sdata .rela.sdata.* .rela.gnu.linkonce.s.*)
 *(.rel.sbss .rel.sbss.* .rel.gnu.linkonce.sb.*)
 *(.rela.sbss .rela.sbss.* .rela.gnu.linkonce.sb.*)
 *(.rel.sdata2 .rel.sdata2.* .rel.gnu.linkonce.s2.*)
 *(.rela.sdata2 .rela.sdata2.* .rela.gnu.linkonce.s2.*)
 *(.rel.sbss2 .rel.sbss2.* .rel.gnu.linkonce.sb2.*)
 *(.rela.sbss2 .rela.sbss2.* .rela.gnu.linkonce.sb2.*)
 *(.rel.bss .rel.bss.* .rel.gnu.linkonce.b.*)
 *(.rela.bss .rela.bss.* .rela.gnu.linkonce.b.*)
 *(.rel.plt)
 *(.rela.plt)
 *(.rel.dyn)
 *(.init)
 *(.plt)
 *(.text .stub .text.* .gnu.linkonce.t.*)
 .text          0x008001bc       0x48 ../server1_bsp//obj/HAL/src/crt0.o
                0x008001bc                _start
 .text          0x00800204      0x31c obj/default/LCD.o
                0x00800204                LCD_Init
                0x008002a0                LCD_Show_Text
                0x00800328                LCD_Line2
                0x00800364                LCD_Line1
                0x008003a0                LCD_Clear
                0x008003dc                LCD_Test
 .text          0x00800520      0x2ec obj/default/SSS_DE2_115.o
                0x00800520                get_DE2_115_mac_addr
                0x008006c8                FindLastFlashSectorOffset
 .text          0x0080080c      0xba8 obj/default/alt_error_handler.o
                0x0080080c                alt_uCOSIIErrorHandler
                0x00800e30                alt_NetworkErrorHandler
                0x008010c8                alt_SSSErrorHandler
 .text          0x008013b4      0xe48 obj/default/dm9000a.o
                0x008013b4                dm9000a_iow
                0x00801408                dm9000a_ior
                0x00801454                phy_write
                0x008014f0                dm9000a_reset
                0x008016b4                TransmitPacket
                0x008017d0                prep_dm9000a
                0x008019ec                dm9000a_init
                0x00801e3c                dm9Ka_isr_wrap
                0x00801e7c                dm9ka_init
                0x00801f74                dm9ka_close
                0x00802084                dm9ka_stats
                0x008020e0                dm9ka_pkt_send
 .text          0x008021fc      0x780 obj/default/iniche_init.o
                0x008021fc                print_float
                0x0080228c                print_float32
                0x00802318                print_half
                0x008023a0                as_uint
                0x008023c8                as_float
                0x008023f0                half_to_float
                0x008024e0                float_to_half
                0x008025f8                SSSInitialTask
                0x00802880                main
 .text          0x0080297c      0x324 obj/default/led.o
                0x0080297c                led_bit_toggle
                0x00802a48                LED7SegLightshowTask
                0x00802abc                LEDManagementTask
 .text          0x00802ca0      0x70c obj/default/network_utilities.o
                0x00802ca0                get_mac_addr
                0x00802cf8                get_ip_addr
                0x00802d54                get_serial_number
                0x00802f30                generate_and_store_mac_addr
                0x008030dc                generate_mac_addr
                0x00803218                get_board_mac_addr
 .text          0x008033ac      0x968 obj/default/simple_socket_server.o
                0x008033ac                SSSCreateOSDataStructs
                0x00803454                SSSCreateTasks
                0x00803518                sss_reset_connection
                0x00803588                sss_send_menu
                0x00803718                sss_handle_accept
                0x008037d8                sss_exec_command
                0x0080397c                sss_handle_receive
                0x00803b68                SSSSimpleSocketServerTask
 .text          0x00803d14        0x0 obj/default/tse_my_system.o
 .text          0x00803d14       0xa4 c:/altera/13.0sp1/nios2eds/bin/gnu/h-i686-mingw32/bin/../lib/gcc/nios2-elf/4.1.2\libgcc.a(_fixunsdfsi.o)
                0x00803d14                __fixunsdfsi
 .text          0x00803db8       0x98 c:/altera/13.0sp1/nios2eds/bin/gnu/h-i686-mingw32/bin/../lib/gcc/nios2-elf/4.1.2\libgcc.a(_si_to_sf.o)
                0x00803db8                __floatsisf
 .text          0x00803e50       0x94 c:/altera/13.0sp1/nios2eds/bin/gnu/h-i686-mingw32/bin/../lib/gcc/nios2-elf/4.1.2\libgcc.a(_sf_to_si.o)
                0x00803e50                __fixsfsi
 .text          0x00803ee4       0xc0 c:/altera/13.0sp1/nios2eds/bin/gnu/h-i686-mingw32/bin/../lib/gcc/nios2-elf/4.1.2\libgcc.a(_usi_to_sf.o)
                0x00803ee4                __floatunsisf
 .text          0x00803fa4      0x504 c:/altera/13.0sp1/nios2eds/bin/gnu/h-i686-mingw32/bin/../lib/gcc/nios2-elf/4.1.2\libgcc.a(_addsub_df.o)
                0x008043b4                __subdf3
                0x00804434                __adddf3
 .text          0x008044a8      0x3c4 c:/altera/13.0sp1/nios2eds/bin/gnu/h-i686-mingw32/bin/../lib/gcc/nios2-elf/4.1.2\libgcc.a(_mul_df.o)
                0x008044a8                __muldf3
 .text          0x0080486c       0x88 c:/altera/13.0sp1/nios2eds/bin/gnu/h-i686-mingw32/bin/../lib/gcc/nios2-elf/4.1.2\libgcc.a(_ge_df.o)
                0x0080486c                __gedf2
 .text          0x008048f4       0xd8 c:/altera/13.0sp1/nios2eds/bin/gnu/h-i686-mingw32/bin/../lib/gcc/nios2-elf/4.1.2\libgcc.a(_df_to_si.o)
                0x008048f4                __fixdfsi
 .text          0x008049cc        0x0 c:/altera/13.0sp1/nios2eds/bin/gnu/h-i686-mingw32/bin/../lib/gcc/nios2-elf/4.1.2\libgcc.a(_thenan_df.o)
 .text          0x008049cc      0x194 c:/altera/13.0sp1/nios2eds/bin/gnu/h-i686-mingw32/bin/../lib/gcc/nios2-elf/4.1.2\libgcc.a(_usi_to_df.o)
                0x008049cc                __floatunsidf
 .text          0x00804b60       0x98 c:/altera/13.0sp1/nios2eds/bin/gnu/h-i686-mingw32/bin/../lib/gcc/nios2-elf/4.1.2\libgcc.a(_muldi3.o)
                0x00804b60                __muldi3
 .text          0x00804bf8       0x80 c:/altera/13.0sp1/nios2eds/bin/gnu/h-i686-mingw32/bin/../lib/gcc/nios2-elf/4.1.2\libgcc.a(_clzsi2.o)
                0x00804bf8                __clzsi2
 .text          0x00804c78      0x160 c:/altera/13.0sp1/nios2eds/bin/gnu/h-i686-mingw32/bin/../lib/gcc/nios2-elf/4.1.2\libgcc.a(_pack_sf.o)
                0x00804c78                __pack_f
 .text          0x00804dd8       0xc8 c:/altera/13.0sp1/nios2eds/bin/gnu/h-i686-mingw32/bin/../lib/gcc/nios2-elf/4.1.2\libgcc.a(_unpack_sf.o)
                0x00804dd8                __unpack_f
 .text          0x00804ea0      0x314 c:/altera/13.0sp1/nios2eds/bin/gnu/h-i686-mingw32/bin/../lib/gcc/nios2-elf/4.1.2\libgcc.a(_pack_df.o)
                0x00804ea0                __pack_d
 .text          0x008051b4      0x138 c:/altera/13.0sp1/nios2eds/bin/gnu/h-i686-mingw32/bin/../lib/gcc/nios2-elf/4.1.2\libgcc.a(_unpack_df.o)
                0x008051b4                __unpack_d
 .text          0x008052ec       0xc8 c:/altera/13.0sp1/nios2eds/bin/gnu/h-i686-mingw32/bin/../lib/gcc/nios2-elf/4.1.2\libgcc.a(_fpcmp_parts_df.o)
                0x008052ec                __fpcmp_parts_d
 .text          0x008053b4        0x0 c:/altera/13.0sp1/nios2eds/bin/gnu/h-i686-mingw32/bin/../lib/gcc/nios2-elf/4.1.2\libgcc.a(_clz.o)
 .text          0x008053b4        0x0 c:/altera/13.0sp1/nios2eds/bin/gnu/h-i686-mingw32/bin/../lib/gcc/nios2-elf/4.1.2/../../../../nios2-elf/lib\libc.a(lib_a-ctype_.o)
 .text          0x008053b4       0x38 c:/altera/13.0sp1/nios2eds/bin/gnu/h-i686-mingw32/bin/../lib/gcc/nios2-elf/4.1.2/../../../../nios2-elf/lib\libc.a(lib_a-exit.o)
                0x008053b4                exit
 .text          0x008053ec       0x60 c:/altera/13.0sp1/nios2eds/bin/gnu/h-i686-mingw32/bin/../lib/gcc/nios2-elf/4.1.2/../../../../nios2-elf/lib\libc.a(lib_a-fprintf.o)
                0x008053ec                fprintf
                0x00805418                _fprintf_r
 .text          0x0080544c       0xdc c:/altera/13.0sp1/nios2eds/bin/gnu/h-i686-mingw32/bin/../lib/gcc/nios2-elf/4.1.2/../../../../nios2-elf/lib\libc.a(lib_a-fwrite.o)
                0x0080544c                _fwrite_r
                0x008054e8                fwrite
 .text          0x00805528      0x128 c:/altera/13.0sp1/nios2eds/bin/gnu/h-i686-mingw32/bin/../lib/gcc/nios2-elf/4.1.2/../../../../nios2-elf/lib\libc.a(lib_a-getc.o)
                0x00805528                getc
                0x008055c0                _getc_r
 .text          0x00805650        0x0 c:/altera/13.0sp1/nios2eds/bin/gnu/h-i686-mingw32/bin/../lib/gcc/nios2-elf/4.1.2/../../../../nios2-elf/lib\libc.a(lib_a-impure.o)
 .text          0x00805650       0xa0 c:/altera/13.0sp1/nios2eds/bin/gnu/h-i686-mingw32/bin/../lib/gcc/nios2-elf/4.1.2/../../../../nios2-elf/lib\libc.a(lib_a-memcpy.o)
                0x00805650                memcpy
 .text          0x008056f0       0xe0 c:/altera/13.0sp1/nios2eds/bin/gnu/h-i686-mingw32/bin/../lib/gcc/nios2-elf/4.1.2/../../../../nios2-elf/lib\libc.a(lib_a-memmove.o)
                0x008056f0                memmove
 .text          0x008057d0       0x98 c:/altera/13.0sp1/nios2eds/bin/gnu/h-i686-mingw32/bin/../lib/gcc/nios2-elf/4.1.2/../../../../nios2-elf/lib\libc.a(lib_a-memset.o)
                0x008057d0                memset
 .text          0x00805868       0x80 c:/altera/13.0sp1/nios2eds/bin/gnu/h-i686-mingw32/bin/../lib/gcc/nios2-elf/4.1.2/../../../../nios2-elf/lib\libc.a(lib_a-perror.o)
                0x00805868                _perror_r
                0x008058d4                perror
 .text          0x008058e8       0x78 c:/altera/13.0sp1/nios2eds/bin/gnu/h-i686-mingw32/bin/../lib/gcc/nios2-elf/4.1.2/../../../../nios2-elf/lib\libc.a(lib_a-printf.o)
                0x008058e8                printf
                0x0080592c                _printf_r
 .text          0x00805960      0x1ec c:/altera/13.0sp1/nios2eds/bin/gnu/h-i686-mingw32/bin/../lib/gcc/nios2-elf/4.1.2/../../../../nios2-elf/lib\libc.a(lib_a-putc.o)
                0x00805960                putc
                0x00805a64                _putc_r
 .text          0x00805b4c       0x24 c:/altera/13.0sp1/nios2eds/bin/gnu/h-i686-mingw32/bin/../lib/gcc/nios2-elf/4.1.2/../../../../nios2-elf/lib\libc.a(lib_a-putchar.o)
                0x00805b4c                putchar
                0x00805b68                _putchar_r
 .text          0x00805b70       0xb4 c:/altera/13.0sp1/nios2eds/bin/gnu/h-i686-mingw32/bin/../lib/gcc/nios2-elf/4.1.2/../../../../nios2-elf/lib\libc.a(lib_a-puts.o)
                0x00805b70                _puts_r
                0x00805c10                puts
 .text          0x00805c24       0x60 c:/altera/13.0sp1/nios2eds/bin/gnu/h-i686-mingw32/bin/../lib/gcc/nios2-elf/4.1.2/../../../../nios2-elf/lib\libc.a(lib_a-rget.o)
                0x00805c24                __srget_r
                0x00805c70                __srget
 .text          0x00805c84       0xd4 c:/altera/13.0sp1/nios2eds/bin/gnu/h-i686-mingw32/bin/../lib/gcc/nios2-elf/4.1.2/../../../../nios2-elf/lib\libc.a(lib_a-sprintf.o)
                0x00805c84                sprintf
                0x00805cf8                _sprintf_r
 .text          0x00805d58       0xe0 c:/altera/13.0sp1/nios2eds/bin/gnu/h-i686-mingw32/bin/../lib/gcc/nios2-elf/4.1.2/../../../../nios2-elf/lib\libc.a(lib_a-strchr.o)
                0x00805d58                strchr
 .text          0x00805e38      0x674 c:/altera/13.0sp1/nios2eds/bin/gnu/h-i686-mingw32/bin/../lib/gcc/nios2-elf/4.1.2/../../../../nios2-elf/lib\libc.a(lib_a-strerror.o)
                0x00805e38                strerror
 .text          0x008064ac       0x74 c:/altera/13.0sp1/nios2eds/bin/gnu/h-i686-mingw32/bin/../lib/gcc/nios2-elf/4.1.2/../../../../nios2-elf/lib\libc.a(lib_a-strlen.o)
                0x008064ac                strlen
 .text          0x00806520        0x8 c:/altera/13.0sp1/nios2eds/bin/gnu/h-i686-mingw32/bin/../lib/gcc/nios2-elf/4.1.2/../../../../nios2-elf/lib\libc.a(lib_a-u_strerr.o)
                0x00806520                _user_strerror
 .text          0x00806528     0x1f28 c:/altera/13.0sp1/nios2eds/bin/gnu/h-i686-mingw32/bin/../lib/gcc/nios2-elf/4.1.2/../../../../nios2-elf/lib\libc.a(lib_a-vfprintf.o)
                0x00806580                ___vfprintf_internal_r
                0x0080842c                __vfprintf_internal
 .text          0x00808450      0x14c c:/altera/13.0sp1/nios2eds/bin/gnu/h-i686-mingw32/bin/../lib/gcc/nios2-elf/4.1.2/../../../../nios2-elf/lib\libc.a(lib_a-wbuf.o)
                0x00808450                __swbuf_r
                0x00808580                __swbuf
 .text          0x0080859c      0x13c c:/altera/13.0sp1/nios2eds/bin/gnu/h-i686-mingw32/bin/../lib/gcc/nios2-elf/4.1.2/../../../../nios2-elf/lib\libc.a(lib_a-wsetup.o)
                0x0080859c                __swsetup_r
 .text          0x008086d8      0x1b4 c:/altera/13.0sp1/nios2eds/bin/gnu/h-i686-mingw32/bin/../lib/gcc/nios2-elf/4.1.2/../../../../nios2-elf/lib\libc.a(lib_a-__call_atexit.o)
                0x008086dc                __call_exitprocs
 .text          0x0080888c     0x17cc c:/altera/13.0sp1/nios2eds/bin/gnu/h-i686-mingw32/bin/../lib/gcc/nios2-elf/4.1.2/../../../../nios2-elf/lib\libc.a(lib_a-dtoa.o)
                0x00808aa4                _dtoa_r
 .text          0x0080a058      0x230 c:/altera/13.0sp1/nios2eds/bin/gnu/h-i686-mingw32/bin/../lib/gcc/nios2-elf/4.1.2/../../../../nios2-elf/lib\libc.a(lib_a-fflush.o)
                0x0080a058                _fflush_r
                0x0080a254                fflush
 .text          0x0080a288      0x2c0 c:/altera/13.0sp1/nios2eds/bin/gnu/h-i686-mingw32/bin/../lib/gcc/nios2-elf/4.1.2/../../../../nios2-elf/lib\libc.a(lib_a-findfp.o)
                0x0080a2e0                __sfp_lock_acquire
                0x0080a2e4                __sfp_lock_release
                0x0080a2e8                __sinit_lock_acquire
                0x0080a2ec                __sinit_lock_release
                0x0080a2f0                __sinit
                0x0080a3a4                __fp_unlock_all
                0x0080a3bc                __fp_lock_all
                0x0080a3d4                _cleanup_r
                0x0080a3e0                _cleanup
                0x0080a3f0                __sfmoreglue
                0x0080a458                __sfp
 .text          0x0080a548       0xbc c:/altera/13.0sp1/nios2eds/bin/gnu/h-i686-mingw32/bin/../lib/gcc/nios2-elf/4.1.2/../../../../nios2-elf/lib\libc.a(lib_a-fputc.o)
                0x0080a548                fputc
                0x0080a5ac                _fputc_r
 .text          0x0080a604       0x90 c:/altera/13.0sp1/nios2eds/bin/gnu/h-i686-mingw32/bin/../lib/gcc/nios2-elf/4.1.2/../../../../nios2-elf/lib\libc.a(lib_a-fputs.o)
                0x0080a604                _fputs_r
                0x0080a678                fputs
 .text          0x0080a694      0x440 c:/altera/13.0sp1/nios2eds/bin/gnu/h-i686-mingw32/bin/../lib/gcc/nios2-elf/4.1.2/../../../../nios2-elf/lib\libc.a(lib_a-freer.o)
                0x0080a694                _malloc_trim_r
                0x0080a7c0                _free_r
 .text          0x0080aad4      0x49c c:/altera/13.0sp1/nios2eds/bin/gnu/h-i686-mingw32/bin/../lib/gcc/nios2-elf/4.1.2/../../../../nios2-elf/lib\libc.a(lib_a-fvwrite.o)
                0x0080aad4                __sfvwrite_r
 .text          0x0080af70      0x180 c:/altera/13.0sp1/nios2eds/bin/gnu/h-i686-mingw32/bin/../lib/gcc/nios2-elf/4.1.2/../../../../nios2-elf/lib\libc.a(lib_a-fwalk.o)
                0x0080af70                _fwalk_reent
                0x0080b038                _fwalk
 .text          0x0080b0f0       0xc4 c:/altera/13.0sp1/nios2eds/bin/gnu/h-i686-mingw32/bin/../lib/gcc/nios2-elf/4.1.2/../../../../nios2-elf/lib\libc.a(lib_a-locale.o)
                0x0080b0f0                __locale_charset
                0x0080b0f8                _localeconv_r
                0x0080b104                localeconv
                0x0080b114                _setlocale_r
                0x0080b198                setlocale
 .text          0x0080b1b4      0x194 c:/altera/13.0sp1/nios2eds/bin/gnu/h-i686-mingw32/bin/../lib/gcc/nios2-elf/4.1.2/../../../../nios2-elf/lib\libc.a(lib_a-makebuf.o)
                0x0080b1b4                __smakebuf_r
 .text          0x0080b348      0x740 c:/altera/13.0sp1/nios2eds/bin/gnu/h-i686-mingw32/bin/../lib/gcc/nios2-elf/4.1.2/../../../../nios2-elf/lib\libc.a(lib_a-mallocr.o)
                0x0080b348                _malloc_r
 .text          0x0080ba88       0xe4 c:/altera/13.0sp1/nios2eds/bin/gnu/h-i686-mingw32/bin/../lib/gcc/nios2-elf/4.1.2/../../../../nios2-elf/lib\libc.a(lib_a-memchr.o)
                0x0080ba88                memchr
 .text          0x0080bb6c      0xff4 c:/altera/13.0sp1/nios2eds/bin/gnu/h-i686-mingw32/bin/../lib/gcc/nios2-elf/4.1.2/../../../../nios2-elf/lib\libc.a(lib_a-mprec.o)
                0x0080bb6c                _Bfree
                0x0080bb94                __hi0bits
                0x0080bc04                __lo0bits
                0x0080bcc8                __mcmp
                0x0080bd28                __ulp
                0x0080bda8                __b2d
                0x0080bec8                __ratio
                0x0080bf78                _mprec_log10
                0x0080c00c                __copybits
                0x0080c064                __any_on
                0x0080c0ec                _Balloc
                0x0080c1a8                __d2b
                0x0080c324                __mdiff
                0x0080c4b0                __lshift
                0x0080c5fc                __multiply
                0x0080c7e4                __i2b
                0x0080c820                __multadd
                0x0080c920                __pow5mult
                0x0080ca40                __s2b
 .text          0x0080cb60      0x5f4 c:/altera/13.0sp1/nios2eds/bin/gnu/h-i686-mingw32/bin/../lib/gcc/nios2-elf/4.1.2/../../../../nios2-elf/lib\libc.a(lib_a-reallocr.o)
                0x0080cb60                _realloc_r
 .text          0x0080d154      0x1e0 c:/altera/13.0sp1/nios2eds/bin/gnu/h-i686-mingw32/bin/../lib/gcc/nios2-elf/4.1.2/../../../../nios2-elf/lib\libc.a(lib_a-refill.o)
                0x0080d154                __srefill_r
 .text          0x0080d334       0x40 c:/altera/13.0sp1/nios2eds/bin/gnu/h-i686-mingw32/bin/../lib/gcc/nios2-elf/4.1.2/../../../../nios2-elf/lib\libc.a(lib_a-s_isinfd.o)
                0x0080d334                __isinfd
 .text          0x0080d374       0x30 c:/altera/13.0sp1/nios2eds/bin/gnu/h-i686-mingw32/bin/../lib/gcc/nios2-elf/4.1.2/../../../../nios2-elf/lib\libc.a(lib_a-s_isnand.o)
                0x0080d374                __isnand
 .text          0x0080d3a4       0x70 c:/altera/13.0sp1/nios2eds/bin/gnu/h-i686-mingw32/bin/../lib/gcc/nios2-elf/4.1.2/../../../../nios2-elf/lib\libc.a(lib_a-sbrkr.o)
                0x0080d3a4                _sbrk_r
 .text          0x0080d414      0x14c c:/altera/13.0sp1/nios2eds/bin/gnu/h-i686-mingw32/bin/../lib/gcc/nios2-elf/4.1.2/../../../../nios2-elf/lib\libc.a(lib_a-stdio.o)
                0x0080d414                __sclose
                0x0080d41c                __sseek
                0x0080d484                __swrite
                0x0080d500                __sread
 .text          0x0080d560       0xbc c:/altera/13.0sp1/nios2eds/bin/gnu/h-i686-mingw32/bin/../lib/gcc/nios2-elf/4.1.2/../../../../nios2-elf/lib\libc.a(lib_a-strcmp.o)
                0x0080d560                strcmp
 .text          0x0080d61c       0x78 c:/altera/13.0sp1/nios2eds/bin/gnu/h-i686-mingw32/bin/../lib/gcc/nios2-elf/4.1.2/../../../../nios2-elf/lib\libc.a(lib_a-writer.o)
                0x0080d61c                _write_r
 .text          0x0080d694       0xb4 c:/altera/13.0sp1/nios2eds/bin/gnu/h-i686-mingw32/bin/../lib/gcc/nios2-elf/4.1.2/../../../../nios2-elf/lib\libc.a(lib_a-callocr.o)
                0x0080d694                _calloc_r
 .text          0x0080d748       0x70 c:/altera/13.0sp1/nios2eds/bin/gnu/h-i686-mingw32/bin/../lib/gcc/nios2-elf/4.1.2/../../../../nios2-elf/lib\libc.a(lib_a-closer.o)
                0x0080d748                _close_r
 .text          0x0080d7b8      0x124 c:/altera/13.0sp1/nios2eds/bin/gnu/h-i686-mingw32/bin/../lib/gcc/nios2-elf/4.1.2/../../../../nios2-elf/lib\libc.a(lib_a-fclose.o)
                0x0080d7b8                _fclose_r
                0x0080d8c8                fclose
 .text          0x0080d8dc       0x74 c:/altera/13.0sp1/nios2eds/bin/gnu/h-i686-mingw32/bin/../lib/gcc/nios2-elf/4.1.2/../../../../nios2-elf/lib\libc.a(lib_a-fstatr.o)
                0x0080d8dc                _fstat_r
 .text          0x0080d950        0x0 c:/altera/13.0sp1/nios2eds/bin/gnu/h-i686-mingw32/bin/../lib/gcc/nios2-elf/4.1.2/../../../../nios2-elf/lib\libc.a(lib_a-int_errno.o)
 .text          0x0080d950       0x70 c:/altera/13.0sp1/nios2eds/bin/gnu/h-i686-mingw32/bin/../lib/gcc/nios2-elf/4.1.2/../../../../nios2-elf/lib\libc.a(lib_a-isattyr.o)
                0x0080d950                _isatty_r
 .text          0x0080d9c0       0x78 c:/altera/13.0sp1/nios2eds/bin/gnu/h-i686-mingw32/bin/../lib/gcc/nios2-elf/4.1.2/../../../../nios2-elf/lib\libc.a(lib_a-lseekr.o)
                0x0080d9c0                _lseek_r
 .text          0x0080da38       0x78 c:/altera/13.0sp1/nios2eds/bin/gnu/h-i686-mingw32/bin/../lib/gcc/nios2-elf/4.1.2/../../../../nios2-elf/lib\libc.a(lib_a-readr.o)
                0x0080da38                _read_r
 .text          0x0080dab0      0x5dc c:/altera/13.0sp1/nios2eds/bin/gnu/h-i686-mingw32/bin/../lib/gcc/nios2-elf/4.1.2\libgcc.a(_udivdi3.o)
                0x0080dab0                __udivdi3
 .text          0x0080e08c      0x5b0 c:/altera/13.0sp1/nios2eds/bin/gnu/h-i686-mingw32/bin/../lib/gcc/nios2-elf/4.1.2\libgcc.a(_umoddi3.o)
                0x0080e08c                __umoddi3
 .text          0x0080e63c      0x258 c:/altera/13.0sp1/nios2eds/bin/gnu/h-i686-mingw32/bin/../lib/gcc/nios2-elf/4.1.2\libgcc.a(_div_df.o)
                0x0080e63c                __divdf3
 .text          0x0080e894       0x88 c:/altera/13.0sp1/nios2eds/bin/gnu/h-i686-mingw32/bin/../lib/gcc/nios2-elf/4.1.2\libgcc.a(_eq_df.o)
                0x0080e894                __eqdf2
 .text          0x0080e91c       0x88 c:/altera/13.0sp1/nios2eds/bin/gnu/h-i686-mingw32/bin/../lib/gcc/nios2-elf/4.1.2\libgcc.a(_ne_df.o)
                0x0080e91c                __nedf2
 .text          0x0080e9a4       0x88 c:/altera/13.0sp1/nios2eds/bin/gnu/h-i686-mingw32/bin/../lib/gcc/nios2-elf/4.1.2\libgcc.a(_gt_df.o)
                0x0080e9a4                __gtdf2
 .text          0x0080ea2c       0x88 c:/altera/13.0sp1/nios2eds/bin/gnu/h-i686-mingw32/bin/../lib/gcc/nios2-elf/4.1.2\libgcc.a(_lt_df.o)
                0x0080ea2c                __ltdf2
 .text          0x0080eab4       0xf8 c:/altera/13.0sp1/nios2eds/bin/gnu/h-i686-mingw32/bin/../lib/gcc/nios2-elf/4.1.2\libgcc.a(_si_to_df.o)
                0x0080eab4                __floatsidf
 .text          0x0080ebac      0x14c c:/altera/13.0sp1/nios2eds/bin/gnu/h-i686-mingw32/bin/../lib/gcc/nios2-elf/4.1.2\libgcc.a(lib2-divmod.o)
                0x0080ec28                __divsi3
                0x0080ec88                __modsi3
                0x0080ece8                __udivsi3
                0x0080ecf0                __umodsi3
 .text          0x0080ecf8       0x6c ../server1_bsp/\libucosii_bsp.a(alt_exit.o)
                0x0080ed38                _exit
 .text          0x0080ed64       0xd0 ../server1_bsp/\libucosii_bsp.a(alt_flash_dev.o)
                0x0080ed64                alt_flash_open_dev
                0x0080ede0                alt_flash_close_dev
 .text          0x0080ee34      0x134 ../server1_bsp/\libucosii_bsp.a(alt_fstat.o)
                0x0080ee34                fstat
 .text          0x0080ef68      0x1c0 ../server1_bsp/\libucosii_bsp.a(alt_irq_register.o)
                0x0080ef68                alt_irq_register
 .text          0x0080f128        0x0 ../server1_bsp/\libucosii_bsp.a(alt_irq_vars.o)
 .text          0x0080f128      0x120 ../server1_bsp/\libucosii_bsp.a(alt_isatty.o)
                0x0080f128                isatty
 .text          0x0080f248      0x150 ../server1_bsp/\libucosii_bsp.a(alt_lseek.o)
                0x0080f248                lseek
 .text          0x0080f398       0xc8 ../server1_bsp/\libucosii_bsp.a(alt_main.o)
                0x0080f398                alt_main
 .text          0x0080f460       0xbc ../server1_bsp/\libucosii_bsp.a(alt_sbrk.o)
                0x0080f460                sbrk
 .text          0x0080f51c      0x118 ../server1_bsp/\libucosii_bsp.a(alt_usleep.o)
                0x0080f51c                usleep
 .text          0x0080f634      0x108 ../server1_bsp/\libucosii_bsp.a(alt_env_lock.o)
                0x0080f634                __env_lock
                0x0080f6e0                __env_unlock
 .text          0x0080f73c      0x1d8 ../server1_bsp/\libucosii_bsp.a(alt_malloc_lock.o)
                0x0080f73c                __malloc_lock
                0x0080f844                __malloc_unlock
 .text          0x0080f914     0x2128 ../server1_bsp/\libucosii_bsp.a(os_core.o)
                0x0080f914                OSEventNameGet
                0x0080fa44                OSEventNameSet
                0x0080fb88                OSEventPendMulti
                0x0081023c                OSInit
                0x00810290                OSIntEnter
                0x0081030c                OSIntExit
                0x0081040c                OSSchedLock
                0x00810498                OSSchedUnlock
                0x0081057c                OSStart
                0x008105ec                OSStatInit
                0x00810698                OSTimeTick
                0x008108d8                OSVersion
                0x008108f8                OS_Dummy
                0x00810914                OS_EventTaskRdy
                0x00810aa8                OS_EventTaskWait
                0x00810bb8                OS_EventTaskWaitMulti
                0x00810d0c                OS_EventTaskRemove
                0x00810dc4                OS_EventTaskRemoveMulti
                0x00810ec8                OS_EventWaitListInit
                0x00811294                OS_MemClr
                0x008112e8                OS_MemCopy
                0x00811354                OS_Sched
                0x00811498                OS_StrCopy
                0x00811518                OS_StrLen
                0x00811570                OS_TaskIdle
                0x008115cc                OS_TaskStat
                0x00811694                OS_TaskStatStkChk
                0x0081175c                OS_TCBInit
 .text          0x00811a3c      0x18c ../server1_bsp/\libucosii_bsp.a(os_dbg.o)
                0x00811a3c                OSDebugInit
 .text          0x00811bc8     0x193c ../server1_bsp/\libucosii_bsp.a(os_flag.o)
                0x00811bc8                OSFlagAccept
                0x00811efc                OSFlagCreate
                0x00812038                OSFlagDel
                0x008122e0                OSFlagNameGet
                0x00812424                OSFlagNameSet
                0x00812578                OSFlagPend
                0x00812bbc                OSFlagPendGetFlagsRdy
                0x00812c24                OSFlagPost
                0x00812fcc                OSFlagQuery
                0x00813264                OS_FlagInit
                0x00813458                OS_FlagUnlink
 .text          0x00813504      0x808 ../server1_bsp/\libucosii_bsp.a(os_mem.o)
                0x00813504                OSMemCreate
                0x00813720                OSMemGet
                0x00813824                OSMemNameGet
                0x00813930                OSMemNameSet
                0x00813a50                OSMemPut
                0x00813b40                OSMemQuery
                0x00813c3c                OS_MemInit
 .text          0x00813d0c     0x1334 ../server1_bsp/\libucosii_bsp.a(os_q.o)
                0x00813d0c                OSQAccept
                0x00813e60                OSQCreate
                0x00814074                OSQDel
                0x00814374                OSQFlush
                0x0081443c                OSQPend
                0x0081475c                OSQPendAbort
                0x008148d8                OSQPost
                0x00814a58                OSQPostFront
                0x00814be0                OSQPostOpt
                0x00814e14                OSQQuery
                0x00814f94                OS_QInit
 .text          0x00815040      0xbc8 ../server1_bsp/\libucosii_bsp.a(os_sem.o)
                0x00815040                OSSemAccept
                0x00815100                OSSemCreate
                0x00815214                OSSemDel
                0x008154b4                OSSemPend
                0x00815730                OSSemPendAbort
                0x008158ac                OSSemPost
                0x008159d4                OSSemQuery
                0x00815b04                OSSemSet
 .text          0x00815c08     0x1a40 ../server1_bsp/\libucosii_bsp.a(os_task.o)
                0x00815c08                OSTaskChangePrio
                0x0081617c                OSTaskCreate
                0x00816350                OSTaskCreateExt
                0x00816550                OSTaskDel
                0x0081695c                OSTaskDelReq
                0x00816acc                OSTaskNameGet
                0x00816c84                OSTaskNameSet
                0x00816e48                OSTaskResume
                0x00817060                OSTaskStkChk
                0x0081725c                OSTaskSuspend
                0x00817488                OSTaskQuery
                0x008175cc                OS_TaskStkClr
 .text          0x00817648      0x670 ../server1_bsp/\libucosii_bsp.a(os_time.o)
                0x00817648                OSTimeDly
                0x00817794                OSTimeDlyHMSM
                0x008179e0                OSTimeDlyResume
                0x00817bf0                OSTimeGet
                0x00817c54                OSTimeSet
 .text          0x00817cb8      0x118 ../server1_bsp/\libucosii_bsp.a(alt_sys_init.o)
                0x00817cb8                alt_irq_init
                0x00817cec                alt_sys_init
 .text          0x00817dd0      0x8c8 ../server1_bsp/\libucosii_bsp.a(altera_avalon_cfi_flash.o)
                0x00817dd0                alt_flash_cfi_init
                0x00817ea4                alt_flash_cfi_write
                0x00818164                alt_flash_cfi_get_info
                0x008181f4                alt_flash_cfi_read
                0x0081825c                alt_write_value_to_flash
                0x008183c0                alt_flash_program_block
 .text          0x00818698     0x14a8 ../server1_bsp/\libucosii_bsp.a(altera_avalon_cfi_flash_table.o)
                0x00818698                alt_read_query_entry_8bit
                0x008186d8                alt_read_query_entry_16bit
                0x0081871c                alt_read_query_entry_32bit
                0x00818764                alt_write_flash_command_8bit_device_8bit_mode
                0x008187a0                alt_write_flash_command_16bit_device_8bit_mode
                0x0081881c                alt_write_flash_command_32bit_device_8bit_mode
                0x00818864                alt_write_flash_command_16bit_device_16bit_mode
                0x008188a8                alt_write_flash_command_32bit_device_16bit_mode
                0x008188f0                alt_write_flash_command_32bit_device_32bit_mode
                0x00818938                alt_write_native_8bit
                0x0081896c                alt_write_native_16bit
                0x008189a0                alt_write_native_32bit
                0x008189d0                alt_set_flash_width_func
                0x00818bb0                alt_set_flash_algorithm_func
                0x00818cd8                alt_read_cfi_table
                0x008192b8                alt_read_cfi_width
                0x00819a64                alt_check_primary_table
 .text          0x00819b40      0x9e4 ../server1_bsp/\libucosii_bsp.a(altera_avalon_epcs_flash_controller.o)
                0x00819b40                alt_epcs_flash_init
                0x00819f5c                alt_epcs_flash_write
                0x0081a1dc                alt_epcs_flash_get_info
                0x0081a26c                alt_epcs_flash_erase_block
                0x0081a370                alt_epcs_flash_write_block
                0x0081a48c                alt_epcs_flash_read
 .text          0x0081a524      0x148 ../server1_bsp/\libucosii_bsp.a(altera_avalon_jtag_uart_fd.o)
                0x0081a524                altera_avalon_jtag_uart_read_fd
                0x0081a57c                altera_avalon_jtag_uart_write_fd
                0x0081a5d4                altera_avalon_jtag_uart_close_fd
                0x0081a61c                altera_avalon_jtag_uart_ioctl_fd
 .text          0x0081a66c      0x584 ../server1_bsp/\libucosii_bsp.a(altera_avalon_jtag_uart_init.o)
                0x0081a66c                altera_avalon_jtag_uart_init
                0x0081ab7c                altera_avalon_jtag_uart_close
 .text          0x0081abf0       0xf4 ../server1_bsp/\libucosii_bsp.a(altera_avalon_jtag_uart_ioctl.o)
                0x0081abf0                altera_avalon_jtag_uart_ioctl
 .text          0x0081ace4      0x2c0 ../server1_bsp/\libucosii_bsp.a(altera_avalon_jtag_uart_read.o)
                0x0081ace4                altera_avalon_jtag_uart_read
 .text          0x0081afa4      0x2dc ../server1_bsp/\libucosii_bsp.a(altera_avalon_jtag_uart_write.o)
                0x0081afa4                altera_avalon_jtag_uart_write
 .text          0x0081b280      0xf3c ../server1_bsp/\libucosii_bsp.a(altera_avalon_lcd_16207.o)
                0x0081ba54                altera_avalon_lcd_16207_write
                0x0081c058                altera_avalon_lcd_16207_init
 .text          0x0081c1bc       0x58 ../server1_bsp/\libucosii_bsp.a(altera_avalon_lcd_16207_fd.o)
                0x0081c1bc                altera_avalon_lcd_16207_write_fd
 .text          0x0081c214      0x100 ../server1_bsp/\libucosii_bsp.a(altera_avalon_timer_sc.o)
                0x0081c284                alt_avalon_timer_sc_init
 .text          0x0081c314       0xf8 ../server1_bsp/\libucosii_bsp.a(altera_avalon_uart_fd.o)
                0x0081c314                altera_avalon_uart_read_fd
                0x0081c36c                altera_avalon_uart_write_fd
                0x0081c3c4                altera_avalon_uart_close_fd
 .text          0x0081c40c      0x57c ../server1_bsp/\libucosii_bsp.a(altera_avalon_uart_init.o)
                0x0081c40c                altera_avalon_uart_init
                0x0081c928                altera_avalon_uart_close
 .text          0x0081c988      0x310 ../server1_bsp/\libucosii_bsp.a(altera_avalon_uart_read.o)
                0x0081c988                altera_avalon_uart_read
 .text          0x0081cc98      0x2a8 ../server1_bsp/\libucosii_bsp.a(altera_avalon_uart_write.o)
                0x0081cc98                altera_avalon_uart_write
 .text          0x0081cf40      0x6d4 ../server1_bsp/\libucosii_bsp.a(epcs_commands.o)
                0x0081cf40                epcs_read_status_register
                0x0081cfa0                epcs_sector_erase
                0x0081d108                epcs_read_buffer
                0x0081d254                epcs_write_enable
                0x0081d2a4                epcs_write_status_register
                0x0081d308                epcs_write_buffer
                0x0081d478                epcs_read_electronic_signature
                0x0081d4e4                epcs_read_device_id
                0x0081d564                epcs_enter_4_bytes_mode
                0x0081d5bc                epcs_exit_4_bytes_mode
 .text          0x0081d614       0x54 ../server1_bsp/\libucosii_bsp.a(alt_iniche_close.o)
                0x0081d614                close
 .text          0x0081d668      0x144 ../server1_bsp/\libucosii_bsp.a(alt_iniche_dev.o)
                0x0081d668                iniche_devices_init
 .text          0x0081d7ac       0x78 ../server1_bsp/\libucosii_bsp.a(alt_iniche_read.o)
                0x0081d7ac                read
 .text          0x0081d824       0x70 ../server1_bsp/\libucosii_bsp.a(alt_iniche_write.o)
                0x0081d824                write
 .text          0x0081d894      0xedc ../server1_bsp/\libucosii_bsp.a(ipnet.o)
                0x0081d894                Netinit
                0x0081dee0                fixup_subnet_mask
                0x0081e040                netclose
                0x0081e128                pktdemux
                0x0081e4fc                c_older
                0x0081e5cc                ip2mac
 .text          0x0081e770      0x4b0 ../server1_bsp/\libucosii_bsp.a(ipstart.o)
                0x0081e770                ip_startup
                0x0081ea54                exit_hook
                0x0081eac0                ip_exit
                0x0081eb90                if_netnumber
 .text          0x0081ec20     0x10e8 ../server1_bsp/\libucosii_bsp.a(igmp_cmn.o)
                0x0081ec20                igmp_init
                0x0081ed10                igmp_input
                0x0081ee08                igmp_fasttimo
                0x0081f03c                igmp_send
                0x0081f2e4                igmp_joingroup
                0x0081f550                igmp_leavegroup
                0x0081f5cc                igmp_validate
                0x0081f928                igmp_print_stats
 .text          0x0081fd08      0xbc8 ../server1_bsp/\libucosii_bsp.a(bsdsock.o)
                0x0081fd08                bsd_accept
                0x0081fe40                bsd_getpeername
                0x0081ff6c                bsd_getsockname
                0x00820098                bsd_i_sockoptlen
                0x00820250                bsd_getsockopt
                0x00820370                bsd_ioctl
                0x00820474                bsd_inet_ntoa
                0x008204a4                bsd_recvfrom
                0x00820604                bsd_select
                0x008207e4                bsd_setsockopt
 .text          0x008208d0      0x118 ../server1_bsp/\libucosii_bsp.a(cksum.o)
                0x008208d0                ccksum
                0x00820980                cksum
 .text          0x008209e8      0xa9c ../server1_bsp/\libucosii_bsp.a(in_utils.o)
                0x008209e8                do_trap
                0x00820a14                nextarg
                0x00820a90                hexdump
                0x00820bd8                print_ipad
                0x00820c4c                print_uptime
                0x00820d78                panic
                0x00820dbc                print_eth
                0x00820f20                uslash
                0x00820fa0                ns_printf
                0x00821124                std_out
                0x00821168                con_page
                0x00821258                parse_args
 .text          0x00821484      0x1c8 ../server1_bsp/\libucosii_bsp.a(netmain.o)
                0x00821484                netmain
                0x00821578                tk_netmain
                0x00821600                tk_nettick
 .text          0x0082164c      0x810 ../server1_bsp/\libucosii_bsp.a(parseip.o)
                0x0082164c                parse_ipad
                0x00821968                inet_addr
                0x008219d0                hextoa
                0x00821a40                inet_pton
                0x00821aec                inet_ntop
                0x00821b78                print46_addr
                0x00821bd8                inet46_addr
                0x00821c9c                inet_setport
                0x00821d10                convert_ip
 .text          0x00821e5c      0x5e8 ../server1_bsp/\libucosii_bsp.a(tk_crnos.o)
                0x00821e5c                TK_OSTimeDly
                0x00821e88                TK_OSTaskResume
                0x00821ef8                tcp_sleep
                0x00822098                tcp_wakeup
                0x0082219c                TK_OSTaskQuery
                0x00822210                tk_yield
                0x0082223c                tk_stats
 .text          0x00822444     0x3294 ../server1_bsp/\libucosii_bsp.a(dhcpclnt.o)
                0x00822444                dhc_get_srv_ipaddr
                0x008224d4                dhc_init
                0x00822590                dhc_set_callback
                0x008225d4                dhc_upcall
                0x00822e04                dhc_buildheader
                0x00823020                dhc_discover
                0x00823538                dhc_rx_offer
                0x0082363c                dhc_request
                0x00824178                dhc_setip
                0x008243f8                dhc_resetip
                0x008244dc                dhc_decline
                0x008246c0                dhc_extract_opts
                0x0082497c                dhc_second
                0x0082526c                dhc_halt
                0x008252f4                dhc_reclaim
                0x008254c4                dhc_state_init
                0x00825524                dhc_alldone
                0x008255b4                dhc_ifacedone
                0x00825628                dhc_set_state
 .text          0x008256d8       0xcc ../server1_bsp/\libucosii_bsp.a(dhcputil.o)
                0x008256d8                find_opt
 .text          0x008257a4      0x79c ../server1_bsp/\libucosii_bsp.a(pktalloc.o)
                0x008257a4                pk_init
                0x00825a34                pk_alloc
                0x00825b10                pk_validate
                0x00825dc8                pk_free
                0x00825e74                pk_get_max_intrsafe_buf_len
                0x00825e94                dump_buf_estats
 .text          0x00825f40      0x288 ../server1_bsp/\libucosii_bsp.a(q.o)
                0x00825f40                getq
                0x00826008                putq
                0x008260b8                qdel
 .text          0x008261c8      0x31c ../server1_bsp/\libucosii_bsp.a(udp_open.o)
                0x008261c8                udp_open
                0x00826400                udp_close
 .text          0x008264e4      0x194 ../server1_bsp/\libucosii_bsp.a(asm_cksum.o)
                0x008264e4                asm_cksum
 .text          0x00826678      0x2e4 ../server1_bsp/\libucosii_bsp.a(brdutils.o)
                0x00826678                dtrap
                0x008266a8                kbhit
                0x00826754                getch
                0x008267b4                clock_init
                0x008267f0                clock_c
                0x0082680c                cticks_hook
                0x008268bc                irq_Mask
                0x00826918                irq_Unmask
 .text          0x0082695c      0x488 ../server1_bsp/\libucosii_bsp.a(osportco.o)
                0x0082695c                LOCK_NET_RESOURCE
                0x00826a1c                UNLOCK_NET_RESOURCE
                0x00826aa4                TK_NEWTASK
                0x00826cb8                wait_app_sem
                0x00826d6c                post_app_sem
 .text          0x00826de4      0x568 ../server1_bsp/\libucosii_bsp.a(targnios.o)
                0x00826de4                alt_iniche_init
                0x00827000                pre_task_setup
                0x00827074                post_task_setup
                0x00827094                prep_armintcp
                0x008270cc                calloc2
                0x00827100                npalloc
                0x008271f4                npfree
                0x008272ac                ncpalloc
                0x00827300                ncpfree
 .text          0x0082734c     0x19b8 ../server1_bsp/\libucosii_bsp.a(nptcp.o)
                0x0082734c                pffindtype
                0x008273ec                pffindproto
                0x008274bc                m_getnbuf
                0x00827664                m_free
                0x00827798                m_freem
                0x008277dc                m_copy
                0x00827b00                m_adj
                0x00827cd0                mbuf_len
                0x00827d28                dtom
                0x00827dd0                remque
                0x00827e40                insque
                0x00827ebc                nptcp_init
                0x00827fe0                tcp_rcv
                0x008281cc                ip_output
                0x008287c4                in_broadcast
                0x00828804                np_stripoptions
                0x008288ec                so_icmpdu
                0x00828c44                tcp_tick
 .text          0x00828d04      0xa2c ../server1_bsp/\libucosii_bsp.a(rawsock.o)
                0x00828d04                rawip_lookup
                0x00828d74                rawip_soinput
                0x00828f48                rawip_usrreq
 .text          0x00829730     0x17fc ../server1_bsp/\libucosii_bsp.a(sockcall.o)
                0x00829730                DOMAIN_CHECK
                0x0082977c                t_socket
                0x0082980c                t_bind
                0x00829988                t_listen
                0x00829a6c                t_accept
                0x00829d04                t_connect
                0x00829fac                t_getpeername
                0x00829ff0                t_getsockname
                0x0082a230                t_setsockopt
                0x0082a40c                t_getsockopt
                0x0082a5b0                t_recv
                0x0082a6a0                t_recvfrom
                0x0082a7f0                t_sendto
                0x0082aa1c                t_send
                0x0082ac44                t_shutdown
                0x0082ad28                t_socketclose
                0x0082ae90                t_errno
 .text          0x0082af2c     0x23ec ../server1_bsp/\libucosii_bsp.a(socket.o)
                0x0082af2c                socreate
                0x0082b0f8                sobind
                0x0082b154                solisten
                0x0082b244                sofree
                0x0082b374                soclose
                0x0082b6e0                soabort
                0x0082b730                soaccept
                0x0082b7cc                soconnect
                0x0082b8a0                sodisconnect
                0x0082b940                sosend
                0x0082bf48                soreceive
                0x0082c72c                soshutdown
                0x0082c7d4                sorflush
                0x0082c8d4                sosetopt
                0x0082cd94                sogetopt
                0x0082d2d4                sohasoutofband
 .text          0x0082d318     0x1318 ../server1_bsp/\libucosii_bsp.a(socket2.o)
                0x0082d318                soisconnecting
                0x0082d384                soisconnected
                0x0082d480                soisdisconnecting
                0x0082d50c                soisdisconnected
                0x0082d5c8                sonewconn
                0x0082d7e4                soqinsque
                0x0082d890                soqremque
                0x0082d9b0                socantsendmore
                0x0082da00                socantrcvmore
                0x0082da50                sbselqueue
                0x0082da88                sbwait
                0x0082daf0                sbwakeup
                0x0082db8c                soreserve
                0x0082dc0c                sbreserve
                0x0082dc6c                sbrelease
                0x0082dcb4                sbappend
                0x0082dd5c                sbappendrecord
                0x0082de3c                sbappendaddr
                0x0082e044                sbcompress
                0x0082e22c                sbflush
                0x0082e2bc                sbdrop
                0x0082e48c                sbdropend
                0x0082e59c                sbdroprecord
 .text          0x0082e630      0x914 ../server1_bsp/\libucosii_bsp.a(soselect.o)
                0x0082e630                t_select
                0x0082e850                sock_selscan
                0x0082e9a8                sock_select
                0x0082ebbc                in_pcbnotify
                0x0082ec88                tcp_notify
                0x0082ecf0                ifd_clr
                0x0082ede0                ifd_set
                0x0082ee54                ifd_isset
                0x0082eed4                ifd_get
 .text          0x0082ef44     0x3020 ../server1_bsp/\libucosii_bsp.a(tcp_in.o)
                0x0082ef44                tcp_reass
                0x0082f34c                tcp_input
                0x008318a0                tcp_dooptions
                0x00831a30                tcp_pulloutofband
                0x00831b5c                tcp_xmit_timer
                0x00831e00                ip4_tcpmss
                0x00831e48                tcp_mss
 .text          0x00831f64     0x1360 ../server1_bsp/\libucosii_bsp.a(tcp_out.o)
                0x00831f64                tcp_output
                0x008330e0                tcp_setpersist
 .text          0x008332c4      0x9e8 ../server1_bsp/\libucosii_bsp.a(tcp_subr.o)
                0x008332c4                tcp_init
                0x0083331c                tcp_template
                0x00833434                tcp_respond
                0x008338bc                tcp_newtcpcb
                0x008339d4                tcp_drop
                0x00833a80                tcp_close
                0x00833b68                tcp_quench
                0x00833bb4                tcp_putseq
                0x00833c34                tcp_getseq
 .text          0x00833cac      0x798 ../server1_bsp/\libucosii_bsp.a(tcp_timr.o)
                0x00833cac                tcp_slowtimo
                0x00833f4c                tcp_canceltimers
                0x00833fa8                tcp_timers
 .text          0x00834444      0x9ec ../server1_bsp/\libucosii_bsp.a(tcp_usr.o)
                0x00834444                tcp_usrreq
                0x00834b48                tcp_attach
                0x00834c7c                tcp_disconnect
                0x00834d50                tcp_usrclosed
 .text          0x00834e30       0x4c ../server1_bsp/\libucosii_bsp.a(tcpport.o)
                0x00834e30                tcpinit
 .text          0x00834e7c      0xd20 ../server1_bsp/\libucosii_bsp.a(udpsock.o)
                0x00834e7c                udp_lookup
                0x00834eec                udp_soinput
                0x008350a4                udp_usrreq
                0x00835328                udp4_sockbind
                0x00835664                udp4_socksend
                0x00835a40                udp4_sockaddr
 .text          0x00835b9c      0x154 ../server1_bsp/\libucosii_bsp.a(alt_alarm_start.o)
                0x00835b9c                alt_alarm_start
 .text          0x00835cf0      0x14c ../server1_bsp/\libucosii_bsp.a(alt_busy_sleep.o)
                0x00835cf0                alt_busy_sleep
 .text          0x00835e3c      0x15c ../server1_bsp/\libucosii_bsp.a(alt_close.o)
                0x00835e3c                alt_close
 .text          0x00835f98       0x78 ../server1_bsp/\libucosii_bsp.a(alt_dcache_flush.o)
                0x00835f98                alt_dcache_flush
 .text          0x00836010       0x2c ../server1_bsp/\libucosii_bsp.a(alt_dev.o)
 .text          0x0083603c      0x114 ../server1_bsp/\libucosii_bsp.a(alt_dev_llist_insert.o)
                0x0083603c                alt_dev_llist_insert
 .text          0x00836150       0x64 ../server1_bsp/\libucosii_bsp.a(alt_do_ctors.o)
                0x00836150                _do_ctors
 .text          0x008361b4       0x64 ../server1_bsp/\libucosii_bsp.a(alt_do_dtors.o)
                0x008361b4                _do_dtors
 .text          0x00836218        0x0 ../server1_bsp/\libucosii_bsp.a(alt_errno.o)
 .text          0x00836218       0x94 ../server1_bsp/\libucosii_bsp.a(alt_find_dev.o)
                0x00836218                alt_find_dev
 .text          0x008362ac      0x1d4 ../server1_bsp/\libucosii_bsp.a(alt_iic.o)
                0x008362ac                alt_ic_isr_register
                0x008362fc                alt_ic_irq_enable
                0x00836398                alt_ic_irq_disable
                0x00836438                alt_ic_irq_enabled
 .text          0x00836480       0xf8 ../server1_bsp/\libucosii_bsp.a(alt_iic_isr_register.o)
                0x00836480                alt_iic_isr_register
 .text          0x00836578      0x13c ../server1_bsp/\libucosii_bsp.a(alt_io_redirect.o)
                0x0083663c                alt_io_redirect
 .text          0x008366b4        0x0 ../server1_bsp/\libucosii_bsp.a(alt_irq_entry.o)
 .text          0x008366b4        0x0 ../server1_bsp/\libucosii_bsp.a(alt_irq_handler.o)
 .text          0x008366b4      0x2c4 ../server1_bsp/\libucosii_bsp.a(alt_open.o)
                0x00836790                open
 .text          0x00836978      0x180 ../server1_bsp/\libucosii_bsp.a(alt_read.o)
                0x00836978                alt_read
 .text          0x00836af8       0x60 ../server1_bsp/\libucosii_bsp.a(alt_release_fd.o)
                0x00836af8                alt_release_fd
 .text          0x00836b58       0x38 ../server1_bsp/\libucosii_bsp.a(alt_remap_cached.o)
                0x00836b58                alt_remap_cached
 .text          0x00836b90       0x40 ../server1_bsp/\libucosii_bsp.a(alt_remap_uncached.o)
                0x00836b90                alt_remap_uncached
 .text          0x00836bd0      0x1a8 ../server1_bsp/\libucosii_bsp.a(alt_tick.o)
                0x00836bd0                alt_alarm_stop
                0x00836c68                alt_tick
 .text          0x00836d78      0x180 ../server1_bsp/\libucosii_bsp.a(alt_write.o)
                0x00836d78                alt_write
 .text          0x00836ef8       0x20 ../server1_bsp/\libucosii_bsp.a(altera_nios2_qsys_irq.o)
                0x00836ef8                altera_nios2_qsys_irq_init
 .text          0x00836f18       0xd0 ../server1_bsp/\libucosii_bsp.a(os_cpu_a.o)
                0x00836f18                OSCtxSw
                0x00836f18                OSIntCtxSw
                0x00836fa4                OSStartHighRdy
                0x00836fc4                OSStartTsk
 .text          0x00836fe8      0x424 ../server1_bsp/\libucosii_bsp.a(os_cpu_c.o)
                0x00836fe8                OSTaskStkInit
                0x008372f8                OSTaskCreateHook
                0x00837318                OSTaskDelHook
                0x00837338                OSTaskSwHook
                0x00837354                OSTaskStatHook
                0x00837370                OSTimeTickHook
                0x00837398                OSInitHookBegin
                0x008373b4                OSInitHookEnd
                0x008373d0                OSTaskIdleHook
                0x008373ec                OSTCBInitHook
 .text          0x0083740c      0x460 ../server1_bsp/\libucosii_bsp.a(altera_avalon_cfi_flash_amd.o)
                0x0083740c                alt_program_amd
                0x00837474                alt_erase_block_amd
 .text          0x0083786c      0x460 ../server1_bsp/\libucosii_bsp.a(altera_avalon_cfi_flash_intel.o)
                0x0083786c                alt_program_intel
                0x008378f0                alt_erase_block_intel
 .text          0x00837ccc      0x238 ../server1_bsp/\libucosii_bsp.a(altera_avalon_spi.o)
                0x00837ccc                alt_avalon_spi_command
 .text          0x00837f04      0x444 ../server1_bsp/\libucosii_bsp.a(allports.o)
                0x00837f04                netmain_init
                0x00838000                icmp_port_du
                0x00838088                station_state
                0x008381ec                sysuptime
                0x00838280                packet_check
                0x008382cc                mcastlist
                0x008382f0                prep_modules
 .text          0x00838348      0x580 ../server1_bsp/\libucosii_bsp.a(timeouts.o)
                0x00838348                inet_timer
                0x00838648                in_timerset
                0x00838820                in_timerkill
 .text          0x008388c8       0xa4 ../server1_bsp/\libucosii_bsp.a(tk_misc.o)
                0x008388c8                create_apptasks
                0x008388ec                task_stats
 .text          0x0083896c       0xb0 ../server1_bsp/\libucosii_bsp.a(alt_iniche_fcntl.o)
                0x0083896c                fcntl
 .text          0x00838a1c     0x15b0 ../server1_bsp/\libucosii_bsp.a(et_arp.o)
                0x00838a1c                etainit
                0x00838a70                et_send
                0x00838bec                arp_free_pending
                0x00838c74                arp_send_pending
                0x00838ce8                send_arp
                0x00839180                find_oldest_arp
                0x0083937c                make_arp_entry
                0x00839490                arpReply
                0x00839724                arprcv
                0x00839984                send_via_arp
                0x00839b54                cb_arpent_tmo
                0x00839d00                grat_arp
 .text          0x00839fcc      0x298 ../server1_bsp/\libucosii_bsp.a(iface.o)
                0x00839fcc                if_getbynum
                0x0083a050                isbcast
                0x0083a130                reg_type
                0x0083a1cc                if_killsocks
 .text          0x0083a264     0x22a4 ../server1_bsp/\libucosii_bsp.a(ip.o)
                0x0083a264                ip_init
                0x0083a360                ip_bldhead
                0x0083a504                ip_write_internal
                0x0083ac84                ip_write
                0x0083aecc                ip_write2
                0x0083b27c                ip_raw_write
                0x0083b354                ip_fragment_lc
                0x0083b7dc                ip_fragment
                0x0083be00                ip_mymach
                0x0083beac                ip_dump
                0x0083c164                iproute
                0x0083c3d0                ip_copypkt
 .text          0x0083c508     0x1e08 ../server1_bsp/\libucosii_bsp.a(ip_reasm.o)
                0x0083c508                ip_reasm_match_frag_with_ire
                0x0083c5d8                ip_reasm_determine_type_of_frag
                0x0083c6c4                ip_reasm_check_mem_useage
                0x0083c75c                ip_reasm_incr_mem_useage
                0x0083c804                ip_reasm_decr_mem_useage
                0x0083c8a4                ip_reasm_process_first_fragment
                0x0083cb84                ip_reassm
                0x0083cc24                ip_reasm_compute_overlap
                0x0083d1b4                ip_reasm_process_subsequent_fragments
                0x0083d748                ip_reasm_find_ire
                0x0083d7ac                ip_reasm_copy_queued_fragments_into_reassy_buffer
                0x0083db08                ip_reasm_process_timer_tick
                0x0083dc28                ip_reasm_delete_ire
                0x0083ddf0                ip_reasm_mark_compact_rfq
                0x0083df38                ipr_stats
                0x0083e2bc                ip_reasm_send_icmp_timex
 .text          0x0083e310      0xe3c ../server1_bsp/\libucosii_bsp.a(ipdemux.o)
                0x0083e310                ip_rcv
                0x0083e710                ip_rcv_phase2
                0x0083ed1c                ip_demux
 .text          0x0083f14c      0x2f0 ../server1_bsp/\libucosii_bsp.a(ipmc.o)
                0x0083f14c                in_addmulti
                0x0083f2b4                in_delmulti
                0x0083f3cc                lookup_mcast
 .text          0x0083f43c       0xe4 ../server1_bsp/\libucosii_bsp.a(ipport.o)
                0x0083f43c                prep_ifaces
                0x0083f4d0                netexit
                0x0083f4f8                evtmap_setup
 .text          0x0083f520      0x550 ../server1_bsp/\libucosii_bsp.a(ipraw.o)
                0x0083f520                ip_raw_open
                0x0083f610                ip_raw_close
                0x0083f6d0                ip_raw_input
                0x0083f908                ip_raw_alloc
                0x0083f9d4                ip_raw_free
                0x0083fa14                ip_raw_maxalloc
 .text          0x0083fa70      0x6f0 ../server1_bsp/\libucosii_bsp.a(iproute.o)
                0x0083fa70                rt_lookup
                0x0083fbf4                add_route
                0x0084001c                del_route
 .text          0x00840160      0xe3c ../server1_bsp/\libucosii_bsp.a(udp.o)
                0x00840160                udpdemux
                0x008409b8                udp_send
                0x00840c70                udpswap
                0x00840da0                udp_socket
                0x00840e70                udp_alloc
                0x00840f30                udp_maxalloc
                0x00840f5c                udp_free
 .text          0x00840f9c      0x2e8 ../server1_bsp/\libucosii_bsp.a(igmp.o)
                0x00840f9c                igmpv1_input
 .text          0x00841284      0x7c0 ../server1_bsp/\libucosii_bsp.a(igmp2.o)
                0x00841284                igmpv2_input
                0x008413e4                igmpv2_process_report
                0x00841530                igmpv2_process_query
                0x0084177c                igmpv2_chk_set_timer
                0x008418d4                igmpv2_chk4_rtr_alert_opt
 .text          0x00841a44      0x8fc ../server1_bsp/\libucosii_bsp.a(ipopt.o)
                0x00841a44                IPADDR_TO_NETP
                0x00841b8c                ip_setmoptions
                0x0084217c                ip_getmoptions
                0x008422bc                ip_freemoptions
 .text          0x00842340      0x6e8 ../server1_bsp/\libucosii_bsp.a(u_mctest.o)
                0x00842340                u_mctest_init
                0x00842370                u_mctest_run
 .text          0x00842a28      0x3d0 ../server1_bsp/\libucosii_bsp.a(dhcsetup.o)
                0x00842a28                dhc_setup
                0x00842cf4                dhc_main_ipset
 .text          0x00842df8      0x40c ../server1_bsp/\libucosii_bsp.a(memdev.o)
                0x00842df8                init_memdev
                0x00842e70                md_fopen
                0x00842e98                md_fclose
                0x00842eb8                md_fread
                0x00843038                md_fwrite
                0x008430b8                md_fseek
                0x008430e4                md_ftell
                0x00843108                md_fgetc
                0x008431e0                md_unlink
 .text          0x00843204      0x1cc ../server1_bsp/\libucosii_bsp.a(tcpcksum.o)
                0x00843204                tcp_cksum
 .text          0x008433d0      0x900 ../server1_bsp/\libucosii_bsp.a(in_pcb.o)
                0x008433d0                in_pcballoc
                0x00843464                in_pcbdetach
                0x008434b8                in_pcbbind
                0x0084370c                in_pcbconnect
                0x0084391c                in_pcbdisconnect
                0x0084397c                in_setsockaddr
                0x008439f8                in_setpeeraddr
                0x00843a74                in_pcblookup
 .text          0x00843cd0     0x1a74 ../server1_bsp/\libucosii_bsp.a(vfsfiles.o)
                0x00843cd0                set_vfopen_error
                0x00843cf8                get_vfopen_error
                0x00843d18                vf_alloc_and_link_vop
                0x00843d94                vf_alloc_buffer
                0x00843e6c                vf_free_buffer
                0x00843ebc                vfopen_locked
                0x00844224                vfopen
                0x00844274                vfclose_locked
                0x0084441c                vfclose
                0x0084445c                vfflush
                0x008444a4                vfgets
                0x00844588                vfeof
                0x008445e0                vunlink_flag_open_files
                0x0084463c                vunlink
                0x0084485c                vfread
                0x00844a08                vfwrite_locked
                0x00844df0                vfwrite
                0x00844e50                vfseek
                0x00844fcc                vftell
                0x00845100                vgetc_locked
                0x00845220                vgetc
                0x00845268                vfslookup_locked
                0x008453a0                vfslookup
                0x008453e8                strippath
                0x008455d0                isvfile_locked
                0x00845634                isvfile
                0x0084567c                vferror
                0x008456e8                vclearerr
 .text          0x00845744       0x24 ../server1_bsp/\libucosii_bsp.a(vfsport.o)
                0x00845744                prep_vfs
 .text          0x00845768        0x0 ../server1_bsp/\libucosii_bsp.a(alt_exception_entry.o)
 .text          0x00845768      0x1b4 ../server1_bsp/\libucosii_bsp.a(alt_fcntl.o)
                0x00845768                alt_fcntl
 .text          0x0084591c      0x120 ../server1_bsp/\libucosii_bsp.a(alt_find_file.o)
                0x0084591c                alt_find_file
 .text          0x00845a3c       0xf4 ../server1_bsp/\libucosii_bsp.a(alt_get_fd.o)
                0x00845a3c                alt_get_fd
 .text          0x00845b30     0x130c ../server1_bsp/\libucosii_bsp.a(icmp.o)
                0x00845b30                icmprcv
                0x00846764                icmp_destun
                0x00846ab4                icmp_timex
                0x00846de8                icmp_du
 .text          0x00846e3c       0x14 c:/altera/13.0sp1/nios2eds/bin/gnu/h-i686-mingw32/bin/../lib/gcc/nios2-elf/4.1.2/../../../../nios2-elf/lib\libc.a(lib_a-atexit.o)
                0x00846e3c                atexit
 .text          0x00846e50       0x18 c:/altera/13.0sp1/nios2eds/bin/gnu/h-i686-mingw32/bin/../lib/gcc/nios2-elf/4.1.2/../../../../nios2-elf/lib\libc.a(lib_a-atoi.o)
                0x00846e50                _atoi_r
                0x00846e5c                atoi
 .text          0x00846e68       0x1c c:/altera/13.0sp1/nios2eds/bin/gnu/h-i686-mingw32/bin/../lib/gcc/nios2-elf/4.1.2/../../../../nios2-elf/lib\libc.a(lib_a-calloc.o)
                0x00846e68                calloc
 .text          0x00846e84       0x28 c:/altera/13.0sp1/nios2eds/bin/gnu/h-i686-mingw32/bin/../lib/gcc/nios2-elf/4.1.2/../../../../nios2-elf/lib\libc.a(lib_a-malloc.o)
                0x00846e84                free
                0x00846e98                malloc
 .text          0x00846eac       0x74 c:/altera/13.0sp1/nios2eds/bin/gnu/h-i686-mingw32/bin/../lib/gcc/nios2-elf/4.1.2/../../../../nios2-elf/lib\libc.a(lib_a-memcmp.o)
                0x00846eac                memcmp
 .text          0x00846f20       0x8c c:/altera/13.0sp1/nios2eds/bin/gnu/h-i686-mingw32/bin/../lib/gcc/nios2-elf/4.1.2/../../../../nios2-elf/lib\libc.a(lib_a-strcpy.o)
                0x00846f20                strcpy
 .text          0x00846fac       0xf0 c:/altera/13.0sp1/nios2eds/bin/gnu/h-i686-mingw32/bin/../lib/gcc/nios2-elf/4.1.2/../../../../nios2-elf/lib\libc.a(lib_a-strncmp.o)
                0x00846fac                strncmp
 .text          0x0084709c       0xbc c:/altera/13.0sp1/nios2eds/bin/gnu/h-i686-mingw32/bin/../lib/gcc/nios2-elf/4.1.2/../../../../nios2-elf/lib\libc.a(lib_a-strncpy.o)
                0x0084709c                strncpy
 .text          0x00847158      0x268 c:/altera/13.0sp1/nios2eds/bin/gnu/h-i686-mingw32/bin/../lib/gcc/nios2-elf/4.1.2/../../../../nios2-elf/lib\libc.a(lib_a-strtol.o)
                0x00847158                _strtol_r
                0x0084739c                strtol
 .text          0x008473c0       0x34 c:/altera/13.0sp1/nios2eds/bin/gnu/h-i686-mingw32/bin/../lib/gcc/nios2-elf/4.1.2/../../../../nios2-elf/lib\libc.a(lib_a-vprintf.o)
                0x008473c0                _vprintf_r
                0x008473d4                vprintf
 .text          0x008473f4       0x74 c:/altera/13.0sp1/nios2eds/bin/gnu/h-i686-mingw32/bin/../lib/gcc/nios2-elf/4.1.2/../../../../nios2-elf/lib\libc.a(lib_a-vsprintf.o)
                0x008473f4                _vsprintf_r
                0x00847444                vsprintf
 .text          0x00847468      0x134 c:/altera/13.0sp1/nios2eds/bin/gnu/h-i686-mingw32/bin/../lib/gcc/nios2-elf/4.1.2/../../../../nios2-elf/lib\libc.a(lib_a-__atexit.o)
                0x00847468                __register_exitproc
 *(.gnu.warning.*)
 *(.fini)
                0x0084759c                PROVIDE (__etext, ABSOLUTE (.))
                0x0084759c                PROVIDE (_etext, ABSOLUTE (.))
                0x0084759c                PROVIDE (etext, ABSOLUTE (.))
 *(.eh_frame_hdr)
                0x0084759c                . = ALIGN (0x4)
                0x0084759c                PROVIDE (__preinit_array_start, ABSOLUTE (.))
 *(.preinit_array)
                0x0084759c                PROVIDE (__preinit_array_end, ABSOLUTE (.))
                0x0084759c                PROVIDE (__init_array_start, ABSOLUTE (.))
 *(.init_array)
                0x0084759c                PROVIDE (__init_array_end, ABSOLUTE (.))
                0x0084759c                PROVIDE (__fini_array_start, ABSOLUTE (.))
 *(.fini_array)
                0x0084759c                PROVIDE (__fini_array_end, ABSOLUTE (.))
 *(.eh_frame)
 *(.gcc_except_table)
 *(.dynamic)
                0x0084759c                PROVIDE (__CTOR_LIST__, ABSOLUTE (.))
 *(.ctors)
 *(SORT(.ctors.*))
 .ctors.65535   0x0084759c        0x4 c:/altera/13.0sp1/nios2eds/bin/gnu/h-i686-mingw32/bin/../lib/gcc/nios2-elf/4.1.2/../../../../nios2-elf/lib\libc.a(lib_a-__call_atexit.o)
                0x008475a0                PROVIDE (__CTOR_END__, ABSOLUTE (.))
                0x008475a0                PROVIDE (__DTOR_LIST__, ABSOLUTE (.))
 *(.dtors)
 *(SORT(.dtors.*))
                0x008475a0                PROVIDE (__DTOR_END__, ABSOLUTE (.))
 *(.jcr)
                0x008475a0                . = ALIGN (0x4)

.rodata         0x008475a0     0x41bc
                0x008475a0                PROVIDE (__ram_rodata_start, ABSOLUTE (.))
                0x008475a0                . = ALIGN (0x4)
 *(.rodata .rodata.* .gnu.linkonce.r.*)
 .rodata        0x008475a0       0x60 obj/default/LCD.o
 .rodata        0x00847600       0xa8 obj/default/SSS_DE2_115.o
 .rodata        0x008476a8      0xba4 obj/default/alt_error_handler.o
 .rodata        0x0084824c       0x64 obj/default/dm9000a.o
 .rodata        0x008482b0       0xac obj/default/iniche_init.o
 .rodata        0x0084835c      0x234 obj/default/network_utilities.o
 .rodata        0x00848590      0x2d4 obj/default/simple_socket_server.o
 .rodata        0x00848864       0x14 c:/altera/13.0sp1/nios2eds/bin/gnu/h-i686-mingw32/bin/../lib/gcc/nios2-elf/4.1.2\libgcc.a(_thenan_df.o)
                0x00848864                __thenan_df
 .rodata        0x00848878      0x100 c:/altera/13.0sp1/nios2eds/bin/gnu/h-i686-mingw32/bin/../lib/gcc/nios2-elf/4.1.2\libgcc.a(_clz.o)
                0x00848878                __clz_tab
 .rodata        0x00848978      0x281 c:/altera/13.0sp1/nios2eds/bin/gnu/h-i686-mingw32/bin/../lib/gcc/nios2-elf/4.1.2/../../../../nios2-elf/lib\libc.a(lib_a-ctype_.o)
                0x00848978                _ctype_
 *fill*         0x00848bf9        0x3 00
 .rodata.str1.4
                0x00848bfc        0x2 c:/altera/13.0sp1/nios2eds/bin/gnu/h-i686-mingw32/bin/../lib/gcc/nios2-elf/4.1.2/../../../../nios2-elf/lib\libc.a(lib_a-impure.o)
                                  0x4 (size before relaxing)
 *fill*         0x00848bfe        0x2 00
 .rodata.str1.4
                0x00848c00        0x3 c:/altera/13.0sp1/nios2eds/bin/gnu/h-i686-mingw32/bin/../lib/gcc/nios2-elf/4.1.2/../../../../nios2-elf/lib\libc.a(lib_a-perror.o)
                                  0x4 (size before relaxing)
 *fill*         0x00848c03        0x1 00
 .rodata.str1.4
                0x00848c04        0x2 c:/altera/13.0sp1/nios2eds/bin/gnu/h-i686-mingw32/bin/../lib/gcc/nios2-elf/4.1.2/../../../../nios2-elf/lib\libc.a(lib_a-puts.o)
                                  0x4 (size before relaxing)
 *fill*         0x00848c06        0x2 00
 .rodata.str1.4
                0x00848c08      0x7a2 c:/altera/13.0sp1/nios2eds/bin/gnu/h-i686-mingw32/bin/../lib/gcc/nios2-elf/4.1.2/../../../../nios2-elf/lib\libc.a(lib_a-strerror.o)
                                0x7a8 (size before relaxing)
 *fill*         0x008493aa        0x2 00
 .rodata.str1.4
                0x008493ac       0x5e c:/altera/13.0sp1/nios2eds/bin/gnu/h-i686-mingw32/bin/../lib/gcc/nios2-elf/4.1.2/../../../../nios2-elf/lib\libc.a(lib_a-vfprintf.o)
                                 0x60 (size before relaxing)
 .rodata        0x0084940a       0x20 c:/altera/13.0sp1/nios2eds/bin/gnu/h-i686-mingw32/bin/../lib/gcc/nios2-elf/4.1.2/../../../../nios2-elf/lib\libc.a(lib_a-vfprintf.o)
 *fill*         0x0084942a        0x2 00
 .rodata.str1.4
                0x0084942c       0x10 c:/altera/13.0sp1/nios2eds/bin/gnu/h-i686-mingw32/bin/../lib/gcc/nios2-elf/4.1.2/../../../../nios2-elf/lib\libc.a(lib_a-dtoa.o)
                                 0x14 (size before relaxing)
 .rodata.str1.4
                0x0084943c       0x10 c:/altera/13.0sp1/nios2eds/bin/gnu/h-i686-mingw32/bin/../lib/gcc/nios2-elf/4.1.2/../../../../nios2-elf/lib\libc.a(lib_a-locale.o)
                                 0x18 (size before relaxing)
 .rodata        0x0084944c       0x30 c:/altera/13.0sp1/nios2eds/bin/gnu/h-i686-mingw32/bin/../lib/gcc/nios2-elf/4.1.2/../../../../nios2-elf/lib\libc.a(lib_a-locale.o)
 .rodata        0x0084947c      0x124 c:/altera/13.0sp1/nios2eds/bin/gnu/h-i686-mingw32/bin/../lib/gcc/nios2-elf/4.1.2/../../../../nios2-elf/lib\libc.a(lib_a-mprec.o)
                0x0084947c                __mprec_tens
                0x00849544                __mprec_bigtens
                0x0084956c                __mprec_tinytens
 .rodata        0x008495a0       0x14 ../server1_bsp/\libucosii_bsp.a(alt_main.o)
 .rodata        0x008495b4      0x120 ../server1_bsp/\libucosii_bsp.a(os_core.o)
                0x008495b4                OSUnMapTbl
 .rodata        0x008496d4       0x60 ../server1_bsp/\libucosii_bsp.a(alt_sys_init.o)
 .rodata        0x00849734       0xd8 ../server1_bsp/\libucosii_bsp.a(ipnet.o)
 .rodata        0x0084980c       0xec ../server1_bsp/\libucosii_bsp.a(ipstart.o)
 .rodata        0x008498f8      0x54c ../server1_bsp/\libucosii_bsp.a(igmp_cmn.o)
 .rodata        0x00849e44       0xb8 ../server1_bsp/\libucosii_bsp.a(in_utils.o)
 .rodata        0x00849efc       0x34 ../server1_bsp/\libucosii_bsp.a(netmain.o)
 .rodata        0x00849f30       0x94 ../server1_bsp/\libucosii_bsp.a(parseip.o)
 .rodata        0x00849fc4      0x1a8 ../server1_bsp/\libucosii_bsp.a(tk_crnos.o)
 .rodata        0x0084a16c        0x8 ../server1_bsp/\libucosii_bsp.a(dhcpclnt.o)
 .rodata        0x0084a174      0x118 ../server1_bsp/\libucosii_bsp.a(pktalloc.o)
 .rodata        0x0084a28c       0x84 ../server1_bsp/\libucosii_bsp.a(udp_open.o)
 .rodata        0x0084a310       0x2c ../server1_bsp/\libucosii_bsp.a(brdutils.o)
 .rodata        0x0084a33c      0x26c ../server1_bsp/\libucosii_bsp.a(osportco.o)
 .rodata        0x0084a5a8       0xa0 ../server1_bsp/\libucosii_bsp.a(targnios.o)
 .rodata        0x0084a648       0x90 ../server1_bsp/\libucosii_bsp.a(nptcp.o)
 .rodata        0x0084a6d8        0x8 ../server1_bsp/\libucosii_bsp.a(sockcall.o)
 .rodata        0x0084a6e0       0x50 ../server1_bsp/\libucosii_bsp.a(socket.o)
 .rodata        0x0084a730       0x40 ../server1_bsp/\libucosii_bsp.a(socket2.o)
 .rodata        0x0084a770       0x20 ../server1_bsp/\libucosii_bsp.a(tcp_in.o)
 .rodata        0x0084a790       0x40 ../server1_bsp/\libucosii_bsp.a(tcp_out.o)
 .rodata        0x0084a7d0       0x24 ../server1_bsp/\libucosii_bsp.a(tcp_subr.o)
 .rodata        0x0084a7f4       0x2c ../server1_bsp/\libucosii_bsp.a(tcp_usr.o)
 .rodata        0x0084a820        0xc ../server1_bsp/\libucosii_bsp.a(alt_dev.o)
 .rodata        0x0084a82c        0x4 ../server1_bsp/\libucosii_bsp.a(os_cpu_c.o)
 .rodata        0x0084a830      0x1d4 ../server1_bsp/\libucosii_bsp.a(allports.o)
 .rodata        0x0084aa04       0x34 ../server1_bsp/\libucosii_bsp.a(tk_misc.o)
 .rodata        0x0084aa38       0x44 ../server1_bsp/\libucosii_bsp.a(et_arp.o)
 .rodata        0x0084aa7c      0x1dc ../server1_bsp/\libucosii_bsp.a(ip.o)
 .rodata        0x0084ac58      0x158 ../server1_bsp/\libucosii_bsp.a(ip_reasm.o)
 .rodata        0x0084adb0      0x120 ../server1_bsp/\libucosii_bsp.a(ipdemux.o)
 .rodata        0x0084aed0       0x34 ../server1_bsp/\libucosii_bsp.a(ipport.o)
 .rodata        0x0084af04       0x24 ../server1_bsp/\libucosii_bsp.a(ipraw.o)
 .rodata        0x0084af28       0x38 ../server1_bsp/\libucosii_bsp.a(iproute.o)
 .rodata        0x0084af60       0xe8 ../server1_bsp/\libucosii_bsp.a(udp.o)
 .rodata        0x0084b048      0x2d0 ../server1_bsp/\libucosii_bsp.a(u_mctest.o)
 .rodata        0x0084b318       0xf8 ../server1_bsp/\libucosii_bsp.a(dhcsetup.o)
 .rodata        0x0084b410       0x34 ../server1_bsp/\libucosii_bsp.a(vfsfiles.o)
 .rodata        0x0084b444      0x318 ../server1_bsp/\libucosii_bsp.a(icmp.o)
 *(.rodata1)
                0x0084b75c                . = ALIGN (0x4)
                0x0084b75c                PROVIDE (__ram_rodata_end, ABSOLUTE (.))
                0x008475a0                PROVIDE (__flash_rodata_start, LOADADDR (.rodata))

.rwdata         0x0084b75c     0x213c
                0x0084b75c                PROVIDE (__ram_rwdata_start, ABSOLUTE (.))
                0x0084b75c                . = ALIGN (0x4)
 *(.got.plt)
 *(.got)
 *(.data1)
 *(.data .data.* .gnu.linkonce.d.*)
 .data          0x0084b75c        0x0 ../server1_bsp//obj/HAL/src/crt0.o
 .data          0x0084b75c        0x0 obj/default/LCD.o
 .data          0x0084b75c        0x0 obj/default/SSS_DE2_115.o
 .data          0x0084b75c        0x0 obj/default/alt_error_handler.o
 .data          0x0084b75c        0x0 obj/default/dm9000a.o
 .data          0x0084b75c       0x18 obj/default/iniche_init.o
                0x0084b75c                ssstask
 .data          0x0084b774        0x0 obj/default/led.o
 .data          0x0084b774        0x0 obj/default/network_utilities.o
 .data          0x0084b774        0x0 obj/default/simple_socket_server.o
 .data          0x0084b774        0x0 obj/default/tse_my_system.o
 .data          0x0084b774        0x0 c:/altera/13.0sp1/nios2eds/bin/gnu/h-i686-mingw32/bin/../lib/gcc/nios2-elf/4.1.2\libgcc.a(_fixunsdfsi.o)
 .data          0x0084b774        0x0 c:/altera/13.0sp1/nios2eds/bin/gnu/h-i686-mingw32/bin/../lib/gcc/nios2-elf/4.1.2\libgcc.a(_si_to_sf.o)
 .data          0x0084b774        0x0 c:/altera/13.0sp1/nios2eds/bin/gnu/h-i686-mingw32/bin/../lib/gcc/nios2-elf/4.1.2\libgcc.a(_sf_to_si.o)
 .data          0x0084b774        0x0 c:/altera/13.0sp1/nios2eds/bin/gnu/h-i686-mingw32/bin/../lib/gcc/nios2-elf/4.1.2\libgcc.a(_usi_to_sf.o)
 .data          0x0084b774        0x0 c:/altera/13.0sp1/nios2eds/bin/gnu/h-i686-mingw32/bin/../lib/gcc/nios2-elf/4.1.2\libgcc.a(_addsub_df.o)
 .data          0x0084b774        0x0 c:/altera/13.0sp1/nios2eds/bin/gnu/h-i686-mingw32/bin/../lib/gcc/nios2-elf/4.1.2\libgcc.a(_mul_df.o)
 .data          0x0084b774        0x0 c:/altera/13.0sp1/nios2eds/bin/gnu/h-i686-mingw32/bin/../lib/gcc/nios2-elf/4.1.2\libgcc.a(_ge_df.o)
 .data          0x0084b774        0x0 c:/altera/13.0sp1/nios2eds/bin/gnu/h-i686-mingw32/bin/../lib/gcc/nios2-elf/4.1.2\libgcc.a(_df_to_si.o)
 .data          0x0084b774        0x0 c:/altera/13.0sp1/nios2eds/bin/gnu/h-i686-mingw32/bin/../lib/gcc/nios2-elf/4.1.2\libgcc.a(_thenan_df.o)
 .data          0x0084b774        0x0 c:/altera/13.0sp1/nios2eds/bin/gnu/h-i686-mingw32/bin/../lib/gcc/nios2-elf/4.1.2\libgcc.a(_usi_to_df.o)
 .data          0x0084b774        0x0 c:/altera/13.0sp1/nios2eds/bin/gnu/h-i686-mingw32/bin/../lib/gcc/nios2-elf/4.1.2\libgcc.a(_muldi3.o)
 .data          0x0084b774        0x0 c:/altera/13.0sp1/nios2eds/bin/gnu/h-i686-mingw32/bin/../lib/gcc/nios2-elf/4.1.2\libgcc.a(_clzsi2.o)
 .data          0x0084b774        0x0 c:/altera/13.0sp1/nios2eds/bin/gnu/h-i686-mingw32/bin/../lib/gcc/nios2-elf/4.1.2\libgcc.a(_pack_sf.o)
 .data          0x0084b774        0x0 c:/altera/13.0sp1/nios2eds/bin/gnu/h-i686-mingw32/bin/../lib/gcc/nios2-elf/4.1.2\libgcc.a(_unpack_sf.o)
 .data          0x0084b774        0x0 c:/altera/13.0sp1/nios2eds/bin/gnu/h-i686-mingw32/bin/../lib/gcc/nios2-elf/4.1.2\libgcc.a(_pack_df.o)
 .data          0x0084b774        0x0 c:/altera/13.0sp1/nios2eds/bin/gnu/h-i686-mingw32/bin/../lib/gcc/nios2-elf/4.1.2\libgcc.a(_unpack_df.o)
 .data          0x0084b774        0x0 c:/altera/13.0sp1/nios2eds/bin/gnu/h-i686-mingw32/bin/../lib/gcc/nios2-elf/4.1.2\libgcc.a(_fpcmp_parts_df.o)
 .data          0x0084b774        0x0 c:/altera/13.0sp1/nios2eds/bin/gnu/h-i686-mingw32/bin/../lib/gcc/nios2-elf/4.1.2\libgcc.a(_clz.o)
 .data          0x0084b774        0x0 c:/altera/13.0sp1/nios2eds/bin/gnu/h-i686-mingw32/bin/../lib/gcc/nios2-elf/4.1.2/../../../../nios2-elf/lib\libc.a(lib_a-ctype_.o)
 .data          0x0084b774        0x0 c:/altera/13.0sp1/nios2eds/bin/gnu/h-i686-mingw32/bin/../lib/gcc/nios2-elf/4.1.2/../../../../nios2-elf/lib\libc.a(lib_a-exit.o)
 .data          0x0084b774        0x0 c:/altera/13.0sp1/nios2eds/bin/gnu/h-i686-mingw32/bin/../lib/gcc/nios2-elf/4.1.2/../../../../nios2-elf/lib\libc.a(lib_a-fprintf.o)
 .data          0x0084b774        0x0 c:/altera/13.0sp1/nios2eds/bin/gnu/h-i686-mingw32/bin/../lib/gcc/nios2-elf/4.1.2/../../../../nios2-elf/lib\libc.a(lib_a-fwrite.o)
 .data          0x0084b774        0x0 c:/altera/13.0sp1/nios2eds/bin/gnu/h-i686-mingw32/bin/../lib/gcc/nios2-elf/4.1.2/../../../../nios2-elf/lib\libc.a(lib_a-getc.o)
 .data          0x0084b774      0x400 c:/altera/13.0sp1/nios2eds/bin/gnu/h-i686-mingw32/bin/../lib/gcc/nios2-elf/4.1.2/../../../../nios2-elf/lib\libc.a(lib_a-impure.o)
 .data          0x0084bb74        0x0 c:/altera/13.0sp1/nios2eds/bin/gnu/h-i686-mingw32/bin/../lib/gcc/nios2-elf/4.1.2/../../../../nios2-elf/lib\libc.a(lib_a-memcpy.o)
 .data          0x0084bb74        0x0 c:/altera/13.0sp1/nios2eds/bin/gnu/h-i686-mingw32/bin/../lib/gcc/nios2-elf/4.1.2/../../../../nios2-elf/lib\libc.a(lib_a-memmove.o)
 .data          0x0084bb74        0x0 c:/altera/13.0sp1/nios2eds/bin/gnu/h-i686-mingw32/bin/../lib/gcc/nios2-elf/4.1.2/../../../../nios2-elf/lib\libc.a(lib_a-memset.o)
 .data          0x0084bb74        0x0 c:/altera/13.0sp1/nios2eds/bin/gnu/h-i686-mingw32/bin/../lib/gcc/nios2-elf/4.1.2/../../../../nios2-elf/lib\libc.a(lib_a-perror.o)
 .data          0x0084bb74        0x0 c:/altera/13.0sp1/nios2eds/bin/gnu/h-i686-mingw32/bin/../lib/gcc/nios2-elf/4.1.2/../../../../nios2-elf/lib\libc.a(lib_a-printf.o)
 .data          0x0084bb74        0x0 c:/altera/13.0sp1/nios2eds/bin/gnu/h-i686-mingw32/bin/../lib/gcc/nios2-elf/4.1.2/../../../../nios2-elf/lib\libc.a(lib_a-putc.o)
 .data          0x0084bb74        0x0 c:/altera/13.0sp1/nios2eds/bin/gnu/h-i686-mingw32/bin/../lib/gcc/nios2-elf/4.1.2/../../../../nios2-elf/lib\libc.a(lib_a-putchar.o)
 .data          0x0084bb74        0x0 c:/altera/13.0sp1/nios2eds/bin/gnu/h-i686-mingw32/bin/../lib/gcc/nios2-elf/4.1.2/../../../../nios2-elf/lib\libc.a(lib_a-puts.o)
 .data          0x0084bb74        0x0 c:/altera/13.0sp1/nios2eds/bin/gnu/h-i686-mingw32/bin/../lib/gcc/nios2-elf/4.1.2/../../../../nios2-elf/lib\libc.a(lib_a-rget.o)
 .data          0x0084bb74        0x0 c:/altera/13.0sp1/nios2eds/bin/gnu/h-i686-mingw32/bin/../lib/gcc/nios2-elf/4.1.2/../../../../nios2-elf/lib\libc.a(lib_a-sprintf.o)
 .data          0x0084bb74        0x0 c:/altera/13.0sp1/nios2eds/bin/gnu/h-i686-mingw32/bin/../lib/gcc/nios2-elf/4.1.2/../../../../nios2-elf/lib\libc.a(lib_a-strchr.o)
 .data          0x0084bb74        0x0 c:/altera/13.0sp1/nios2eds/bin/gnu/h-i686-mingw32/bin/../lib/gcc/nios2-elf/4.1.2/../../../../nios2-elf/lib\libc.a(lib_a-strerror.o)
 .data          0x0084bb74        0x0 c:/altera/13.0sp1/nios2eds/bin/gnu/h-i686-mingw32/bin/../lib/gcc/nios2-elf/4.1.2/../../../../nios2-elf/lib\libc.a(lib_a-strlen.o)
 .data          0x0084bb74        0x0 c:/altera/13.0sp1/nios2eds/bin/gnu/h-i686-mingw32/bin/../lib/gcc/nios2-elf/4.1.2/../../../../nios2-elf/lib\libc.a(lib_a-u_strerr.o)
 .data          0x0084bb74        0x0 c:/altera/13.0sp1/nios2eds/bin/gnu/h-i686-mingw32/bin/../lib/gcc/nios2-elf/4.1.2/../../../../nios2-elf/lib\libc.a(lib_a-vfprintf.o)
 .data          0x0084bb74        0x0 c:/altera/13.0sp1/nios2eds/bin/gnu/h-i686-mingw32/bin/../lib/gcc/nios2-elf/4.1.2/../../../../nios2-elf/lib\libc.a(lib_a-wbuf.o)
 .data          0x0084bb74        0x0 c:/altera/13.0sp1/nios2eds/bin/gnu/h-i686-mingw32/bin/../lib/gcc/nios2-elf/4.1.2/../../../../nios2-elf/lib\libc.a(lib_a-wsetup.o)
 .data          0x0084bb74        0x0 c:/altera/13.0sp1/nios2eds/bin/gnu/h-i686-mingw32/bin/../lib/gcc/nios2-elf/4.1.2/../../../../nios2-elf/lib\libc.a(lib_a-__call_atexit.o)
 .data          0x0084bb74        0x0 c:/altera/13.0sp1/nios2eds/bin/gnu/h-i686-mingw32/bin/../lib/gcc/nios2-elf/4.1.2/../../../../nios2-elf/lib\libc.a(lib_a-dtoa.o)
 .data          0x0084bb74        0x0 c:/altera/13.0sp1/nios2eds/bin/gnu/h-i686-mingw32/bin/../lib/gcc/nios2-elf/4.1.2/../../../../nios2-elf/lib\libc.a(lib_a-fflush.o)
 .data          0x0084bb74        0x0 c:/altera/13.0sp1/nios2eds/bin/gnu/h-i686-mingw32/bin/../lib/gcc/nios2-elf/4.1.2/../../../../nios2-elf/lib\libc.a(lib_a-findfp.o)
 .data          0x0084bb74        0x0 c:/altera/13.0sp1/nios2eds/bin/gnu/h-i686-mingw32/bin/../lib/gcc/nios2-elf/4.1.2/../../../../nios2-elf/lib\libc.a(lib_a-fputc.o)
 .data          0x0084bb74        0x0 c:/altera/13.0sp1/nios2eds/bin/gnu/h-i686-mingw32/bin/../lib/gcc/nios2-elf/4.1.2/../../../../nios2-elf/lib\libc.a(lib_a-fputs.o)
 .data          0x0084bb74        0x0 c:/altera/13.0sp1/nios2eds/bin/gnu/h-i686-mingw32/bin/../lib/gcc/nios2-elf/4.1.2/../../../../nios2-elf/lib\libc.a(lib_a-freer.o)
 .data          0x0084bb74        0x0 c:/altera/13.0sp1/nios2eds/bin/gnu/h-i686-mingw32/bin/../lib/gcc/nios2-elf/4.1.2/../../../../nios2-elf/lib\libc.a(lib_a-fvwrite.o)
 .data          0x0084bb74        0x0 c:/altera/13.0sp1/nios2eds/bin/gnu/h-i686-mingw32/bin/../lib/gcc/nios2-elf/4.1.2/../../../../nios2-elf/lib\libc.a(lib_a-fwalk.o)